Component: ARM Compiler 5.06 update 7 (build 960) Tool: armlink [4d3601]

==============================================================================

Section Cross References

    startup_stm32f427xx.o(STACK) refers (Special) to heapauxi.o(.text) for __use_two_region_memory
    startup_stm32f427xx.o(HEAP) refers (Special) to heapauxi.o(.text) for __use_two_region_memory
    startup_stm32f427xx.o(RESET) refers (Special) to heapauxi.o(.text) for __use_two_region_memory
    startup_stm32f427xx.o(RESET) refers to startup_stm32f427xx.o(STACK) for __initial_sp
    startup_stm32f427xx.o(RESET) refers to startup_stm32f427xx.o(.text) for Reset_Handler
    startup_stm32f427xx.o(RESET) refers to stm32f4xx_it.o(i.NMI_Handler) for NMI_Handler
    startup_stm32f427xx.o(RESET) refers to stm32f4xx_it.o(i.HardFault_Handler) for HardFault_Handler
    startup_stm32f427xx.o(RESET) refers to stm32f4xx_it.o(i.MemManage_Handler) for MemManage_Handler
    startup_stm32f427xx.o(RESET) refers to stm32f4xx_it.o(i.BusFault_Handler) for BusFault_Handler
    startup_stm32f427xx.o(RESET) refers to stm32f4xx_it.o(i.UsageFault_Handler) for UsageFault_Handler
    startup_stm32f427xx.o(RESET) refers to stm32f4xx_it.o(i.SVC_Handler) for SVC_Handler
    startup_stm32f427xx.o(RESET) refers to stm32f4xx_it.o(i.DebugMon_Handler) for DebugMon_Handler
    startup_stm32f427xx.o(RESET) refers to stm32f4xx_it.o(i.PendSV_Handler) for PendSV_Handler
    startup_stm32f427xx.o(RESET) refers to stm32f4xx_it.o(i.SysTick_Handler) for SysTick_Handler
    startup_stm32f427xx.o(RESET) refers to stm32f4xx_it.o(i.DMA1_Stream5_IRQHandler) for DMA1_Stream5_IRQHandler
    startup_stm32f427xx.o(RESET) refers to stm32f4xx_it.o(i.DMA1_Stream6_IRQHandler) for DMA1_Stream6_IRQHandler
    startup_stm32f427xx.o(RESET) refers to stm32f4xx_it.o(i.CAN1_RX0_IRQHandler) for CAN1_RX0_IRQHandler
    startup_stm32f427xx.o(RESET) refers to stm32f4xx_it.o(i.CAN1_RX1_IRQHandler) for CAN1_RX1_IRQHandler
    startup_stm32f427xx.o(RESET) refers to stm32f4xx_it.o(i.USART2_IRQHandler) for USART2_IRQHandler
    startup_stm32f427xx.o(RESET) refers to stm32f4xx_it.o(i.TIM6_DAC_IRQHandler) for TIM6_DAC_IRQHandler
    startup_stm32f427xx.o(.text) refers (Special) to heapauxi.o(.text) for __use_two_region_memory
    startup_stm32f427xx.o(.text) refers to system_stm32f4xx.o(i.SystemInit) for SystemInit
    startup_stm32f427xx.o(.text) refers to __main.o(!!!main) for __main
    startup_stm32f427xx.o(.text) refers to startup_stm32f427xx.o(HEAP) for Heap_Mem
    startup_stm32f427xx.o(.text) refers to startup_stm32f427xx.o(STACK) for Stack_Mem
    drv_bsp.o(i._Z11BSP_DC24_LD20Enum_BSP_DC24_Status) refers to stm32f4xx_hal_gpio.o(i.HAL_GPIO_WritePin) for HAL_GPIO_WritePin
    drv_bsp.o(i._Z11BSP_DC24_LU20Enum_BSP_DC24_Status) refers to stm32f4xx_hal_gpio.o(i.HAL_GPIO_WritePin) for HAL_GPIO_WritePin
    drv_bsp.o(i._Z11BSP_DC24_RD20Enum_BSP_DC24_Status) refers to stm32f4xx_hal_gpio.o(i.HAL_GPIO_WritePin) for HAL_GPIO_WritePin
    drv_bsp.o(i._Z11BSP_DC24_RU20Enum_BSP_DC24_Status) refers to stm32f4xx_hal_gpio.o(i.HAL_GPIO_WritePin) for HAL_GPIO_WritePin
    drv_bsp.o(i._Z8BSP_Initjff) refers to drv_bsp.o(i._Z11BSP_DC24_LU20Enum_BSP_DC24_Status) for BSP_DC24_LU(Enum_BSP_DC24_Status)
    drv_bsp.o(i._Z8BSP_Initjff) refers to drv_bsp.o(i._Z11BSP_DC24_LD20Enum_BSP_DC24_Status) for BSP_DC24_LD(Enum_BSP_DC24_Status)
    drv_bsp.o(i._Z8BSP_Initjff) refers to drv_bsp.o(i._Z11BSP_DC24_RU20Enum_BSP_DC24_Status) for BSP_DC24_RU(Enum_BSP_DC24_Status)
    drv_bsp.o(i._Z8BSP_Initjff) refers to drv_bsp.o(i._Z11BSP_DC24_RD20Enum_BSP_DC24_Status) for BSP_DC24_RD(Enum_BSP_DC24_Status)
    drv_bsp.o(i._Z9BSP_LED_119Enum_BSP_LED_Status) refers to stm32f4xx_hal_gpio.o(i.HAL_GPIO_WritePin) for HAL_GPIO_WritePin
    drv_bsp.o(i._Z9BSP_LED_219Enum_BSP_LED_Status) refers to stm32f4xx_hal_gpio.o(i.HAL_GPIO_WritePin) for HAL_GPIO_WritePin
    drv_bsp.o(i._Z9BSP_LED_319Enum_BSP_LED_Status) refers to stm32f4xx_hal_gpio.o(i.HAL_GPIO_WritePin) for HAL_GPIO_WritePin
    drv_bsp.o(i._Z9BSP_LED_419Enum_BSP_LED_Status) refers to stm32f4xx_hal_gpio.o(i.HAL_GPIO_WritePin) for HAL_GPIO_WritePin
    drv_bsp.o(i._Z9BSP_LED_519Enum_BSP_LED_Status) refers to stm32f4xx_hal_gpio.o(i.HAL_GPIO_WritePin) for HAL_GPIO_WritePin
    drv_bsp.o(i._Z9BSP_LED_619Enum_BSP_LED_Status) refers to stm32f4xx_hal_gpio.o(i.HAL_GPIO_WritePin) for HAL_GPIO_WritePin
    drv_bsp.o(i._Z9BSP_LED_719Enum_BSP_LED_Status) refers to stm32f4xx_hal_gpio.o(i.HAL_GPIO_WritePin) for HAL_GPIO_WritePin
    drv_bsp.o(i._Z9BSP_LED_819Enum_BSP_LED_Status) refers to stm32f4xx_hal_gpio.o(i.HAL_GPIO_WritePin) for HAL_GPIO_WritePin
    drv_bsp.o(i._Z9BSP_LED_G19Enum_BSP_LED_Status) refers to stm32f4xx_hal_gpio.o(i.HAL_GPIO_WritePin) for HAL_GPIO_WritePin
    drv_bsp.o(i._Z9BSP_LED_R19Enum_BSP_LED_Status) refers to stm32f4xx_hal_gpio.o(i.HAL_GPIO_WritePin) for HAL_GPIO_WritePin
[...]
    ../mathlib/fpclassifyf.c                 0x00000000   Number         0  fpclassifyf.o ABSOLUTE
    ../mathlib/funder.c                      0x00000000   Number         0  funder.o ABSOLUTE
    ../mathlib/powf.c                        0x00000000   Number         0  powf.o ABSOLUTE
    ../mathlib/powf.c                        0x00000000   Number         0  powf_x.o ABSOLUTE
    ../mathlib/rredf.c                       0x00000000   Number         0  rredf.o ABSOLUTE
    ../mathlib/sinf.c                        0x00000000   Number         0  sinf_x.o ABSOLUTE
    ../mathlib/sinf.c                        0x00000000   Number         0  sinf.o ABSOLUTE
    ..\Core\Src\can.c                        0x00000000   Number         0  can.o ABSOLUTE
    ..\Core\Src\dma.c                        0x00000000   Number         0  dma.o ABSOLUTE
    ..\Core\Src\gpio.c                       0x00000000   Number         0  gpio.o ABSOLUTE
    ..\Core\Src\main.c                       0x00000000   Number         0  main.o ABSOLUTE
    ..\Core\Src\stm32f4xx_hal_msp.c          0x00000000   Number         0  stm32f4xx_hal_msp.o ABSOLUTE
    ..\Core\Src\stm32f4xx_it.c               0x00000000   Number         0  stm32f4xx_it.o ABSOLUTE
    ..\Core\Src\system_stm32f4xx.c           0x00000000   Number         0  system_stm32f4xx.o ABSOLUTE
    ..\Core\Src\tim.c                        0x00000000   Number         0  tim.o ABSOLUTE
    ..\Core\Src\usart.c                      0x00000000   Number         0  usart.o ABSOLUTE
    ..\Drivers\STM32F4xx_HAL_Driver\Src\stm32f4xx_hal.c 0x00000000   Number         0  stm32f4xx_hal.o ABSOLUTE
    ..\Drivers\STM32F4xx_HAL_Driver\Src\stm32f4xx_hal_can.c 0x00000000   Number         0  stm32f4xx_hal_can.o ABSOLUTE
    ..\Drivers\STM32F4xx_HAL_Driver\Src\stm32f4xx_hal_cortex.c 0x00000000   Number         0  stm32f4xx_hal_cortex.o ABSOLUTE
    ..\Drivers\STM32F4xx_HAL_Driver\Src\stm32f4xx_hal_dma.c 0x00000000   Number         0  stm32f4xx_hal_dma.o ABSOLUTE
    ..\Drivers\STM32F4xx_HAL_Driver\Src\stm32f4xx_hal_dma_ex.c 0x00000000   Number         0  stm32f4xx_hal_dma_ex.o ABSOLUTE
    ..\Drivers\STM32F4xx_HAL_Driver\Src\stm32f4xx_hal_exti.c 0x00000000   Number         0  stm32f4xx_hal_exti.o ABSOLUTE
    ..\Drivers\STM32F4xx_HAL_Driver\Src\stm32f4xx_hal_flash.c 0x00000000   Number         0  stm32f4xx_hal_flash.o ABSOLUTE
    ..\Drivers\STM32F4xx_HAL_Driver\Src\stm32f4xx_hal_flash_ex.c 0x00000000   Number         0  stm32f4xx_hal_flash_ex.o ABSOLUTE
    ..\Drivers\STM32F4xx_HAL_Driver\Src\stm32f4xx_hal_flash_ramfunc.c 0x00000000   Number         0  stm32f4xx_hal_flash_ramfunc.o ABSOLUTE
    ..\Drivers\STM32F4xx_HAL_Driver\Src\stm32f4xx_hal_gpio.c 0x00000000   Number         0  stm32f4xx_hal_gpio.o ABSOLUTE
    ..\Drivers\STM32F4xx_HAL_Driver\Src\stm32f4xx_hal_pwr.c 0x00000000   Number         0  stm32f4xx_hal_pwr.o ABSOLUTE
    ..\Drivers\STM32F4xx_HAL_Driver\Src\stm32f4xx_hal_pwr_ex.c 0x00000000   Number         0  stm32f4xx_hal_pwr_ex.o ABSOLUTE
    ..\Drivers\STM32F4xx_HAL_Driver\Src\stm32f4xx_hal_rcc.c 0x00000000   Number         0  stm32f4xx_hal_rcc.o ABSOLUTE
    ..\Drivers\STM32F4xx_HAL_Driver\Src\stm32f4xx_hal_rcc_ex.c 0x00000000   Number         0  stm32f4xx_hal_rcc_ex.o ABSOLUTE
    ..\Drivers\STM32F4xx_HAL_Driver\Src\stm32f4xx_hal_tim.c 0x00000000   Number         0  stm32f4xx_hal_tim.o ABSOLUTE
    ..\Drivers\STM32F4xx_HAL_Driver\Src\stm32f4xx_hal_tim_ex.c 0x00000000   Number         0  stm32f4xx_hal_tim_ex.o ABSOLUTE
    ..\Drivers\STM32F4xx_HAL_Driver\Src\stm32f4xx_hal_uart.c 0x00000000   Number         0  stm32f4xx_hal_uart.o ABSOLUTE
    ..\User\alg_pid.cpp                      0x00000000   Number         0  alg_pid.o ABSOLUTE
    ..\User\drv_bsp.c                        0x00000000   Number         0  drv_bsp.o ABSOLUTE
    ..\User\drv_can.c                        0x00000000   Number         0  drv_can.o ABSOLUTE
    ..\User\drv_math.cpp                     0x00000000   Number         0  drv_math.o ABSOLUTE
    ..\User\drv_uart.c                       0x00000000   Number         0  drv_uart.o ABSOLUTE
    ..\User\dvc_serialplot.cpp               0x00000000   Number         0  dvc_serialplot.o ABSOLUTE
    ..\User_tsk\tsk_config_and_callback.cpp  0x00000000   Number         0  tsk_config_and_callback.o ABSOLUTE
    ..\\User\\drv_bsp.c                      0x00000000   Number         0  drv_bsp.o ABSOLUTE
    ..\\User\\drv_can.c                      0x00000000   Number         0  drv_can.o ABSOLUTE
    ..\\User\\drv_uart.c                     0x00000000   Number         0  drv_uart.o ABSOLUTE
    ..\\User\\dvc_serialplot.cpp             0x00000000   Number         0  dvc_serialplot.o ABSOLUTE
    ..\\User_tsk\\tsk_config_and_callback.cpp 0x00000000   Number         0  tsk_config_and_callback.o ABSOLUTE
    dc.s                                     0x00000000   Number         0  dc.o ABSOLUTE
    startup_stm32f427xx.s                    0x00000000   Number         0  startup_stm32f427xx.o ABSOLUTE
    RESET                                    0x08000000   Section      428  startup_stm32f427xx.o(RESET)
    !!!main                                  0x080001ac   Section        8  __main.o(!!!main)
    !!!scatter                               0x080001b4   Section       52  __scatter.o(!!!scatter)
    !!handler_copy                           0x080001e8   Section       26  __scatter_copy.o(!!handler_copy)
    !!handler_zi                             0x08000204   Section       28  __scatter_zi.o(!!handler_zi)
    .ARM.Collect$$libinit$$00000000          0x08000220   Section        2  libinit.o(.ARM.Collect$$libinit$$00000000)
    .ARM.Collect$$libinit$$00000001          0x08000222   Section        4  libinit2.o(.ARM.Collect$$libinit$$00000001)
    .ARM.Collect$$libinit$$00000004          0x08000226   Section        0  libinit2.o(.ARM.Collect$$libinit$$00000004)
    .ARM.Collect$$libinit$$0000000A          0x08000226   Section        0  libinit2.o(.ARM.Collect$$libinit$$0000000A)
    .ARM.Collect$$libinit$$0000000C          0x08000226   Section        0  libinit2.o(.ARM.Collect$$libinit$$0000000C)
    .ARM.Collect$$libinit$$0000000E          0x08000226   Section        0  libinit2.o(.ARM.Collect$$libinit$$0000000E)
    .ARM.Collect$$libinit$$00000011          0x08000226   Section        0  libinit2.o(.ARM.Collect$$libinit$$00000011)
    .ARM.Collect$$libinit$$00000013          0x08000226   Section        0  libinit2.o(.ARM.Collect$$libinit$$00000013)
    .ARM.Collect$$libinit$$00000015          0x08000226   Section        0  libinit2.o(.ARM.Collect$$libinit$$00000015)
    .ARM.Collect$$libinit$$00000017          0x08000226   Section        0  libinit2.o(.ARM.Collect$$libinit$$00000017)
    .ARM.Collect$$libinit$$00000019          0x08000226   Section        0  libinit2.o(.ARM.Collect$$libinit$$00000019)
    .ARM.Collect$$libinit$$0000001B          0x08000226   Section        0  libinit2.o(.ARM.Collect$$libinit$$0000001B)
    .ARM.Collect$$libinit$$0000001D          0x08000226   Section        0  libinit2.o(.ARM.Collect$$libinit$$0000001D)
    .ARM.Collect$$libinit$$0000001F          0x08000226   Section        0  libinit2.o(.ARM.Collect$$libinit$$0000001F)
    .ARM.Collect$$libinit$$00000021          0x08000226   Section        0  libinit2.o(.ARM.Collect$$libinit$$00000021)
    .ARM.Collect$$libinit$$00000023          0x08000226   Section        0  libinit2.o(.ARM.Collect$$libinit$$00000023)
    .ARM.Collect$$libinit$$00000025          0x08000226   Section        0  libinit2.o(.ARM.Collect$$libinit$$00000025)
    .ARM.Collect$$libinit$$0000002C          0x08000226   Section        0  libinit2.o(.ARM.Collect$$libinit$$0000002C)
    .ARM.Collect$$libinit$$0000002E          0x08000226   Section        0  libinit2.o(.ARM.Collect$$libinit$$0000002E)
    .ARM.Collect$$libinit$$00000030          0x08000226   Section        0  libinit2.o(.ARM.Collect$$libinit$$00000030)
    .ARM.Collect$$libinit$$00000032          0x08000226   Section        0  libinit2.o(.ARM.Collect$$libinit$$00000032)
    .ARM.Collect$$libinit$$00000033          0x08000226   Section        2  libinit2.o(.ARM.Collect$$libinit$$00000033)
    .ARM.Collect$$libshutdown$$00000000      0x08000228   Section        2  libshutdown.o(.ARM.Collect$$libshutdown$$00000000)
    .ARM.Collect$$libshutdown$$00000002      0x0800022a   Section        0  libshutdown2.o(.ARM.Collect$$libshutdown$$00000002)
    .ARM.Collect$$libshutdown$$00000004      0x0800022a   Section        0  libshutdown2.o(.ARM.Collect$$libshutdown$$00000004)
    .ARM.Collect$$libshutdown$$00000006      0x0800022a   Section        0  libshutdown2.o(.ARM.Collect$$libshutdown$$00000006)
    .ARM.Collect$$libshutdown$$00000009      0x0800022a   Section        0  libshutdown2.o(.ARM.Collect$$libshutdown$$00000009)
    .ARM.Collect$$libshutdown$$0000000C      0x0800022a   Section        0  libshutdown2.o(.ARM.Collect$$libshutdown$$0000000C)
    .ARM.Collect$$libshutdown$$0000000E      0x0800022a   Section        0  libshutdown2.o(.ARM.Collect$$libshutdown$$0000000E)
    .ARM.Collect$$libshutdown$$00000011      0x0800022a   Section        0  libshutdown2.o(.ARM.Collect$$libshutdown$$00000011)
    .ARM.Collect$$libshutdown$$00000012      0x0800022a   Section        2  libshutdown2.o(.ARM.Collect$$libshutdown$$00000012)
    .ARM.Collect$$rtentry$$00000000          0x0800022c   Section        0  __rtentry.o(.ARM.Collect$$rtentry$$00000000)
    .ARM.Collect$$rtentry$$00000002          0x0800022c   Section        0  __rtentry2.o(.ARM.Collect$$rtentry$$00000002)
    .ARM.Collect$$rtentry$$00000004          0x0800022c   Section        6  __rtentry4.o(.ARM.Collect$$rtentry$$00000004)
    .ARM.Collect$$rtentry$$00000009          0x08000232   Section        0  __rtentry2.o(.ARM.Collect$$rtentry$$00000009)
    .ARM.Collect$$rtentry$$0000000A          0x08000232   Section        4  __rtentry2.o(.ARM.Collect$$rtentry$$0000000A)
    .ARM.Collect$$rtentry$$0000000C          0x08000236   Section        0  __rtentry2.o(.ARM.Collect$$rtentry$$0000000C)
    .ARM.Collect$$rtentry$$0000000D          0x08000236   Section        8  __rtentry2.o(.ARM.Collect$$rtentry$$0000000D)
    .ARM.Collect$$rtexit$$00000000           0x0800023e   Section        2  rtexit.o(.ARM.Collect$$rtexit$$00000000)
    .ARM.Collect$$rtexit$$00000002           0x08000240   Section        0  rtexit2.o(.ARM.Collect$$rtexit$$00000002)
    .ARM.Collect$$rtexit$$00000003           0x08000240   Section        4  rtexit2.o(.ARM.Collect$$rtexit$$00000003)
    .ARM.Collect$$rtexit$$00000004           0x08000244   Section        6  rtexit2.o(.ARM.Collect$$rtexit$$00000004)
    .text                                    0x0800024c   Section       64  startup_stm32f427xx.o(.text)
    $v0                                      0x0800024c   Number         0  startup_stm32f427xx.o(.text)
    .text                                    0x0800028c   Section      238  lludivv7m.o(.text)
    .text                                    0x0800037a   Section       78  rt_memclr_w.o(.text)
    .text                                    0x080003c8   Section        0  heapauxi.o(.text)
    .text                                    0x080003d0   Section        8  libspace.o(.text)
    .text                                    0x080003d8   Section       74  sys_stackheap_outer.o(.text)
    .text                                    0x08000422   Section        0  exit.o(.text)
    .text                                    0x08000434   Section        0  sys_exit.o(.text)
    .text                                    0x08000440   Section        2  use_no_semi.o(.text)
    .text                                    0x08000442   Section        0  indicate_semi.o(.text)
    i.BusFault_Handler                       0x08000442   Section        0  stm32f4xx_it.o(i.BusFault_Handler)
    i.CAN1_RX0_IRQHandler                    0x08000448   Section        0  stm32f4xx_it.o(i.CAN1_RX0_IRQHandler)
    i.CAN1_RX1_IRQHandler                    0x08000458   Section        0  stm32f4xx_it.o(i.CAN1_RX1_IRQHandler)
    i.DMA1_Stream5_IRQHandler                0x08000468   Section        0  stm32f4xx_it.o(i.DMA1_Stream5_IRQHandler)
    i.DMA1_Stream6_IRQHandler                0x08000478   Section        0  stm32f4xx_it.o(i.DMA1_Stream6_IRQHandler)
    i.DebugMon_Handler                       0x08000488   Section        0  stm32f4xx_it.o(i.DebugMon_Handler)
    i.Error_Handler                          0x0800048a   Section        0  main.o(i.Error_Handler)
    i.HAL_CAN_ConfigFilter                   0x08000490   Section        0  stm32f4xx_hal_can.o(i.HAL_CAN_ConfigFilter)
    i.HAL_CAN_ErrorCallback                  0x080005b4   Section        0  stm32f4xx_hal_can.o(i.HAL_CAN_ErrorCallback)
    i.HAL_CAN_GetRxMessage                   0x080005b6   Section        0  stm32f4xx_hal_can.o(i.HAL_CAN_GetRxMessage)
    i.HAL_CAN_IRQHandler                     0x08000730   Section        0  stm32f4xx_hal_can.o(i.HAL_CAN_IRQHandler)
    i.HAL_CAN_Init                           0x0800097e   Section        0  stm32f4xx_hal_can.o(i.HAL_CAN_Init)
    i.HAL_CAN_MspInit                        0x08000af4   Section        0  can.o(i.HAL_CAN_MspInit)
    i.HAL_CAN_RxFifo0FullCallback            0x08000b9c   Section        0  stm32f4xx_hal_can.o(i.HAL_CAN_RxFifo0FullCallback)
    i.HAL_CAN_RxFifo0MsgPendingCallback      0x08000ba0   Section        0  drv_can.o(i.HAL_CAN_RxFifo0MsgPendingCallback)
    i.HAL_CAN_RxFifo1FullCallback            0x08000bf8   Section        0  stm32f4xx_hal_can.o(i.HAL_CAN_RxFifo1FullCallback)
    i.HAL_CAN_RxFifo1MsgPendingCallback      0x08000bfc   Section        0  drv_can.o(i.HAL_CAN_RxFifo1MsgPendingCallback)
    i.HAL_CAN_SleepCallback                  0x08000c54   Section        0  stm32f4xx_hal_can.o(i.HAL_CAN_SleepCallback)
    i.HAL_CAN_Start                          0x08000c56   Section        0  stm32f4xx_hal_can.o(i.HAL_CAN_Start)
    i.HAL_CAN_TxMailbox0AbortCallback        0x08000cb4   Section        0  stm32f4xx_hal_can.o(i.HAL_CAN_TxMailbox0AbortCallback)
    i.HAL_CAN_TxMailbox0CompleteCallback     0x08000cb6   Section        0  stm32f4xx_hal_can.o(i.HAL_CAN_TxMailbox0CompleteCallback)
    i.HAL_CAN_TxMailbox1AbortCallback        0x08000cb8   Section        0  stm32f4xx_hal_can.o(i.HAL_CAN_TxMailbox1AbortCallback)
    i.HAL_CAN_TxMailbox1CompleteCallback     0x08000cba   Section        0  stm32f4xx_hal_can.o(i.HAL_CAN_TxMailbox1CompleteCallback)
    i.HAL_CAN_TxMailbox2AbortCallback        0x08000cbc   Section        0  stm32f4xx_hal_can.o(i.HAL_CAN_TxMailbox2AbortCallback)
    i.HAL_CAN_TxMailbox2CompleteCallback     0x08000cbe   Section        0  stm32f4xx_hal_can.o(i.HAL_CAN_TxMailbox2CompleteCallback)
    i.HAL_CAN_WakeUpFromRxMsgCallback        0x08000cc0   Section        0  stm32f4xx_hal_can.o(i.HAL_CAN_WakeUpFromRxMsgCallback)
    i.HAL_DMA_Abort                          0x08000cc2   Section        0  stm32f4xx_hal_dma.o(i.HAL_DMA_Abort)
    i.HAL_DMA_Abort_IT                       0x08000d6e   Section        0  stm32f4xx_hal_dma.o(i.HAL_DMA_Abort_IT)
    i.HAL_DMA_IRQHandler                     0x08000d98   Section        0  stm32f4xx_hal_dma.o(i.HAL_DMA_IRQHandler)
    i.HAL_DMA_Init                           0x08000fd8   Section        0  stm32f4xx_hal_dma.o(i.HAL_DMA_Init)
    i.HAL_DMA_Start_IT                       0x080010c4   Section        0  stm32f4xx_hal_dma.o(i.HAL_DMA_Start_IT)
    i.HAL_GPIO_Init                          0x08001158   Section        0  stm32f4xx_hal_gpio.o(i.HAL_GPIO_Init)
    i.HAL_GPIO_WritePin                      0x08001368   Section        0  stm32f4xx_hal_gpio.o(i.HAL_GPIO_WritePin)
    i.HAL_GetTick                            0x08001374   Section        0  stm32f4xx_hal.o(i.HAL_GetTick)
    i.HAL_IncTick                            0x08001380   Section        0  stm32f4xx_hal.o(i.HAL_IncTick)
    i.HAL_Init                               0x08001398   Section        0  stm32f4xx_hal.o(i.HAL_Init)
    i.HAL_InitTick                           0x080013d4   Section        0  stm32f4xx_hal.o(i.HAL_InitTick)
    i.HAL_MspInit                            0x08001420   Section        0  stm32f4xx_hal_msp.o(i.HAL_MspInit)
    i.HAL_NVIC_EnableIRQ                     0x08001468   Section        0  stm32f4xx_hal_cortex.o(i.HAL_NVIC_EnableIRQ)
    i.HAL_NVIC_SetPriority                   0x08001488   Section        0  stm32f4xx_hal_cortex.o(i.HAL_NVIC_SetPriority)
    i.HAL_NVIC_SetPriorityGrouping           0x08001504   Section        0  stm32f4xx_hal_cortex.o(i.HAL_NVIC_SetPriorityGrouping)
    i.HAL_PWREx_EnableOverDrive              0x0800152c   Section        0  stm32f4xx_hal_pwr_ex.o(i.HAL_PWREx_EnableOverDrive)
    i.HAL_RCC_ClockConfig                    0x080015b8   Section        0  stm32f4xx_hal_rcc.o(i.HAL_RCC_ClockConfig)
    i.HAL_RCC_GetHCLKFreq                    0x0800173c   Section        0  stm32f4xx_hal_rcc.o(i.HAL_RCC_GetHCLKFreq)
    i.HAL_RCC_GetPCLK1Freq                   0x08001748   Section        0  stm32f4xx_hal_rcc.o(i.HAL_RCC_GetPCLK1Freq)
    i.HAL_RCC_GetPCLK2Freq                   0x08001768   Section        0  stm32f4xx_hal_rcc.o(i.HAL_RCC_GetPCLK2Freq)
    i.HAL_RCC_GetSysClockFreq                0x08001788   Section        0  stm32f4xx_hal_rcc.o(i.HAL_RCC_GetSysClockFreq)
    i.HAL_RCC_OscConfig                      0x08001838   Section        0  stm32f4xx_hal_rcc.o(i.HAL_RCC_OscConfig)
    i.HAL_SYSTICK_Config                     0x08001cd4   Section        0  stm32f4xx_hal_cortex.o(i.HAL_SYSTICK_Config)
    i.HAL_TIMEx_BreakCallback                0x08001d08   Section        0  stm32f4xx_hal_tim_ex.o(i.HAL_TIMEx_BreakCallback)
    i.HAL_TIMEx_CommutCallback               0x08001d0a   Section        0  stm32f4xx_hal_tim_ex.o(i.HAL_TIMEx_CommutCallback)
    i.HAL_TIMEx_MasterConfigSynchronization  0x08001d0c   Section        0  stm32f4xx_hal_tim_ex.o(i.HAL_TIMEx_MasterConfigSynchronization)
    i.HAL_TIM_Base_Init                      0x08001dc0   Section        0  stm32f4xx_hal_tim.o(i.HAL_TIM_Base_Init)
    i.HAL_TIM_Base_MspInit                   0x08001e28   Section        0  tim.o(i.HAL_TIM_Base_MspInit)
    i.HAL_TIM_Base_Start_IT                  0x08001e70   Section        0  stm32f4xx_hal_tim.o(i.HAL_TIM_Base_Start_IT)
    i.HAL_TIM_IC_CaptureCallback             0x08001f18   Section        0  stm32f4xx_hal_tim.o(i.HAL_TIM_IC_CaptureCallback)
    i.HAL_TIM_IRQHandler                     0x08001f1a   Section        0  stm32f4xx_hal_tim.o(i.HAL_TIM_IRQHandler)
    i.HAL_TIM_OC_DelayElapsedCallback        0x080020b0   Section        0  stm32f4xx_hal_tim.o(i.HAL_TIM_OC_DelayElapsedCallback)
    i.HAL_TIM_PWM_PulseFinishedCallback      0x080020b2   Section        0  stm32f4xx_hal_tim.o(i.HAL_TIM_PWM_PulseFinishedCallback)
    i.HAL_TIM_PeriodElapsedCallback          0x080020b4   Section        0  tsk_config_and_callback.o(i.HAL_TIM_PeriodElapsedCallback)
    i.HAL_TIM_TriggerCallback                0x080020f0   Section        0  stm32f4xx_hal_tim.o(i.HAL_TIM_TriggerCallback)
    i.HAL_UARTEx_ReceiveToIdle_DMA           0x080020f2   Section        0  stm32f4xx_hal_uart.o(i.HAL_UARTEx_ReceiveToIdle_DMA)
    i.HAL_UARTEx_RxEventCallback             0x08002174   Section        0  drv_uart.o(i.HAL_UARTEx_RxEventCallback)
    i.HAL_UART_ErrorCallback                 0x080022fc   Section        0  stm32f4xx_hal_uart.o(i.HAL_UART_ErrorCallback)
    i.HAL_UART_IRQHandler                    0x08002300   Section        0  stm32f4xx_hal_uart.o(i.HAL_UART_IRQHandler)
    i.HAL_UART_Init                          0x080025e0   Section        0  stm32f4xx_hal_uart.o(i.HAL_UART_Init)
    i.HAL_UART_MspInit                       0x08002654   Section        0  usart.o(i.HAL_UART_MspInit)
    i.HAL_UART_RxCpltCallback                0x08002770   Section        0  stm32f4xx_hal_uart.o(i.HAL_UART_RxCpltCallback)
    i.HAL_UART_RxHalfCpltCallback            0x08002772   Section        0  stm32f4xx_hal_uart.o(i.HAL_UART_RxHalfCpltCallback)
    i.HAL_UART_TxCpltCallback                0x08002774   Section        0  stm32f4xx_hal_uart.o(i.HAL_UART_TxCpltCallback)
    i.HardFault_Handler                      0x08002776   Section        0  stm32f4xx_it.o(i.HardFault_Handler)
    i.MX_CAN1_Init                           0x0800277c   Section        0  can.o(i.MX_CAN1_Init)
    i.MX_DMA_Init                            0x080027c0   Section        0  dma.o(i.MX_DMA_Init)
    i.MX_GPIO_Init                           0x08002808   Section        0  gpio.o(i.MX_GPIO_Init)
    i.MX_TIM6_Init                           0x080028a0   Section        0  tim.o(i.MX_TIM6_Init)
    i.MX_USART2_UART_Init                    0x080028ec   Section        0  usart.o(i.MX_USART2_UART_Init)
    i.MemManage_Handler                      0x08002924   Section        0  stm32f4xx_it.o(i.MemManage_Handler)
    i.NMI_Handler                            0x08002928   Section        0  stm32f4xx_it.o(i.NMI_Handler)
    i.PendSV_Handler                         0x0800292c   Section        0  stm32f4xx_it.o(i.PendSV_Handler)
    i.SVC_Handler                            0x0800292e   Section        0  stm32f4xx_it.o(i.SVC_Handler)
    i.SysTick_Handler                        0x08002930   Section        0  stm32f4xx_it.o(i.SysTick_Handler)
    i.SystemInit                             0x08002938   Section        0  system_stm32f4xx.o(i.SystemInit)
    i.TIM6_DAC_IRQHandler                    0x0800294c   Section        0  stm32f4xx_it.o(i.TIM6_DAC_IRQHandler)
    i.TIM_Base_SetConfig                     0x0800295c   Section        0  stm32f4xx_hal_tim.o(i.TIM_Base_SetConfig)
    i.UART_Start_Receive_DMA                 0x08002a34   Section        0  stm32f4xx_hal_uart.o(i.UART_Start_Receive_DMA)
    i.USART2_IRQHandler                      0x08002b04   Section        0  stm32f4xx_it.o(i.USART2_IRQHandler)
    i.UsageFault_Handler                     0x08002b14   Section        0  stm32f4xx_it.o(i.UsageFault_Handler)
    i._Z11BSP_DC24_LU20Enum_BSP_DC24_Status  0x08002b18   Section        0  drv_bsp.o(i._Z11BSP_DC24_LU20Enum_BSP_DC24_Status)
    i._Z18SystemClock_Configv                0x08002b2c   Section        0  main.o(i._Z18SystemClock_Configv)
    i._Z22CAN_Filter_Mask_ConfigP19__CAN_HandleTypeDefhjj 0x08002be8   Section        0  drv_can.o(i._Z22CAN_Filter_Mask_ConfigP19__CAN_HandleTypeDefhjj)
    i._Z22Power_Control_CallbackP20Struct_CAN_Rx_Buffer 0x08002c58   Section        0  main.o(i._Z22Power_Control_CallbackP20Struct_CAN_Rx_Buffer)
    i._Z8CAN_InitP19__CAN_HandleTypeDefPFvP20Struct_CAN_Rx_BufferE 0x08002cf4   Section        0  drv_can.o(i._Z8CAN_InitP19__CAN_HandleTypeDefPFvP20Struct_CAN_Rx_BufferE)
    i._ZN41_INTERNAL_19_stm32f4xx_hal_dma_c_c25f65ec13DMA_SetConfigEP19__DMA_HandleTypeDefjjj 0x08002d78   Section        0  stm32f4xx_hal_dma.o(i._ZN41_INTERNAL_19_stm32f4xx_hal_dma_c_c25f65ec13DMA_SetConfigEP19__DMA_HandleTypeDefjjj)
    [local to stm32f4xx_hal_dma_c]::DMA_SetConfig(__DMA_HandleTypeDef*, unsigned, unsigned, unsigned) 0x08002d79   Thumb Code    44  stm32f4xx_hal_dma.o(i._ZN41_INTERNAL_19_stm32f4xx_hal_dma_c_c25f65ec13DMA_SetConfigEP19__DMA_HandleTypeDefjjj)
    i._ZN41_INTERNAL_19_stm32f4xx_hal_dma_c_c25f65ec18DMA_CheckFifoParamEP19__DMA_HandleTypeDef 0x08002da4   Section        0  stm32f4xx_hal_dma.o(i._ZN41_INTERNAL_19_stm32f4xx_hal_dma_c_c25f65ec18DMA_CheckFifoParamEP19__DMA_HandleTypeDef)
    [local to stm32f4xx_hal_dma_c]::DMA_CheckFifoParam(__DMA_HandleTypeDef*) 0x08002da5   Thumb Code   170  stm32f4xx_hal_dma.o(i._ZN41_INTERNAL_19_stm32f4xx_hal_dma_c_c25f65ec18DMA_CheckFifoParamEP19__DMA_HandleTypeDef)
    i._ZN41_INTERNAL_19_stm32f4xx_hal_dma_c_c25f65ec23DMA_CalcBaseAndBitshiftEP19__DMA_HandleTypeDef 0x08002e50   Section        0  stm32f4xx_hal_dma.o(i._ZN41_INTERNAL_19_stm32f4xx_hal_dma_c_c25f65ec23DMA_CalcBaseAndBitshiftEP19__DMA_HandleTypeDef)
    [local to stm32f4xx_hal_dma_c]::DMA_CalcBaseAndBitshift(__DMA_HandleTypeDef*) 0x08002e51   Thumb Code    46  stm32f4xx_hal_dma.o(i._ZN41_INTERNAL_19_stm32f4xx_hal_dma_c_c25f65ec23DMA_CalcBaseAndBitshiftEP19__DMA_HandleTypeDef)
    i._ZN42_INTERNAL_20_stm32f4xx_hal_uart_c_d497114f13UART_DMAErrorEP19__DMA_HandleTypeDef 0x08002e84   Section        0  stm32f4xx_hal_uart.o(i._ZN42_INTERNAL_20_stm32f4xx_hal_uart_c_d497114f13UART_DMAErrorEP19__DMA_HandleTypeDef)
    [local to stm32f4xx_hal_uart_c]::UART_DMAError(__DMA_HandleTypeDef*) 0x08002e85   Thumb Code    80  stm32f4xx_hal_uart.o(i._ZN42_INTERNAL_20_stm32f4xx_hal_uart_c_d497114f13UART_DMAErrorEP19__DMA_HandleTypeDef)
    i._ZN42_INTERNAL_20_stm32f4xx_hal_uart_c_d497114f14UART_SetConfigEP20__UART_HandleTypeDef 0x08002ed4   Section        0  stm32f4xx_hal_uart.o(i._ZN42_INTERNAL_20_stm32f4xx_hal_uart_c_d497114f14UART_SetConfigEP20__UART_HandleTypeDef)
    [local to stm32f4xx_hal_uart_c]::UART_SetConfig(__UART_HandleTypeDef*) 0x08002ed5   Thumb Code   546  stm32f4xx_hal_uart.o(i._ZN42_INTERNAL_20_stm32f4xx_hal_uart_c_d497114f14UART_SetConfigEP20__UART_HandleTypeDef)
    i._ZN42_INTERNAL_20_stm32f4xx_hal_uart_c_d497114f15UART_Receive_ITEP20__UART_HandleTypeDef 0x08003100   Section        0  stm32f4xx_hal_uart.o(i._ZN42_INTERNAL_20_stm32f4xx_hal_uart_c_d497114f15UART_Receive_ITEP20__UART_HandleTypeDef)
    [local to stm32f4xx_hal_uart_c]::UART_Receive_IT(__UART_HandleTypeDef*) 0x08003101   Thumb Code   248  stm32f4xx_hal_uart.o(i._ZN42_INTERNAL_20_stm32f4xx_hal_uart_c_d497114f15UART_Receive_ITEP20__UART_HandleTypeDef)
    i._ZN42_INTERNAL_20_stm32f4xx_hal_uart_c_d497114f16UART_Transmit_ITEP20__UART_HandleTypeDef 0x080031f8   Section        0  stm32f4xx_hal_uart.o(i._ZN42_INTERNAL_20_stm32f4xx_hal_uart_c_d497114f16UART_Transmit_ITEP20__UART_HandleTypeDef)
    [local to stm32f4xx_hal_uart_c]::UART_Transmit_IT(__UART_HandleTypeDef*) 0x080031f9   Thumb Code    96  stm32f4xx_hal_uart.o(i._ZN42_INTERNAL_20_stm32f4xx_hal_uart_c_d497114f16UART_Transmit_ITEP20__UART_HandleTypeDef)
    i._ZN42_INTERNAL_20_stm32f4xx_hal_uart_c_d497114f18UART_DMARxHalfCpltEP19__DMA_HandleTypeDef 0x08003258   Section        0  stm32f4xx_hal_uart.o(i._ZN42_INTERNAL_20_stm32f4xx_hal_uart_c_d497114f18UART_DMARxHalfCpltEP19__DMA_HandleTypeDef)
    [local to stm32f4xx_hal_uart_c]::UART_DMARxHalfCplt(__DMA_HandleTypeDef*) 0x08003259   Thumb Code    32  stm32f4xx_hal_uart.o(i._ZN42_INTERNAL_20_stm32f4xx_hal_uart_c_d497114f18UART_DMARxHalfCpltEP19__DMA_HandleTypeDef)
    i._ZN42_INTERNAL_20_stm32f4xx_hal_uart_c_d497114f18UART_EndRxTransferEP20__UART_HandleTypeDef 0x08003278   Section        0  stm32f4xx_hal_uart.o(i._ZN42_INTERNAL_20_stm32f4xx_hal_uart_c_d497114f18UART_EndRxTransferEP20__UART_HandleTypeDef)
    [local to stm32f4xx_hal_uart_c]::UART_EndRxTransfer(__UART_HandleTypeDef*) 0x08003279   Thumb Code   108  stm32f4xx_hal_uart.o(i._ZN42_INTERNAL_20_stm32f4xx_hal_uart_c_d497114f18UART_EndRxTransferEP20__UART_HandleTypeDef)
    i._ZN42_INTERNAL_20_stm32f4xx_hal_uart_c_d497114f18UART_EndTxTransferEP20__UART_HandleTypeDef 0x080032e4   Section        0  stm32f4xx_hal_uart.o(i._ZN42_INTERNAL_20_stm32f4xx_hal_uart_c_d497114f18UART_EndTxTransferEP20__UART_HandleTypeDef)
    [local to stm32f4xx_hal_uart_c]::UART_EndTxTransfer(__UART_HandleTypeDef*) 0x080032e5   Thumb Code    38  stm32f4xx_hal_uart.o(i._ZN42_INTERNAL_20_stm32f4xx_hal_uart_c_d497114f18UART_EndTxTransferEP20__UART_HandleTypeDef)
    i._ZN42_INTERNAL_20_stm32f4xx_hal_uart_c_d497114f19UART_DMAReceiveCpltEP19__DMA_HandleTypeDef 0x0800330a   Section        0  stm32f4xx_hal_uart.o(i._ZN42_INTERNAL_20_stm32f4xx_hal_uart_c_d497114f19UART_DMAReceiveCpltEP19__DMA_HandleTypeDef)
    [local to stm32f4xx_hal_uart_c]::UART_DMAReceiveCplt(__DMA_HandleTypeDef*) 0x0800330b   Thumb Code   176  stm32f4xx_hal_uart.o(i._ZN42_INTERNAL_20_stm32f4xx_hal_uart_c_d497114f19UART_DMAReceiveCpltEP19__DMA_HandleTypeDef)
    i._ZN42_INTERNAL_20_stm32f4xx_hal_uart_c_d497114f19UART_EndTransmit_ITEP20__UART_HandleTypeDef 0x080033ba   Section        0  stm32f4xx_hal_uart.o(i._ZN42_INTERNAL_20_stm32f4xx_hal_uart_c_d497114f19UART_EndTransmit_ITEP20__UART_HandleTypeDef)
    [local to stm32f4xx_hal_uart_c]::UART_EndTransmit_IT(__UART_HandleTypeDef*) 0x080033bb   Thumb Code    32  stm32f4xx_hal_uart.o(i._ZN42_INTERNAL_20_stm32f4xx_hal_uart_c_d497114f19UART_EndTransmit_ITEP20__UART_HandleTypeDef)
    i._ZN42_INTERNAL_20_stm32f4xx_hal_uart_c_d497114f20UART_DMAAbortOnErrorEP19__DMA_HandleTypeDef 0x080033da   Section        0  stm32f4xx_hal_uart.o(i._ZN42_INTERNAL_20_stm32f4xx_hal_uart_c_d497114f20UART_DMAAbortOnErrorEP19__DMA_HandleTypeDef)
    [local to stm32f4xx_hal_uart_c]::UART_DMAAbortOnError(__DMA_HandleTypeDef*) 0x080033db   Thumb Code    20  stm32f4xx_hal_uart.o(i._ZN42_INTERNAL_20_stm32f4xx_hal_uart_c_d497114f20UART_DMAAbortOnErrorEP19__DMA_HandleTypeDef)
    i._ZN44_INTERNAL_22_stm32f4xx_hal_cortex_c_2992dbc018__NVIC_SetPriorityE9IRQn_Typej 0x080033f0   Section        0  stm32f4xx_hal_cortex.o(i._ZN44_INTERNAL_22_stm32f4xx_hal_cortex_c_2992dbc018__NVIC_SetPriorityE9IRQn_Typej)
    [local to stm32f4xx_hal_cortex_c]::__NVIC_SetPriority(IRQn_Type, unsigned) 0x080033f1   Thumb Code    32  stm32f4xx_hal_cortex.o(i._ZN44_INTERNAL_22_stm32f4xx_hal_cortex_c_2992dbc018__NVIC_SetPriorityE9IRQn_Typej)
    i._ZN44_INTERNAL_22_stm32f4xx_hal_cortex_c_2992dbc026__NVIC_GetPriorityGroupingEv 0x08003418   Section        0  stm32f4xx_hal_cortex.o(i._ZN44_INTERNAL_22_stm32f4xx_hal_cortex_c_2992dbc026__NVIC_GetPriorityGroupingEv)
    [local to stm32f4xx_hal_cortex_c]::__NVIC_GetPriorityGrouping() 0x08003419   Thumb Code    10  stm32f4xx_hal_cortex.o(i._ZN44_INTERNAL_22_stm32f4xx_hal_cortex_c_2992dbc026__NVIC_GetPriorityGroupingEv)
    i.main                                   0x08003428   Section        0  main.o(i.main)
    x$fpl$fpinit                             0x08003474   Section       10  fpinit.o(x$fpl$fpinit)
    $v0                                      0x08003474   Number         0  fpinit.o(x$fpl$fpinit)
    .constdata                               0x0800347e   Section        8  stm32f4xx_hal_dma.o(.constdata)
    [local to stm32f4xx_hal_dma_c]::DMA_CalcBaseAndBitshift(__DMA_HandleTypeDef*)::flagBitshiftOffset 0x0800347e   Data           8  stm32f4xx_hal_dma.o(.constdata)
    .constdata                               0x08003486   Section       24  system_stm32f4xx.o(.constdata)
    .data                                    0x20000000   Section        8  main.o(.data)
    .data                                    0x20000008   Section        9  stm32f4xx_hal.o(.data)
    .data                                    0x20000014   Section        4  system_stm32f4xx.o(.data)
    .data                                    0x20000018   Section        5  tsk_config_and_callback.o(.data)
    .bss                                     0x20000020   Section     4192  drv_uart.o(.bss)
    .bss                                     0x20001080   Section       88  drv_can.o(.bss)
    .bss                                     0x200010d8   Section       40  can.o(.bss)
    .bss                                     0x20001100   Section       72  tim.o(.bss)
    .bss                                     0x20001148   Section      260  usart.o(.bss)
    .bss                                     0x2000124c   Section       96  libspace.o(.bss)
    HEAP                                     0x200012b0   Section      512  startup_stm32f427xx.o(HEAP)
    Heap_Mem                                 0x200012b0   Data         512  startup_stm32f427xx.o(HEAP)
    STACK                                    0x200014b0   Section     1024  startup_stm32f427xx.o(STACK)
    Stack_Mem                                0x200014b0   Data        1024  startup_stm32f427xx.o(STACK)
    __initial_sp                             0x200018b0   Data           0  startup_stm32f427xx.o(STACK)

    Global Symbols

    Symbol Name                              Value     Ov Type        Size  Object(Section)

    BuildAttributes$$THM_ISAv4$E$P$D$K$B$S$7EM$VFPi3$EXTD16$VFPS$VFMA$PE$A:L22UL41UL21$X:L11$S22US41US21$IEEE1$IW$USESV6$~STKCKD$USESV7$~SHL$OTIME$ROPI$IEEEX$EBA8$UX$STANDARDLIB$REQ8$PRES8$EABIv2 0x00000000   Number         0  anon$$obj.o ABSOLUTE
    __ARM_use_no_argv                        0x00000000   Number         0  main.o ABSOLUTE
    __ARM_exceptions_init                     - Undefined Weak Reference
    __alloca_initialize                       - Undefined Weak Reference
    __arm_fini_                               - Undefined Weak Reference
    __arm_preinit_                            - Undefined Weak Reference
    __cpp_initialize__aeabi_                  - Undefined Weak Reference
    __cxa_finalize                            - Undefined Weak Reference
    __rt_locale                               - Undefined Weak Reference
    __sigvec_lookup                           - Undefined Weak Reference
    _atexit_init                              - Undefined Weak Reference
    _call_atexit_fns                          - Undefined Weak Reference
    _clock_init                               - Undefined Weak Reference
    _fp_trap_init                             - Undefined Weak Reference
    _fp_trap_shutdown                         - Undefined Weak Reference
    _get_lc_collate                           - Undefined Weak Reference
    _get_lc_ctype                             - Undefined Weak Reference
    _get_lc_monetary                          - Undefined Weak Reference
    _get_lc_numeric                           - Undefined Weak Reference
    _get_lc_time                              - Undefined Weak Reference
    _getenv_init                              - Undefined Weak Reference
    _handle_redirection                       - Undefined Weak Reference
    _init_alloc                               - Undefined Weak Reference
    _init_user_alloc                          - Undefined Weak Reference
    _initio                                   - Undefined Weak Reference
    _rand_init                                - Undefined Weak Reference
    _signal_finish                            - Undefined Weak Reference
    _signal_init                              - Undefined Weak Reference
    _terminate_alloc                          - Undefined Weak Reference
    _terminate_user_alloc                     - Undefined Weak Reference
    _terminateio                              - Undefined Weak Reference
    __Vectors_Size                           0x000001ac   Number         0  startup_stm32f427xx.o ABSOLUTE
    __Vectors                                0x08000000   Data           4  startup_stm32f427xx.o(RESET)
    __Vectors_End                            0x080001ac   Data           0  startup_stm32f427xx.o(RESET)
    __main                                   0x080001ad   Thumb Code     8  __main.o(!!!main)
    __scatterload                            0x080001b5   Thumb Code     0  __scatter.o(!!!scatter)
    __scatterload_rt2                        0x080001b5   Thumb Code    44  __scatter.o(!!!scatter)
    __scatterload_rt2_thumb_only             0x080001b5   Thumb Code     0  __scatter.o(!!!scatter)
    __scatterload_null                       0x080001c3   Thumb Code     0  __scatter.o(!!!scatter)
    __scatterload_copy                       0x080001e9   Thumb Code    26  __scatter_copy.o(!!handler_copy)
    __scatterload_zeroinit                   0x08000205   Thumb Code    28  __scatter_zi.o(!!handler_zi)
    __rt_lib_init                            0x08000221   Thumb Code     0  libinit.o(.ARM.Collect$$libinit$$00000000)
    __rt_lib_init_fp_1                       0x08000223   Thumb Code     0  libinit2.o(.ARM.Collect$$libinit$$00000001)
    __rt_lib_init_alloca_1                   0x08000227   Thumb Code     0  libinit2.o(.ARM.Collect$$libinit$$0000002E)
    __rt_lib_init_argv_1                     0x08000227   Thumb Code     0  libinit2.o(.ARM.Collect$$libinit$$0000002C)
    __rt_lib_init_atexit_1                   0x08000227   Thumb Code     0  libinit2.o(.ARM.Collect$$libinit$$0000001B)
    __rt_lib_init_clock_1                    0x08000227   Thumb Code     0  libinit2.o(.ARM.Collect$$libinit$$00000021)
    __rt_lib_init_cpp_1                      0x08000227   Thumb Code     0  libinit2.o(.ARM.Collect$$libinit$$00000032)
    __rt_lib_init_exceptions_1               0x08000227   Thumb Code     0  libinit2.o(.ARM.Collect$$libinit$$00000030)
    __rt_lib_init_fp_trap_1                  0x08000227   Thumb Code     0  libinit2.o(.ARM.Collect$$libinit$$0000001F)
    __rt_lib_init_getenv_1                   0x08000227   Thumb Code     0  libinit2.o(.ARM.Collect$$libinit$$00000023)
    __rt_lib_init_heap_1                     0x08000227   Thumb Code     0  libinit2.o(.ARM.Collect$$libinit$$0000000A)
    __rt_lib_init_lc_collate_1               0x08000227   Thumb Code     0  libinit2.o(.ARM.Collect$$libinit$$00000011)
    __rt_lib_init_lc_ctype_1                 0x08000227   Thumb Code     0  libinit2.o(.ARM.Collect$$libinit$$00000013)
    __rt_lib_init_lc_monetary_1              0x08000227   Thumb Code     0  libinit2.o(.ARM.Collect$$libinit$$00000015)
    __rt_lib_init_lc_numeric_1               0x08000227   Thumb Code     0  libinit2.o(.ARM.Collect$$libinit$$00000017)
    __rt_lib_init_lc_time_1                  0x08000227   Thumb Code     0  libinit2.o(.ARM.Collect$$libinit$$00000019)
    __rt_lib_init_preinit_1                  0x08000227   Thumb Code     0  libinit2.o(.ARM.Collect$$libinit$$00000004)
    __rt_lib_init_rand_1                     0x08000227   Thumb Code     0  libinit2.o(.ARM.Collect$$libinit$$0000000E)
    __rt_lib_init_return                     0x08000227   Thumb Code     0  libinit2.o(.ARM.Collect$$libinit$$00000033)
    __rt_lib_init_signal_1                   0x08000227   Thumb Code     0  libinit2.o(.ARM.Collect$$libinit$$0000001D)
    __rt_lib_init_stdio_1                    0x08000227   Thumb Code     0  libinit2.o(.ARM.Collect$$libinit$$00000025)
    __rt_lib_init_user_alloc_1               0x08000227   Thumb Code     0  libinit2.o(.ARM.Collect$$libinit$$0000000C)
    __rt_lib_shutdown                        0x08000229   Thumb Code     0  libshutdown.o(.ARM.Collect$$libshutdown$$00000000)
    __rt_lib_shutdown_cpp_1                  0x0800022b   Thumb Code     0  libshutdown2.o(.ARM.Collect$$libshutdown$$00000004)
    __rt_lib_shutdown_fini_1                 0x0800022b   Thumb Code     0  libshutdown2.o(.ARM.Collect$$libshutdown$$00000002)
    __rt_lib_shutdown_fp_trap_1              0x0800022b   Thumb Code     0  libshutdown2.o(.ARM.Collect$$libshutdown$$00000009)
    __rt_lib_shutdown_heap_1                 0x0800022b   Thumb Code     0  libshutdown2.o(.ARM.Collect$$libshutdown$$00000011)
    __rt_lib_shutdown_return                 0x0800022b   Thumb Code     0  libshutdown2.o(.ARM.Collect$$libshutdown$$00000012)
    __rt_lib_shutdown_signal_1               0x0800022b   Thumb Code     0  libshutdown2.o(.ARM.Collect$$libshutdown$$0000000C)
    __rt_lib_shutdown_stdio_1                0x0800022b   Thumb Code     0  libshutdown2.o(.ARM.Collect$$libshutdown$$00000006)
    __rt_lib_shutdown_user_alloc_1           0x0800022b   Thumb Code     0  libshutdown2.o(.ARM.Collect$$libshutdown$$0000000E)
    __rt_entry                               0x0800022d   Thumb Code     0  __rtentry.o(.ARM.Collect$$rtentry$$00000000)
    __rt_entry_presh_1                       0x0800022d   Thumb Code     0  __rtentry2.o(.ARM.Collect$$rtentry$$00000002)
    __rt_entry_sh                            0x0800022d   Thumb Code     0  __rtentry4.o(.ARM.Collect$$rtentry$$00000004)
    __rt_entry_li                            0x08000233   Thumb Code     0  __rtentry2.o(.ARM.Collect$$rtentry$$0000000A)
    __rt_entry_postsh_1                      0x08000233   Thumb Code     0  __rtentry2.o(.ARM.Collect$$rtentry$$00000009)
    __rt_entry_main                          0x08000237   Thumb Code     0  __rtentry2.o(.ARM.Collect$$rtentry$$0000000D)
    __rt_entry_postli_1                      0x08000237   Thumb Code     0  __rtentry2.o(.ARM.Collect$$rtentry$$0000000C)
    __rt_exit                                0x0800023f   Thumb Code     0  rtexit.o(.ARM.Collect$$rtexit$$00000000)
    __rt_exit_ls                             0x08000241   Thumb Code     0  rtexit2.o(.ARM.Collect$$rtexit$$00000003)
    __rt_exit_prels_1                        0x08000241   Thumb Code     0  rtexit2.o(.ARM.Collect$$rtexit$$00000002)
    __rt_exit_exit                           0x08000245   Thumb Code     0  rtexit2.o(.ARM.Collect$$rtexit$$00000004)
    Reset_Handler                            0x0800024d   Thumb Code     8  startup_stm32f427xx.o(.text)
    ADC_IRQHandler                           0x08000267   Thumb Code     0  startup_stm32f427xx.o(.text)
    CAN1_SCE_IRQHandler                      0x08000267   Thumb Code     0  startup_stm32f427xx.o(.text)
    CAN1_TX_IRQHandler                       0x08000267   Thumb Code     0  startup_stm32f427xx.o(.text)
    CAN2_RX0_IRQHandler                      0x08000267   Thumb Code     0  startup_stm32f427xx.o(.text)
    CAN2_RX1_IRQHandler                      0x08000267   Thumb Code     0  startup_stm32f427xx.o(.text)
    CAN2_SCE_IRQHandler                      0x08000267   Thumb Code     0  startup_stm32f427xx.o(.text)
    CAN2_TX_IRQHandler                       0x08000267   Thumb Code     0  startup_stm32f427xx.o(.text)
    DCMI_IRQHandler                          0x08000267   Thumb Code     0  startup_stm32f427xx.o(.text)
    DMA1_Stream0_IRQHandler                  0x08000267   Thumb Code     0  startup_stm32f427xx.o(.text)
    DMA1_Stream1_IRQHandler                  0x08000267   Thumb Code     0  startup_stm32f427xx.o(.text)
    DMA1_Stream2_IRQHandler                  0x08000267   Thumb Code     0  startup_stm32f427xx.o(.text)
    DMA1_Stream3_IRQHandler                  0x08000267   Thumb Code     0  startup_stm32f427xx.o(.text)
    DMA1_Stream4_IRQHandler                  0x08000267   Thumb Code     0  startup_stm32f427xx.o(.text)
    DMA1_Stream7_IRQHandler                  0x08000267   Thumb Code     0  startup_stm32f427xx.o(.text)
    DMA2D_IRQHandler                         0x08000267   Thumb Code     0  startup_stm32f427xx.o(.text)
    DMA2_Stream0_IRQHandler                  0x08000267   Thumb Code     0  startup_stm32f427xx.o(.text)
    DMA2_Stream1_IRQHandler                  0x08000267   Thumb Code     0  startup_stm32f427xx.o(.text)
    DMA2_Stream2_IRQHandler                  0x08000267   Thumb Code     0  startup_stm32f427xx.o(.text)
    DMA2_Stream3_IRQHandler                  0x08000267   Thumb Code     0  startup_stm32f427xx.o(.text)
    DMA2_Stream4_IRQHandler                  0x08000267   Thumb Code     0  startup_stm32f427xx.o(.text)
    DMA2_Stream5_IRQHandler                  0x08000267   Thumb Code     0  startup_stm32f427xx.o(.text)
    DMA2_Stream6_IRQHandler                  0x08000267   Thumb Code     0  startup_stm32f427xx.o(.text)
    DMA2_Stream7_IRQHandler                  0x08000267   Thumb Code     0  startup_stm32f427xx.o(.text)
    ETH_IRQHandler                           0x08000267   Thumb Code     0  startup_stm32f427xx.o(.text)
    ETH_WKUP_IRQHandler                      0x08000267   Thumb Code     0  startup_stm32f427xx.o(.text)
    EXTI0_IRQHandler                         0x08000267   Thumb Code     0  startup_stm32f427xx.o(.text)
    EXTI15_10_IRQHandler                     0x08000267   Thumb Code     0  startup_stm32f427xx.o(.text)
    EXTI1_IRQHandler                         0x08000267   Thumb Code     0  startup_stm32f427xx.o(.text)
    EXTI2_IRQHandler                         0x08000267   Thumb Code     0  startup_stm32f427xx.o(.text)
    EXTI3_IRQHandler                         0x08000267   Thumb Code     0  startup_stm32f427xx.o(.text)
    EXTI4_IRQHandler                         0x08000267   Thumb Code     0  startup_stm32f427xx.o(.text)
    EXTI9_5_IRQHandler                       0x08000267   Thumb Code     0  startup_stm32f427xx.o(.text)
    FLASH_IRQHandler                         0x08000267   Thumb Code     0  startup_stm32f427xx.o(.text)
    FMC_IRQHandler                           0x08000267   Thumb Code     0  startup_stm32f427xx.o(.text)
    FPU_IRQHandler                           0x08000267   Thumb Code     0  startup_stm32f427xx.o(.text)
    HASH_RNG_IRQHandler                      0x08000267   Thumb Code     0  startup_stm32f427xx.o(.text)
    I2C1_ER_IRQHandler                       0x08000267   Thumb Code     0  startup_stm32f427xx.o(.text)
    I2C1_EV_IRQHandler                       0x08000267   Thumb Code     0  startup_stm32f427xx.o(.text)
    I2C2_ER_IRQHandler                       0x08000267   Thumb Code     0  startup_stm32f427xx.o(.text)
    I2C2_EV_IRQHandler                       0x08000267   Thumb Code     0  startup_stm32f427xx.o(.text)
    I2C3_ER_IRQHandler                       0x08000267   Thumb Code     0  startup_stm32f427xx.o(.text)
    I2C3_EV_IRQHandler                       0x08000267   Thumb Code     0  startup_stm32f427xx.o(.text)
    OTG_FS_IRQHandler                        0x08000267   Thumb Code     0  startup_stm32f427xx.o(.text)
    OTG_FS_WKUP_IRQHandler                   0x08000267   Thumb Code     0  startup_stm32f427xx.o(.text)
    OTG_HS_EP1_IN_IRQHandler                 0x08000267   Thumb Code     0  startup_stm32f427xx.o(.text)
    OTG_HS_EP1_OUT_IRQHandler                0x08000267   Thumb Code     0  startup_stm32f427xx.o(.text)
    OTG_HS_IRQHandler                        0x08000267   Thumb Code     0  startup_stm32f427xx.o(.text)
    OTG_HS_WKUP_IRQHandler                   0x08000267   Thumb Code     0  startup_stm32f427xx.o(.text)
    PVD_IRQHandler                           0x08000267   Thumb Code     0  startup_stm32f427xx.o(.text)
    RCC_IRQHandler                           0x08000267   Thumb Code     0  startup_stm32f427xx.o(.text)
    RTC_Alarm_IRQHandler                     0x08000267   Thumb Code     0  startup_stm32f427xx.o(.text)
    RTC_WKUP_IRQHandler                      0x08000267   Thumb Code     0  startup_stm32f427xx.o(.text)
    SAI1_IRQHandler                          0x08000267   Thumb Code     0  startup_stm32f427xx.o(.text)
    SDIO_IRQHandler                          0x08000267   Thumb Code     0  startup_stm32f427xx.o(.text)
    SPI1_IRQHandler                          0x08000267   Thumb Code     0  startup_stm32f427xx.o(.text)
    SPI2_IRQHandler                          0x08000267   Thumb Code     0  startup_stm32f427xx.o(.text)
    SPI3_IRQHandler                          0x08000267   Thumb Code     0  startup_stm32f427xx.o(.text)
    SPI4_IRQHandler                          0x08000267   Thumb Code     0  startup_stm32f427xx.o(.text)
    SPI5_IRQHandler                          0x08000267   Thumb Code     0  startup_stm32f427xx.o(.text)
    SPI6_IRQHandler                          0x08000267   Thumb Code     0  startup_stm32f427xx.o(.text)
    TAMP_STAMP_IRQHandler                    0x08000267   Thumb Code     0  startup_stm32f427xx.o(.text)
    TIM1_BRK_TIM9_IRQHandler                 0x08000267   Thumb Code     0  startup_stm32f427xx.o(.text)
    TIM1_CC_IRQHandler                       0x08000267   Thumb Code     0  startup_stm32f427xx.o(.text)
    TIM1_TRG_COM_TIM11_IRQHandler            0x08000267   Thumb Code     0  startup_stm32f427xx.o(.text)
    TIM1_UP_TIM10_IRQHandler                 0x08000267   Thumb Code     0  startup_stm32f427xx.o(.text)
    TIM2_IRQHandler                          0x08000267   Thumb Code     0  startup_stm32f427xx.o(.text)
    TIM3_IRQHandler                          0x08000267   Thumb Code     0  startup_stm32f427xx.o(.text)
    TIM4_IRQHandler                          0x08000267   Thumb Code     0  startup_stm32f427xx.o(.text)
    TIM5_IRQHandler                          0x08000267   Thumb Code     0  startup_stm32f427xx.o(.text)
    TIM7_IRQHandler                          0x08000267   Thumb Code     0  startup_stm32f427xx.o(.text)
    TIM8_BRK_TIM12_IRQHandler                0x08000267   Thumb Code     0  startup_stm32f427xx.o(.text)
    TIM8_CC_IRQHandler                       0x08000267   Thumb Code     0  startup_stm32f427xx.o(.text)
    TIM8_TRG_COM_TIM14_IRQHandler            0x08000267   Thumb Code     0  startup_stm32f427xx.o(.text)
    TIM8_UP_TIM13_IRQHandler                 0x08000267   Thumb Code     0  startup_stm32f427xx.o(.text)
    UART4_IRQHandler                         0x08000267   Thumb Code     0  startup_stm32f427xx.o(.text)
    UART5_IRQHandler                         0x08000267   Thumb Code     0  startup_stm32f427xx.o(.text)
    UART7_IRQHandler                         0x08000267   Thumb Code     0  startup_stm32f427xx.o(.text)
    UART8_IRQHandler                         0x08000267   Thumb Code     0  startup_stm32f427xx.o(.text)
    USART1_IRQHandler                        0x08000267   Thumb Code     0  startup_stm32f427xx.o(.text)
    USART3_IRQHandler                        0x08000267   Thumb Code     0  startup_stm32f427xx.o(.text)
    USART6_IRQHandler                        0x08000267   Thumb Code     0  startup_stm32f427xx.o(.text)
    WWDG_IRQHandler                          0x08000267   Thumb Code     0  startup_stm32f427xx.o(.text)
    __user_initial_stackheap                 0x08000269   Thumb Code     0  startup_stm32f427xx.o(.text)
    __aeabi_uldivmod                         0x0800028d   Thumb Code     0  lludivv7m.o(.text)
    _ll_udiv                                 0x0800028d   Thumb Code   238  lludivv7m.o(.text)
    __aeabi_memclr4                          0x0800037b   Thumb Code     0  rt_memclr_w.o(.text)
    __aeabi_memclr8                          0x0800037b   Thumb Code     0  rt_memclr_w.o(.text)
    __rt_memclr_w                            0x0800037b   Thumb Code    78  rt_memclr_w.o(.text)
    _memset_w                                0x0800037f   Thumb Code     0  rt_memclr_w.o(.text)
    __use_two_region_memory                  0x080003c9   Thumb Code     2  heapauxi.o(.text)
    __rt_heap_escrow$2region                 0x080003cb   Thumb Code     2  heapauxi.o(.text)
    __rt_heap_expand$2region                 0x080003cd   Thumb Code     2  heapauxi.o(.text)
    __user_libspace                          0x080003d1   Thumb Code     8  libspace.o(.text)
    __user_perproc_libspace                  0x080003d1   Thumb Code     0  libspace.o(.text)
    __user_perthread_libspace                0x080003d1   Thumb Code     0  libspace.o(.text)
    __user_setup_stackheap                   0x080003d9   Thumb Code    74  sys_stackheap_outer.o(.text)
    exit                                     0x08000423   Thumb Code    18  exit.o(.text)
    _sys_exit                                0x08000435   Thumb Code     8  sys_exit.o(.text)
    __I$use$semihosting                      0x08000441   Thumb Code     0  use_no_semi.o(.text)
    __use_no_semihosting_swi                 0x08000441   Thumb Code     2  use_no_semi.o(.text)
    BusFault_Handler                         0x08000443   Thumb Code     4  stm32f4xx_it.o(i.BusFault_Handler)
    __semihosting_library_function           0x08000443   Thumb Code     0  indicate_semi.o(.text)
    CAN1_RX0_IRQHandler                      0x08000449   Thumb Code    10  stm32f4xx_it.o(i.CAN1_RX0_IRQHandler)
    CAN1_RX1_IRQHandler                      0x08000459   Thumb Code    10  stm32f4xx_it.o(i.CAN1_RX1_IRQHandler)
    DMA1_Stream5_IRQHandler                  0x08000469   Thumb Code    10  stm32f4xx_it.o(i.DMA1_Stream5_IRQHandler)
    DMA1_Stream6_IRQHandler                  0x08000479   Thumb Code    10  stm32f4xx_it.o(i.DMA1_Stream6_IRQHandler)
    DebugMon_Handler                         0x08000489   Thumb Code     2  stm32f4xx_it.o(i.DebugMon_Handler)
    Error_Handler                            0x0800048b   Thumb Code     6  main.o(i.Error_Handler)
    HAL_CAN_ConfigFilter                     0x08000491   Thumb Code   286  stm32f4xx_hal_can.o(i.HAL_CAN_ConfigFilter)
    HAL_CAN_ErrorCallback                    0x080005b5   Thumb Code     2  stm32f4xx_hal_can.o(i.HAL_CAN_ErrorCallback)
    HAL_CAN_GetRxMessage                     0x080005b7   Thumb Code   378  stm32f4xx_hal_can.o(i.HAL_CAN_GetRxMessage)
    HAL_CAN_IRQHandler                       0x08000731   Thumb Code   590  stm32f4xx_hal_can.o(i.HAL_CAN_IRQHandler)
    HAL_CAN_Init                             0x0800097f   Thumb Code   372  stm32f4xx_hal_can.o(i.HAL_CAN_Init)
    HAL_CAN_MspInit                          0x08000af5   Thumb Code   154  can.o(i.HAL_CAN_MspInit)
    HAL_CAN_RxFifo0FullCallback              0x08000b9d   Thumb Code     2  stm32f4xx_hal_can.o(i.HAL_CAN_RxFifo0FullCallback)
    HAL_CAN_RxFifo0MsgPendingCallback        0x08000ba1   Thumb Code    72  drv_can.o(i.HAL_CAN_RxFifo0MsgPendingCallback)
    HAL_CAN_RxFifo1FullCallback              0x08000bf9   Thumb Code     2  stm32f4xx_hal_can.o(i.HAL_CAN_RxFifo1FullCallback)
    HAL_CAN_RxFifo1MsgPendingCallback        0x08000bfd   Thumb Code    72  drv_can.o(i.HAL_CAN_RxFifo1MsgPendingCallback)
    HAL_CAN_SleepCallback                    0x08000c55   Thumb Code     2  stm32f4xx_hal_can.o(i.HAL_CAN_SleepCallback)
    HAL_CAN_Start                            0x08000c57   Thumb Code    94  stm32f4xx_hal_can.o(i.HAL_CAN_Start)
    HAL_CAN_TxMailbox0AbortCallback          0x08000cb5   Thumb Code     2  stm32f4xx_hal_can.o(i.HAL_CAN_TxMailbox0AbortCallback)
    HAL_CAN_TxMailbox0CompleteCallback       0x08000cb7   Thumb Code     2  stm32f4xx_hal_can.o(i.HAL_CAN_TxMailbox0CompleteCallback)
    HAL_CAN_TxMailbox1AbortCallback          0x08000cb9   Thumb Code     2  stm32f4xx_hal_can.o(i.HAL_CAN_TxMailbox1AbortCallback)
    HAL_CAN_TxMailbox1CompleteCallback       0x08000cbb   Thumb Code     2  stm32f4xx_hal_can.o(i.HAL_CAN_TxMailbox1CompleteCallback)
    HAL_CAN_TxMailbox2AbortCallback          0x08000cbd   Thumb Code     2  stm32f4xx_hal_can.o(i.HAL_CAN_TxMailbox2AbortCallback)
    HAL_CAN_TxMailbox2CompleteCallback       0x08000cbf   Thumb Code     2  stm32f4xx_hal_can.o(i.HAL_CAN_TxMailbox2CompleteCallback)
    HAL_CAN_WakeUpFromRxMsgCallback          0x08000cc1   Thumb Code     2  stm32f4xx_hal_can.o(i.HAL_CAN_WakeUpFromRxMsgCallback)
    HAL_DMA_Abort                            0x08000cc3   Thumb Code   172  stm32f4xx_hal_dma.o(i.HAL_DMA_Abort)
    HAL_DMA_Abort_IT                         0x08000d6f   Thumb Code    40  stm32f4xx_hal_dma.o(i.HAL_DMA_Abort_IT)
    HAL_DMA_IRQHandler                       0x08000d99   Thumb Code   570  stm32f4xx_hal_dma.o(i.HAL_DMA_IRQHandler)
    HAL_DMA_Init                             0x08000fd9   Thumb Code   232  stm32f4xx_hal_dma.o(i.HAL_DMA_Init)
    HAL_DMA_Start_IT                         0x080010c5   Thumb Code   146  stm32f4xx_hal_dma.o(i.HAL_DMA_Start_IT)
    HAL_GPIO_Init                            0x08001159   Thumb Code   474  stm32f4xx_hal_gpio.o(i.HAL_GPIO_Init)
    HAL_GPIO_WritePin                        0x08001369   Thumb Code    12  stm32f4xx_hal_gpio.o(i.HAL_GPIO_WritePin)
    HAL_GetTick                              0x08001375   Thumb Code     6  stm32f4xx_hal.o(i.HAL_GetTick)
    HAL_IncTick                              0x08001381   Thumb Code    16  stm32f4xx_hal.o(i.HAL_IncTick)
    HAL_Init                                 0x08001399   Thumb Code    54  stm32f4xx_hal.o(i.HAL_Init)
    HAL_InitTick                             0x080013d5   Thumb Code    64  stm32f4xx_hal.o(i.HAL_InitTick)
    HAL_MspInit                              0x08001421   Thumb Code    68  stm32f4xx_hal_msp.o(i.HAL_MspInit)
    HAL_NVIC_EnableIRQ                       0x08001469   Thumb Code    32  stm32f4xx_hal_cortex.o(i.HAL_NVIC_EnableIRQ)
    HAL_NVIC_SetPriority                     0x08001489   Thumb Code   124  stm32f4xx_hal_cortex.o(i.HAL_NVIC_SetPriority)
    HAL_NVIC_SetPriorityGrouping             0x08001505   Thumb Code    32  stm32f4xx_hal_cortex.o(i.HAL_NVIC_SetPriorityGrouping)
    HAL_PWREx_EnableOverDrive                0x0800152d   Thumb Code   128  stm32f4xx_hal_pwr_ex.o(i.HAL_PWREx_EnableOverDrive)
    HAL_RCC_ClockConfig                      0x080015b9   Thumb Code   368  stm32f4xx_hal_rcc.o(i.HAL_RCC_ClockConfig)
    HAL_RCC_GetHCLKFreq                      0x0800173d   Thumb Code     6  stm32f4xx_hal_rcc.o(i.HAL_RCC_GetHCLKFreq)
    HAL_RCC_GetPCLK1Freq                     0x08001749   Thumb Code    22  stm32f4xx_hal_rcc.o(i.HAL_RCC_GetPCLK1Freq)
    HAL_RCC_GetPCLK2Freq                     0x08001769   Thumb Code    22  stm32f4xx_hal_rcc.o(i.HAL_RCC_GetPCLK2Freq)
    HAL_RCC_GetSysClockFreq                  0x08001789   Thumb Code   162  stm32f4xx_hal_rcc.o(i.HAL_RCC_GetSysClockFreq)
    HAL_RCC_OscConfig                        0x08001839   Thumb Code  1172  stm32f4xx_hal_rcc.o(i.HAL_RCC_OscConfig)
    HAL_SYSTICK_Config                       0x08001cd5   Thumb Code    52  stm32f4xx_hal_cortex.o(i.HAL_SYSTICK_Config)
    HAL_TIMEx_BreakCallback                  0x08001d09   Thumb Code     2  stm32f4xx_hal_tim_ex.o(i.HAL_TIMEx_BreakCallback)
    HAL_TIMEx_CommutCallback                 0x08001d0b   Thumb Code     2  stm32f4xx_hal_tim_ex.o(i.HAL_TIMEx_CommutCallback)
    HAL_TIMEx_MasterConfigSynchronization    0x08001d0d   Thumb Code   150  stm32f4xx_hal_tim_ex.o(i.HAL_TIMEx_MasterConfigSynchronization)
    HAL_TIM_Base_Init                        0x08001dc1   Thumb Code   102  stm32f4xx_hal_tim.o(i.HAL_TIM_Base_Init)
    HAL_TIM_Base_MspInit                     0x08001e29   Thumb Code    62  tim.o(i.HAL_TIM_Base_MspInit)
    HAL_TIM_Base_Start_IT                    0x08001e71   Thumb Code   138  stm32f4xx_hal_tim.o(i.HAL_TIM_Base_Start_IT)
    HAL_TIM_IC_CaptureCallback               0x08001f19   Thumb Code     2  stm32f4xx_hal_tim.o(i.HAL_TIM_IC_CaptureCallback)
    HAL_TIM_IRQHandler                       0x08001f1b   Thumb Code   406  stm32f4xx_hal_tim.o(i.HAL_TIM_IRQHandler)
    HAL_TIM_OC_DelayElapsedCallback          0x080020b1   Thumb Code     2  stm32f4xx_hal_tim.o(i.HAL_TIM_OC_DelayElapsedCallback)
    HAL_TIM_PWM_PulseFinishedCallback        0x080020b3   Thumb Code     2  stm32f4xx_hal_tim.o(i.HAL_TIM_PWM_PulseFinishedCallback)
    HAL_TIM_PeriodElapsedCallback            0x080020b5   Thumb Code    48  tsk_config_and_callback.o(i.HAL_TIM_PeriodElapsedCallback)
    HAL_TIM_TriggerCallback                  0x080020f1   Thumb Code     2  stm32f4xx_hal_tim.o(i.HAL_TIM_TriggerCallback)
    HAL_UARTEx_ReceiveToIdle_DMA             0x080020f3   Thumb Code   130  stm32f4xx_hal_uart.o(i.HAL_UARTEx_ReceiveToIdle_DMA)
    HAL_UARTEx_RxEventCallback               0x08002175   Thumb Code   326  drv_uart.o(i.HAL_UARTEx_RxEventCallback)
    HAL_UART_ErrorCallback                   0x080022fd   Thumb Code     2  stm32f4xx_hal_uart.o(i.HAL_UART_ErrorCallback)
    HAL_UART_IRQHandler                      0x08002301   Thumb Code   732  stm32f4xx_hal_uart.o(i.HAL_UART_IRQHandler)
    HAL_UART_Init                            0x080025e1   Thumb Code   114  stm32f4xx_hal_uart.o(i.HAL_UART_Init)
    HAL_UART_MspInit                         0x08002655   Thumb Code   258  usart.o(i.HAL_UART_MspInit)
    HAL_UART_RxCpltCallback                  0x08002771   Thumb Code     2  stm32f4xx_hal_uart.o(i.HAL_UART_RxCpltCallback)
    HAL_UART_RxHalfCpltCallback              0x08002773   Thumb Code     2  stm32f4xx_hal_uart.o(i.HAL_UART_RxHalfCpltCallback)
    HAL_UART_TxCpltCallback                  0x08002775   Thumb Code     2  stm32f4xx_hal_uart.o(i.HAL_UART_TxCpltCallback)
    HardFault_Handler                        0x08002777   Thumb Code     4  stm32f4xx_it.o(i.HardFault_Handler)
    MX_CAN1_Init                             0x0800277d   Thumb Code    60  can.o(i.MX_CAN1_Init)
    MX_DMA_Init                              0x080027c1   Thumb Code    68  dma.o(i.MX_DMA_Init)
    MX_GPIO_Init                             0x08002809   Thumb Code   142  gpio.o(i.MX_GPIO_Init)
    MX_TIM6_Init                             0x080028a1   Thumb Code    66  tim.o(i.MX_TIM6_Init)
    MX_USART2_UART_Init                      0x080028ed   Thumb Code    46  usart.o(i.MX_USART2_UART_Init)
    MemManage_Handler                        0x08002925   Thumb Code     4  stm32f4xx_it.o(i.MemManage_Handler)
    NMI_Handler                              0x08002929   Thumb Code     4  stm32f4xx_it.o(i.NMI_Handler)
    PendSV_Handler                           0x0800292d   Thumb Code     2  stm32f4xx_it.o(i.PendSV_Handler)
    SVC_Handler                              0x0800292f   Thumb Code     2  stm32f4xx_it.o(i.SVC_Handler)
    SysTick_Handler                          0x08002931   Thumb Code     8  stm32f4xx_it.o(i.SysTick_Handler)
    SystemInit                               0x08002939   Thumb Code    14  system_stm32f4xx.o(i.SystemInit)
    TIM6_DAC_IRQHandler                      0x0800294d   Thumb Code    10  stm32f4xx_it.o(i.TIM6_DAC_IRQHandler)
    TIM_Base_SetConfig                       0x0800295d   Thumb Code   170  stm32f4xx_hal_tim.o(i.TIM_Base_SetConfig)
    UART_Start_Receive_DMA                   0x08002a35   Thumb Code   196  stm32f4xx_hal_uart.o(i.UART_Start_Receive_DMA)
    USART2_IRQHandler                        0x08002b05   Thumb Code    10  stm32f4xx_it.o(i.USART2_IRQHandler)
    UsageFault_Handler                       0x08002b15   Thumb Code     4  stm32f4xx_it.o(i.UsageFault_Handler)
    BSP_DC24_LU(Enum_BSP_DC24_Status)        0x08002b19   Thumb Code    16  drv_bsp.o(i._Z11BSP_DC24_LU20Enum_BSP_DC24_Status)
    SystemClock_Config()                     0x08002b2d   Thumb Code   180  main.o(i._Z18SystemClock_Configv)
    CAN_Filter_Mask_Config(__CAN_HandleTypeDef*, unsigned char, unsigned, unsigned) 0x08002be9   Thumb Code   110  drv_can.o(i._Z22CAN_Filter_Mask_ConfigP19__CAN_HandleTypeDefhjj)
    Power_Control_Callback(Struct_CAN_Rx_Buffer*) 0x08002c59   Thumb Code   130  main.o(i._Z22Power_Control_CallbackP20Struct_CAN_Rx_Buffer)
    CAN_Init(__CAN_HandleTypeDef*, void(*)(Struct_CAN_Rx_Buffer*)) 0x08002cf5   Thumb Code   116  drv_can.o(i._Z8CAN_InitP19__CAN_HandleTypeDefPFvP20Struct_CAN_Rx_BufferE)
    main                                     0x08003429   Thumb Code    62  main.o(i.main)
    _fp_init                                 0x08003475   Thumb Code    10  fpinit.o(x$fpl$fpinit)
    __fplib_config_fpu_vfp                   0x0800347d   Thumb Code     0  fpinit.o(x$fpl$fpinit)
    __fplib_config_pureend_doubles           0x0800347d   Thumb Code     0  fpinit.o(x$fpl$fpinit)
    AHBPrescTable                            0x08003486   Data          16  system_stm32f4xx.o(.constdata)
    APBPrescTable                            0x08003496   Data           8  system_stm32f4xx.o(.constdata)
    Region$$Table$$Base                      0x080034a0   Number         0  anon$$obj.o(Region$$Table)
    Region$$Table$$Limit                     0x080034c0   Number         0  anon$$obj.o(Region$$Table)
    command_see                              0x20000000   Data           1  main.o(.data)
    StdId_see                                0x20000004   Data           4  main.o(.data)
    uwTick                                   0x20000008   Data           4  stm32f4xx_hal.o(.data)
    uwTickPrio                               0x2000000c   Data           4  stm32f4xx_hal.o(.data)
    uwTickFreq                               0x20000010   Data           1  stm32f4xx_hal.o(.data)
    SystemCoreClock                          0x20000014   Data           4  system_stm32f4xx.o(.data)
    g_Power_Channel_01_Status                0x20000018   Data           1  tsk_config_and_callback.o(.data)
    g_Power_Channel_02_Status                0x20000019   Data           1  tsk_config_and_callback.o(.data)
    g_Power_Channel_03_Status                0x2000001a   Data           1  tsk_config_and_callback.o(.data)
    g_Power_Channel_04_Status                0x2000001b   Data           1  tsk_config_and_callback.o(.data)
    is_in                                    0x2000001c   Data           1  tsk_config_and_callback.o(.data)
    UART1_Manage_Object                      0x20000020   Data         524  drv_uart.o(.bss)
    UART2_Manage_Object                      0x2000022c   Data         524  drv_uart.o(.bss)
    UART3_Manage_Object                      0x20000438   Data         524  drv_uart.o(.bss)
    UART4_Manage_Object                      0x20000644   Data         524  drv_uart.o(.bss)
    UART5_Manage_Object                      0x20000850   Data         524  drv_uart.o(.bss)
    UART6_Manage_Object                      0x20000a5c   Data         524  drv_uart.o(.bss)
    UART7_Manage_Object                      0x20000c68   Data         524  drv_uart.o(.bss)
    UART8_Manage_Object                      0x20000e74   Data         524  drv_uart.o(.bss)
    CAN1_Manage_Object                       0x20001080   Data          44  drv_can.o(.bss)
    CAN2_Manage_Object                       0x200010ac   Data          44  drv_can.o(.bss)
    hcan1                                    0x200010d8   Data          40  can.o(.bss)
    htim6                                    0x20001100   Data          72  tim.o(.bss)
    huart2                                   0x20001148   Data          68  usart.o(.bss)
    hdma_usart2_rx                           0x2000118c   Data          96  usart.o(.bss)
    hdma_usart2_tx                           0x200011ec   Data          96  usart.o(.bss)
    __libspace_start                         0x2000124c   Data          96  libspace.o(.bss)
    __temporary_stack_top$libspace           0x200012ac   Data           0  libspace.o(.bss)



==============================================================================

Memory Map of the image

  Image Entry point : 0x080001ad

  Load Region LR_IROM1 (Base: 0x08000000, Size: 0x000034e0, Max: 0x00200000, ABSOLUTE)

    Execution Region ER_IROM1 (Exec base: 0x08000000, Load base: 0x08000000, Size: 0x000034c0, Max: 0x00200000, ABSOLUTE)

    Exec Addr    Load Addr    Size         Type   Attr      Idx    E Section Name        Object

    0x08000000   0x08000000   0x000001ac   Data   RO            3    RESET               startup_stm32f427xx.o
    0x080001ac   0x080001ac   0x00000008   Code   RO         4438  * !!!main             c_w.l(__main.o)
    0x080001b4   0x080001b4   0x00000034   Code   RO         4668    !!!scatter          c_w.l(__scatter.o)
    0x080001e8   0x080001e8   0x0000001a   Code   RO         4670    !!handler_copy      c_w.l(__scatter_copy.o)
    0x08000202   0x08000202   0x00000002   PAD
    0x08000204   0x08000204   0x0000001c   Code   RO         4672    !!handler_zi        c_w.l(__scatter_zi.o)
    0x08000220   0x08000220   0x00000002   Code   RO         4539    .ARM.Collect$$libinit$$00000000  c_w.l(libinit.o)
    0x08000222   0x08000222   0x00000004   Code   RO         4548    .ARM.Collect$$libinit$$00000001  c_w.l(libinit2.o)
    0x08000226   0x08000226   0x00000000   Code   RO         4551    .ARM.Collect$$libinit$$00000004  c_w.l(libinit2.o)
    0x08000226   0x08000226   0x00000000   Code   RO         4554    .ARM.Collect$$libinit$$0000000A  c_w.l(libinit2.o)
    0x08000226   0x08000226   0x00000000   Code   RO         4556    .ARM.Collect$$libinit$$0000000C  c_w.l(libinit2.o)
    0x08000226   0x08000226   0x00000000   Code   RO         4558    .ARM.Collect$$libinit$$0000000E  c_w.l(libinit2.o)
    0x08000226   0x08000226   0x00000000   Code   RO         4561    .ARM.Collect$$libinit$$00000011  c_w.l(libinit2.o)
    0x08000226   0x08000226   0x00000000   Code   RO         4563    .ARM.Collect$$libinit$$00000013  c_w.l(libinit2.o)
    0x08000226   0x08000226   0x00000000   Code   RO         4565    .ARM.Collect$$libinit$$00000015  c_w.l(libinit2.o)
    0x08000226   0x08000226   0x00000000   Code   RO         4567    .ARM.Collect$$libinit$$00000017  c_w.l(libinit2.o)
    0x08000226   0x08000226   0x00000000   Code   RO         4569    .ARM.Collect$$libinit$$00000019  c_w.l(libinit2.o)
    0x08000226   0x08000226   0x00000000   Code   RO         4571    .ARM.Collect$$libinit$$0000001B  c_w.l(libinit2.o)
    0x08000226   0x08000226   0x00000000   Code   RO         4573    .ARM.Collect$$libinit$$0000001D  c_w.l(libinit2.o)
    0x08000226   0x08000226   0x00000000   Code   RO         4575    .ARM.Collect$$libinit$$0000001F  c_w.l(libinit2.o)
    0x08000226   0x08000226   0x00000000   Code   RO         4577    .ARM.Collect$$libinit$$00000021  c_w.l(libinit2.o)
    0x08000226   0x08000226   0x00000000   Code   RO         4579    .ARM.Collect$$libinit$$00000023  c_w.l(libinit2.o)
    0x08000226   0x08000226   0x00000000   Code   RO         4581    .ARM.Collect$$libinit$$00000025  c_w.l(libinit2.o)
    0x08000226   0x08000226   0x00000000   Code   RO         4585    .ARM.Collect$$libinit$$0000002C  c_w.l(libinit2.o)
    0x08000226   0x08000226   0x00000000   Code   RO         4587    .ARM.Collect$$libinit$$0000002E  c_w.l(libinit2.o)
    0x08000226   0x08000226   0x00000000   Code   RO         4589    .ARM.Collect$$libinit$$00000030  c_w.l(libinit2.o)
    0x08000226   0x08000226   0x00000000   Code   RO         4591    .ARM.Collect$$libinit$$00000032  c_w.l(libinit2.o)
    0x08000226   0x08000226   0x00000002   Code   RO         4592    .ARM.Collect$$libinit$$00000033  c_w.l(libinit2.o)
    0x08000228   0x08000228   0x00000002   Code   RO         4623    .ARM.Collect$$libshutdown$$00000000  c_w.l(libshutdown.o)
    0x0800022a   0x0800022a   0x00000000   Code   RO         4649    .ARM.Collect$$libshutdown$$00000002  c_w.l(libshutdown2.o)
    0x0800022a   0x0800022a   0x00000000   Code   RO         4651    .ARM.Collect$$libshutdown$$00000004  c_w.l(libshutdown2.o)
    0x0800022a   0x0800022a   0x00000000   Code   RO         4653    .ARM.Collect$$libshutdown$$00000006  c_w.l(libshutdown2.o)
    0x0800022a   0x0800022a   0x00000000   Code   RO         4656    .ARM.Collect$$libshutdown$$00000009  c_w.l(libshutdown2.o)
    0x0800022a   0x0800022a   0x00000000   Code   RO         4659    .ARM.Collect$$libshutdown$$0000000C  c_w.l(libshutdown2.o)
    0x0800022a   0x0800022a   0x00000000   Code   RO         4661    .ARM.Collect$$libshutdown$$0000000E  c_w.l(libshutdown2.o)
    0x0800022a   0x0800022a   0x00000000   Code   RO         4664    .ARM.Collect$$libshutdown$$00000011  c_w.l(libshutdown2.o)
    0x0800022a   0x0800022a   0x00000002   Code   RO         4665    .ARM.Collect$$libshutdown$$00000012  c_w.l(libshutdown2.o)
    0x0800022c   0x0800022c   0x00000000   Code   RO         4468    .ARM.Collect$$rtentry$$00000000  c_w.l(__rtentry.o)
    0x0800022c   0x0800022c   0x00000000   Code   RO         4502    .ARM.Collect$$rtentry$$00000002  c_w.l(__rtentry2.o)
    0x0800022c   0x0800022c   0x00000006   Code   RO         4514    .ARM.Collect$$rtentry$$00000004  c_w.l(__rtentry4.o)
    0x08000232   0x08000232   0x00000000   Code   RO         4504    .ARM.Collect$$rtentry$$00000009  c_w.l(__rtentry2.o)
    0x08000232   0x08000232   0x00000004   Code   RO         4505    .ARM.Collect$$rtentry$$0000000A  c_w.l(__rtentry2.o)
    0x08000236   0x08000236   0x00000000   Code   RO         4507    .ARM.Collect$$rtentry$$0000000C  c_w.l(__rtentry2.o)
    0x08000236   0x08000236   0x00000008   Code   RO         4508    .ARM.Collect$$rtentry$$0000000D  c_w.l(__rtentry2.o)
    0x0800023e   0x0800023e   0x00000002   Code   RO         4540    .ARM.Collect$$rtexit$$00000000  c_w.l(rtexit.o)
    0x08000240   0x08000240   0x00000000   Code   RO         4596    .ARM.Collect$$rtexit$$00000002  c_w.l(rtexit2.o)
    0x08000240   0x08000240   0x00000004   Code   RO         4597    .ARM.Collect$$rtexit$$00000003  c_w.l(rtexit2.o)
    0x08000244   0x08000244   0x00000006   Code   RO         4598    .ARM.Collect$$rtexit$$00000004  c_w.l(rtexit2.o)
    0x0800024a   0x0800024a   0x00000002   PAD
    0x0800024c   0x0800024c   0x00000040   Code   RO            4    .text               startup_stm32f427xx.o
    0x0800028c   0x0800028c   0x000000ee   Code   RO         4430    .text               c_w.l(lludivv7m.o)
    0x0800037a   0x0800037a   0x0000004e   Code   RO         4432    .text               c_w.l(rt_memclr_w.o)
    0x080003c8   0x080003c8   0x00000006   Code   RO         4436    .text               c_w.l(heapauxi.o)
    0x080003ce   0x080003ce   0x00000002   PAD
    0x080003d0   0x080003d0   0x00000008   Code   RO         4523    .text               c_w.l(libspace.o)
    0x080003d8   0x080003d8   0x0000004a   Code   RO         4526    .text               c_w.l(sys_stackheap_outer.o)
    0x08000422   0x08000422   0x00000012   Code   RO         4528    .text               c_w.l(exit.o)
    0x08000434   0x08000434   0x0000000c   Code   RO         4593    .text               c_w.l(sys_exit.o)
    0x08000440   0x08000440   0x00000002   Code   RO         4612    .text               c_w.l(use_no_semi.o)
    0x08000442   0x08000442   0x00000000   Code   RO         4614    .text               c_w.l(indicate_semi.o)
    0x08000442   0x08000442   0x00000004   Code   RO          926    i.BusFault_Handler  stm32f4xx_it.o
    0x08000446   0x08000446   0x00000002   PAD
    0x08000448   0x08000448   0x00000010   Code   RO          927    i.CAN1_RX0_IRQHandler  stm32f4xx_it.o
    0x08000458   0x08000458   0x00000010   Code   RO          928    i.CAN1_RX1_IRQHandler  stm32f4xx_it.o
    0x08000468   0x08000468   0x00000010   Code   RO          929    i.DMA1_Stream5_IRQHandler  stm32f4xx_it.o
    0x08000478   0x08000478   0x00000010   Code   RO          930    i.DMA1_Stream6_IRQHandler  stm32f4xx_it.o
    0x08000488   0x08000488   0x00000002   Code   RO          931    i.DebugMon_Handler  stm32f4xx_it.o
    0x0800048a   0x0800048a   0x00000006   Code   RO          660    i.Error_Handler     main.o
    0x08000490   0x08000490   0x00000124   Code   RO         1081    i.HAL_CAN_ConfigFilter  stm32f4xx_hal_can.o
    0x080005b4   0x080005b4   0x00000002   Code   RO         1084    i.HAL_CAN_ErrorCallback  stm32f4xx_hal_can.o
    0x080005b6   0x080005b6   0x0000017a   Code   RO         1087    i.HAL_CAN_GetRxMessage  stm32f4xx_hal_can.o
    0x08000730   0x08000730   0x0000024e   Code   RO         1091    i.HAL_CAN_IRQHandler  stm32f4xx_hal_can.o
    0x0800097e   0x0800097e   0x00000174   Code   RO         1092    i.HAL_CAN_Init      stm32f4xx_hal_can.o
    0x08000af2   0x08000af2   0x00000002   PAD
    0x08000af4   0x08000af4   0x000000a8   Code   RO          767    i.HAL_CAN_MspInit   can.o
    0x08000b9c   0x08000b9c   0x00000002   Code   RO         1099    i.HAL_CAN_RxFifo0FullCallback  stm32f4xx_hal_can.o
    0x08000b9e   0x08000b9e   0x00000002   PAD
    0x08000ba0   0x08000ba0   0x00000058   Code   RO          289    i.HAL_CAN_RxFifo0MsgPendingCallback  drv_can.o
    0x08000bf8   0x08000bf8   0x00000002   Code   RO         1101    i.HAL_CAN_RxFifo1FullCallback  stm32f4xx_hal_can.o
    0x08000bfa   0x08000bfa   0x00000002   PAD
    0x08000bfc   0x08000bfc   0x00000058   Code   RO          290    i.HAL_CAN_RxFifo1MsgPendingCallback  drv_can.o
    0x08000c54   0x08000c54   0x00000002   Code   RO         1103    i.HAL_CAN_SleepCallback  stm32f4xx_hal_can.o
    0x08000c56   0x08000c56   0x0000005e   Code   RO         1104    i.HAL_CAN_Start     stm32f4xx_hal_can.o
    0x08000cb4   0x08000cb4   0x00000002   Code   RO         1106    i.HAL_CAN_TxMailbox0AbortCallback  stm32f4xx_hal_can.o
    0x08000cb6   0x08000cb6   0x00000002   Code   RO         1107    i.HAL_CAN_TxMailbox0CompleteCallback  stm32f4xx_hal_can.o
    0x08000cb8   0x08000cb8   0x00000002   Code   RO         1108    i.HAL_CAN_TxMailbox1AbortCallback  stm32f4xx_hal_can.o
    0x08000cba   0x08000cba   0x00000002   Code   RO         1109    i.HAL_CAN_TxMailbox1CompleteCallback  stm32f4xx_hal_can.o
    0x08000cbc   0x08000cbc   0x00000002   Code   RO         1110    i.HAL_CAN_TxMailbox2AbortCallback  stm32f4xx_hal_can.o
    0x08000cbe   0x08000cbe   0x00000002   Code   RO         1111    i.HAL_CAN_TxMailbox2CompleteCallback  stm32f4xx_hal_can.o
    0x08000cc0   0x08000cc0   0x00000002   Code   RO         1113    i.HAL_CAN_WakeUpFromRxMsgCallback  stm32f4xx_hal_can.o
    0x08000cc2   0x08000cc2   0x000000ac   Code   RO         1984    i.HAL_DMA_Abort     stm32f4xx_hal_dma.o
    0x08000d6e   0x08000d6e   0x00000028   Code   RO         1985    i.HAL_DMA_Abort_IT  stm32f4xx_hal_dma.o
    0x08000d96   0x08000d96   0x00000002   PAD
    0x08000d98   0x08000d98   0x00000240   Code   RO         1989    i.HAL_DMA_IRQHandler  stm32f4xx_hal_dma.o
    0x08000fd8   0x08000fd8   0x000000ec   Code   RO         1990    i.HAL_DMA_Init      stm32f4xx_hal_dma.o
    0x080010c4   0x080010c4   0x00000092   Code   RO         1993    i.HAL_DMA_Start_IT  stm32f4xx_hal_dma.o
    0x08001156   0x08001156   0x00000002   PAD
    0x08001158   0x08001158   0x00000210   Code   RO         1868    i.HAL_GPIO_Init     stm32f4xx_hal_gpio.o
    0x08001368   0x08001368   0x0000000c   Code   RO         1872    i.HAL_GPIO_WritePin  stm32f4xx_hal_gpio.o
    0x08001374   0x08001374   0x0000000c   Code   RO         2498    i.HAL_GetTick       stm32f4xx_hal.o
    0x08001380   0x08001380   0x00000018   Code   RO         2504    i.HAL_IncTick       stm32f4xx_hal.o
    0x08001398   0x08001398   0x0000003c   Code   RO         2505    i.HAL_Init          stm32f4xx_hal.o
    0x080013d4   0x080013d4   0x0000004c   Code   RO         2506    i.HAL_InitTick      stm32f4xx_hal.o
    0x08001420   0x08001420   0x00000048   Code   RO         1053    i.HAL_MspInit       stm32f4xx_hal_msp.o
    0x08001468   0x08001468   0x00000020   Code   RO         2328    i.HAL_NVIC_EnableIRQ  stm32f4xx_hal_cortex.o
    0x08001488   0x08001488   0x0000007c   Code   RO         2334    i.HAL_NVIC_SetPriority  stm32f4xx_hal_cortex.o
    0x08001504   0x08001504   0x00000028   Code   RO         2335    i.HAL_NVIC_SetPriorityGrouping  stm32f4xx_hal_cortex.o
    0x0800152c   0x0800152c   0x0000008c   Code   RO         2248    i.HAL_PWREx_EnableOverDrive  stm32f4xx_hal_pwr_ex.o
    0x080015b8   0x080015b8   0x00000184   Code   RO         1349    i.HAL_RCC_ClockConfig  stm32f4xx_hal_rcc.o
    0x0800173c   0x0800173c   0x0000000c   Code   RO         1354    i.HAL_RCC_GetHCLKFreq  stm32f4xx_hal_rcc.o
    0x08001748   0x08001748   0x00000020   Code   RO         1356    i.HAL_RCC_GetPCLK1Freq  stm32f4xx_hal_rcc.o
    0x08001768   0x08001768   0x00000020   Code   RO         1357    i.HAL_RCC_GetPCLK2Freq  stm32f4xx_hal_rcc.o
    0x08001788   0x08001788   0x000000b0   Code   RO         1358    i.HAL_RCC_GetSysClockFreq  stm32f4xx_hal_rcc.o
    0x08001838   0x08001838   0x0000049c   Code   RO         1361    i.HAL_RCC_OscConfig  stm32f4xx_hal_rcc.o
    0x08001cd4   0x08001cd4   0x00000034   Code   RO         2339    i.HAL_SYSTICK_Config  stm32f4xx_hal_cortex.o
    0x08001d08   0x08001d08   0x00000002   Code   RO         3627    i.HAL_TIMEx_BreakCallback  stm32f4xx_hal_tim_ex.o
    0x08001d0a   0x08001d0a   0x00000002   Code   RO         3628    i.HAL_TIMEx_CommutCallback  stm32f4xx_hal_tim_ex.o
    0x08001d0c   0x08001d0c   0x000000b4   Code   RO         3646    i.HAL_TIMEx_MasterConfigSynchronization  stm32f4xx_hal_tim_ex.o
    0x08001dc0   0x08001dc0   0x00000066   Code   RO         2793    i.HAL_TIM_Base_Init  stm32f4xx_hal_tim.o
    0x08001e26   0x08001e26   0x00000002   PAD
    0x08001e28   0x08001e28   0x00000048   Code   RO          837    i.HAL_TIM_Base_MspInit  tim.o
    0x08001e70   0x08001e70   0x000000a8   Code   RO         2798    i.HAL_TIM_Base_Start_IT  stm32f4xx_hal_tim.o
    0x08001f18   0x08001f18   0x00000002   Code   RO         2827    i.HAL_TIM_IC_CaptureCallback  stm32f4xx_hal_tim.o
    0x08001f1a   0x08001f1a   0x00000196   Code   RO         2841    i.HAL_TIM_IRQHandler  stm32f4xx_hal_tim.o
    0x080020b0   0x080020b0   0x00000002   Code   RO         2844    i.HAL_TIM_OC_DelayElapsedCallback  stm32f4xx_hal_tim.o
    0x080020b2   0x080020b2   0x00000002   Code   RO         2871    i.HAL_TIM_PWM_PulseFinishedCallback  stm32f4xx_hal_tim.o
    0x080020b4   0x080020b4   0x0000003c   Code   RO         4403    i.HAL_TIM_PeriodElapsedCallback  tsk_config_and_callback.o
    0x080020f0   0x080020f0   0x00000002   Code   RO         2884    i.HAL_TIM_TriggerCallback  stm32f4xx_hal_tim.o
    0x080020f2   0x080020f2   0x00000082   Code   RO         3945    i.HAL_UARTEx_ReceiveToIdle_DMA  stm32f4xx_hal_uart.o
    0x08002174   0x08002174   0x00000188   Code   RO          236    i.HAL_UARTEx_RxEventCallback  drv_uart.o
    0x080022fc   0x080022fc   0x00000002   Code   RO         3961    i.HAL_UART_ErrorCallback  stm32f4xx_hal_uart.o
    0x080022fe   0x080022fe   0x00000002   PAD
    0x08002300   0x08002300   0x000002e0   Code   RO         3964    i.HAL_UART_IRQHandler  stm32f4xx_hal_uart.o
    0x080025e0   0x080025e0   0x00000072   Code   RO         3965    i.HAL_UART_Init     stm32f4xx_hal_uart.o
    0x08002652   0x08002652   0x00000002   PAD
    0x08002654   0x08002654   0x0000011c   Code   RO          882    i.HAL_UART_MspInit  usart.o
    0x08002770   0x08002770   0x00000002   Code   RO         3971    i.HAL_UART_RxCpltCallback  stm32f4xx_hal_uart.o
    0x08002772   0x08002772   0x00000002   Code   RO         3972    i.HAL_UART_RxHalfCpltCallback  stm32f4xx_hal_uart.o
    0x08002774   0x08002774   0x00000002   Code   RO         3976    i.HAL_UART_TxCpltCallback  stm32f4xx_hal_uart.o
    0x08002776   0x08002776   0x00000004   Code   RO          932    i.HardFault_Handler  stm32f4xx_it.o
    0x0800277a   0x0800277a   0x00000002   PAD
    0x0800277c   0x0800277c   0x00000044   Code   RO          768    i.MX_CAN1_Init      can.o
    0x080027c0   0x080027c0   0x00000048   Code   RO          811    i.MX_DMA_Init       dma.o
    0x08002808   0x08002808   0x00000098   Code   RO          741    i.MX_GPIO_Init      gpio.o
    0x080028a0   0x080028a0   0x0000004c   Code   RO          838    i.MX_TIM6_Init      tim.o
    0x080028ec   0x080028ec   0x00000038   Code   RO          883    i.MX_USART2_UART_Init  usart.o
    0x08002924   0x08002924   0x00000004   Code   RO          933    i.MemManage_Handler  stm32f4xx_it.o
    0x08002928   0x08002928   0x00000004   Code   RO          934    i.NMI_Handler       stm32f4xx_it.o
    0x0800292c   0x0800292c   0x00000002   Code   RO          935    i.PendSV_Handler    stm32f4xx_it.o
    0x0800292e   0x0800292e   0x00000002   Code   RO          936    i.SVC_Handler       stm32f4xx_it.o
    0x08002930   0x08002930   0x00000008   Code   RO          937    i.SysTick_Handler   stm32f4xx_it.o
    0x08002938   0x08002938   0x00000014   Code   RO         4365    i.SystemInit        system_stm32f4xx.o
    0x0800294c   0x0800294c   0x00000010   Code   RO          938    i.TIM6_DAC_IRQHandler  stm32f4xx_it.o
    0x0800295c   0x0800295c   0x000000d8   Code   RO         2886    i.TIM_Base_SetConfig  stm32f4xx_hal_tim.o
    0x08002a34   0x08002a34   0x000000d0   Code   RO         3978    i.UART_Start_Receive_DMA  stm32f4xx_hal_uart.o
    0x08002b04   0x08002b04   0x00000010   Code   RO          939    i.USART2_IRQHandler  stm32f4xx_it.o
    0x08002b14   0x08002b14   0x00000004   Code   RO          940    i.UsageFault_Handler  stm32f4xx_it.o
    0x08002b18   0x08002b18   0x00000014   Code   RO           14    i._Z11BSP_DC24_LU20Enum_BSP_DC24_Status  drv_bsp.o
    0x08002b2c   0x08002b2c   0x000000bc   Code   RO          661    i._Z18SystemClock_Configv  main.o
    0x08002be8   0x08002be8   0x0000006e   Code   RO          292    i._Z22CAN_Filter_Mask_ConfigP19__CAN_HandleTypeDefhjj  drv_can.o
    0x08002c56   0x08002c56   0x00000002   PAD
    0x08002c58   0x08002c58   0x0000009c   Code   RO          662    i._Z22Power_Control_CallbackP20Struct_CAN_Rx_Buffer  main.o
    0x08002cf4   0x08002cf4   0x00000084   Code   RO          294    i._Z8CAN_InitP19__CAN_HandleTypeDefPFvP20Struct_CAN_Rx_BufferE  drv_can.o
    0x08002d78   0x08002d78   0x0000002c   Code   RO         1996    i._ZN41_INTERNAL_19_stm32f4xx_hal_dma_c_c25f65ec13DMA_SetConfigEP19__DMA_HandleTypeDefjjj  stm32f4xx_hal_dma.o
    0x08002da4   0x08002da4   0x000000aa   Code   RO         1997    i._ZN41_INTERNAL_19_stm32f4xx_hal_dma_c_c25f65ec18DMA_CheckFifoParamEP19__DMA_HandleTypeDef  stm32f4xx_hal_dma.o
    0x08002e4e   0x08002e4e   0x00000002   PAD
    0x08002e50   0x08002e50   0x00000034   Code   RO         1998    i._ZN41_INTERNAL_19_stm32f4xx_hal_dma_c_c25f65ec23DMA_CalcBaseAndBitshiftEP19__DMA_HandleTypeDef  stm32f4xx_hal_dma.o
    0x08002e84   0x08002e84   0x00000050   Code   RO         3980    i._ZN42_INTERNAL_20_stm32f4xx_hal_uart_c_d497114f13UART_DMAErrorEP19__DMA_HandleTypeDef  stm32f4xx_hal_uart.o
    0x08002ed4   0x08002ed4   0x0000022c   Code   RO         3981    i._ZN42_INTERNAL_20_stm32f4xx_hal_uart_c_d497114f14UART_SetConfigEP20__UART_HandleTypeDef  stm32f4xx_hal_uart.o
    0x08003100   0x08003100   0x000000f8   Code   RO         3982    i._ZN42_INTERNAL_20_stm32f4xx_hal_uart_c_d497114f15UART_Receive_ITEP20__UART_HandleTypeDef  stm32f4xx_hal_uart.o
    0x080031f8   0x080031f8   0x00000060   Code   RO         3983    i._ZN42_INTERNAL_20_stm32f4xx_hal_uart_c_d497114f16UART_Transmit_ITEP20__UART_HandleTypeDef  stm32f4xx_hal_uart.o
    0x08003258   0x08003258   0x00000020   Code   RO         3984    i._ZN42_INTERNAL_20_stm32f4xx_hal_uart_c_d497114f18UART_DMARxHalfCpltEP19__DMA_HandleTypeDef  stm32f4xx_hal_uart.o
    0x08003278   0x08003278   0x0000006c   Code   RO         3986    i._ZN42_INTERNAL_20_stm32f4xx_hal_uart_c_d497114f18UART_EndRxTransferEP20__UART_HandleTypeDef  stm32f4xx_hal_uart.o
    0x080032e4   0x080032e4   0x00000026   Code   RO         3987    i._ZN42_INTERNAL_20_stm32f4xx_hal_uart_c_d497114f18UART_EndTxTransferEP20__UART_HandleTypeDef  stm32f4xx_hal_uart.o
    0x0800330a   0x0800330a   0x000000b0   Code   RO         3988    i._ZN42_INTERNAL_20_stm32f4xx_hal_uart_c_d497114f19UART_DMAReceiveCpltEP19__DMA_HandleTypeDef  stm32f4xx_hal_uart.o
    0x080033ba   0x080033ba   0x00000020   Code   RO         3989    i._ZN42_INTERNAL_20_stm32f4xx_hal_uart_c_d497114f19UART_EndTransmit_ITEP20__UART_HandleTypeDef  stm32f4xx_hal_uart.o
    0x080033da   0x080033da   0x00000014   Code   RO         3990    i._ZN42_INTERNAL_20_stm32f4xx_hal_uart_c_d497114f20UART_DMAAbortOnErrorEP19__DMA_HandleTypeDef  stm32f4xx_hal_uart.o
    0x080033ee   0x080033ee   0x00000002   PAD
    0x080033f0   0x080033f0   0x00000028   Code   RO         2341    i._ZN44_INTERNAL_22_stm32f4xx_hal_cortex_c_2992dbc018__NVIC_SetPriorityE9IRQn_Typej  stm32f4xx_hal_cortex.o
    0x08003418   0x08003418   0x00000010   Code   RO         2342    i._ZN44_INTERNAL_22_stm32f4xx_hal_cortex_c_2992dbc026__NVIC_GetPriorityGroupingEv  stm32f4xx_hal_cortex.o
    0x08003428   0x08003428   0x0000004c   Code   RO          663    i.main              main.o
    0x08003474   0x08003474   0x0000000a   Code   RO         4608    x$fpl$fpinit        fz_wm.l(fpinit.o)
    0x0800347e   0x0800347e   0x00000008   Data   RO         2014    .constdata          stm32f4xx_hal_dma.o
    0x08003486   0x08003486   0x00000018   Data   RO         4368    .constdata          system_stm32f4xx.o
    0x0800349e   0x0800349e   0x00000002   PAD
    0x080034a0   0x080034a0   0x00000020   Data   RO         4666    Region$$Table       anon$$obj.o


    Execution Region RW_IRAM2 (Exec base: 0x10000000, Load base: 0x080034e0, Size: 0x00000000, Max: 0x00010000, ABSOLUTE)

    **** No section assigned to this execution region ****


    Execution Region RW_IRAM1 (Exec base: 0x20000000, Load base: 0x080034c0, Size: 0x000018b0, Max: 0x00030000, ABSOLUTE)

    Exec Addr    Load Addr    Size         Type   Attr      Idx    E Section Name        Object

    0x20000000   0x080034c0   0x00000008   Data   RW          668    .data               main.o
    0x20000008   0x080034c8   0x00000009   Data   RW         2541    .data               stm32f4xx_hal.o
    0x20000011   0x080034d1   0x00000003   PAD
    0x20000014   0x080034d4   0x00000004   Data   RW         4369    .data               system_stm32f4xx.o
    0x20000018   0x080034d8   0x00000005   Data   RW         4405    .data               tsk_config_and_callback.o
    0x2000001d   0x080034dd   0x00000003   PAD
    0x20000020        -       0x00001060   Zero   RW          244    .bss                drv_uart.o
    0x20001080        -       0x00000058   Zero   RW          301    .bss                drv_can.o
    0x200010d8        -       0x00000028   Zero   RW          772    .bss                can.o
    0x20001100        -       0x00000048   Zero   RW          842    .bss                tim.o
    0x20001148        -       0x00000104   Zero   RW          887    .bss                usart.o
    0x2000124c        -       0x00000060   Zero   RW         4524    .bss                c_w.l(libspace.o)
    0x200012ac   0x080034dd   0x00000004   PAD
    0x200012b0        -       0x00000200   Zero   RW            2    HEAP                startup_stm32f427xx.o
    0x200014b0        -       0x00000400   Zero   RW            1    STACK               startup_stm32f427xx.o


==============================================================================

Image component sizes


      Code (inc. data)   RO Data    RW Data    ZI Data      Debug   Object Name

       236         22          0          0         40       1693   can.o
        72          4          0          0          0        786   dma.o
        20          4          0          0          0     752106   drv_bsp.o
       418         48          0          0         88       4599   drv_can.o
       392         66          0          0       4192       2316   drv_uart.o
       152         10          0          0          0        951   gpio.o
       426         48          0          8          0       5250   main.o
        64         26        428          0       1536        840   startup_stm32f427xx.o
       172         32          0          9          0       8901   stm32f4xx_hal.o
      1748          6          0          0          0      11861   stm32f4xx_hal_can.o
       304         22          0          0          0      34427   stm32f4xx_hal_cortex.o
      1436         16          8          0          0       7026   stm32f4xx_hal_dma.o
       540         54          0          0          0       2144   stm32f4xx_hal_gpio.o
        72          4          0          0          0        870   stm32f4xx_hal_msp.o
       140         12          0          0          0       1296   stm32f4xx_hal_pwr_ex.o
      1820         84          0          0          0       5616   stm32f4xx_hal_rcc.o
       900         76          0          0          0       5883   stm32f4xx_hal_tim.o
       184         30          0          0          0       2501   stm32f4xx_hal_tim_ex.o
      2582         26          0          0          0      14137   stm32f4xx_hal_uart.o
       130         36          0          0          0       7156   stm32f4xx_it.o
        20          6         24          4          0       1143   system_stm32f4xx.o
       148         20          0          0         72       1614   tim.o
        60         12          0          5          0       1520   tsk_config_and_callback.o
       340         36          0          0        260       1888   usart.o

    ----------------------------------------------------------------------
     12402        700        494         32       6188     876524   Object Totals
         0          0         32          0          0          0   (incl. Generated)
        26          0          2          6          0          0   (incl. Padding)

    ----------------------------------------------------------------------

      Code (inc. data)   RO Data    RW Data    ZI Data      Debug   Library Member Name

         8          0          0          0          0         68   __main.o
         0          0          0          0          0          0   __rtentry.o
        12          0          0          0          0          0   __rtentry2.o
         6          0          0          0          0          0   __rtentry4.o
        52          8          0          0          0          0   __scatter.o
        26          0          0          0          0          0   __scatter_copy.o
        28          0          0          0          0          0   __scatter_zi.o
        18          0          0          0          0         80   exit.o
         6          0          0          0          0        152   heapauxi.o
         0          0          0          0          0          0   indicate_semi.o
         2          0          0          0          0          0   libinit.o
         6          0          0          0          0          0   libinit2.o
         2          0          0          0          0          0   libshutdown.o
         2          0          0          0          0          0   libshutdown2.o
         8          4          0          0         96         68   libspace.o
       238          0          0          0          0        100   lludivv7m.o
        78          0          0          0          0         80   rt_memclr_w.o
         2          0          0          0          0          0   rtexit.o
        10          0          0          0          0          0   rtexit2.o
        12          4          0          0          0         68   sys_exit.o
        74          0          0          0          0         80   sys_stackheap_outer.o
         2          0          0          0          0         68   use_no_semi.o
        10          0          0          0          0        116   fpinit.o

    ----------------------------------------------------------------------
       608         16          0          0        100        880   Library Totals
         6          0          0          0          4          0   (incl. Padding)

    ----------------------------------------------------------------------

      Code (inc. data)   RO Data    RW Data    ZI Data      Debug   Library Name

       592         16          0          0         96        764   c_w.l
        10          0          0          0          0        116   fz_wm.l

    ----------------------------------------------------------------------
       608         16          0          0        100        880   Library Totals

    ----------------------------------------------------------------------

==============================================================================


      Code (inc. data)   RO Data    RW Data    ZI Data      Debug   

     13010        716        494         32       6288     867044   Grand Totals
     13010        716        494         32       6288     867044   ELF Image Totals
     13010        716        494         32          0          0   ROM Totals

==============================================================================

    Total RO  Size (Code + RO Data)                13504 (  13.19kB)
    Total RW  Size (RW Data + ZI Data)              6320 (   6.17kB)
    Total ROM Size (Code + RO Data + RW Data)      13536 (  13.22kB)

==============================================================================

