Component: ARM Compiler 5.06 update 7 (build 960) Tool: armlink [4d3601]

==============================================================================

Section Cross References

    startup_stm32f427xx.o(STACK) refers (Special) to heapauxi.o(.text) for __use_two_region_memory
    startup_stm32f427xx.o(HEAP) refers (Special) to heapauxi.o(.text) for __use_two_region_memory
    startup_stm32f427xx.o(RESET) refers (Special) to heapauxi.o(.text) for __use_two_region_memory
    startup_stm32f427xx.o(RESET) refers to startup_stm32f427xx.o(STACK) for __initial_sp
    startup_stm32f427xx.o(RESET) refers to startup_stm32f427xx.o(.text) for Reset_Handler
    startup_stm32f427xx.o(RESET) refers to stm32f4xx_it.o(i.NMI_Handler) for NMI_Handler
    startup_stm32f427xx.o(RESET) refers to stm32f4xx_it.o(i.HardFault_Handler) for HardFault_Handler
    startup_stm32f427xx.o(RESET) refers to stm32f4xx_it.o(i.MemManage_Handler) for MemManage_Handler
    startup_stm32f427xx.o(RESET) refers to stm32f4xx_it.o(i.BusFault_Handler) for BusFault_Handler
    startup_stm32f427xx.o(RESET) refers to stm32f4xx_it.o(i.UsageFault_Handler) for UsageFault_Handler
    startup_stm32f427xx.o(RESET) refers to stm32f4xx_it.o(i.SVC_Handler) for SVC_Handler
    startup_stm32f427xx.o(RESET) refers to stm32f4xx_it.o(i.DebugMon_Handler) for DebugMon_Handler
    startup_stm32f427xx.o(RESET) refers to stm32f4xx_it.o(i.PendSV_Handler) for PendSV_Handler
    startup_stm32f427xx.o(RESET) refers to stm32f4xx_it.o(i.SysTick_Handler) for SysTick_Handler
    startup_stm32f427xx.o(RESET) refers to stm32f4xx_it.o(i.DMA1_Stream1_IRQHandler) for DMA1_Stream1_IRQHandler
    startup_stm32f427xx.o(RESET) refers to stm32f4xx_it.o(i.DMA1_Stream3_IRQHandler) for DMA1_Stream3_IRQHandler
    startup_stm32f427xx.o(RESET) refers to stm32f4xx_it.o(i.CAN1_TX_IRQHandler) for CAN1_TX_IRQHandler
    startup_stm32f427xx.o(RESET) refers to stm32f4xx_it.o(i.CAN1_RX0_IRQHandler) for CAN1_RX0_IRQHandler
    startup_stm32f427xx.o(RESET) refers to stm32f4xx_it.o(i.CAN1_RX1_IRQHandler) for CAN1_RX1_IRQHandler
    startup_stm32f427xx.o(RESET) refers to stm32f4xx_it.o(i.USART3_IRQHandler) for USART3_IRQHandler
    startup_stm32f427xx.o(RESET) refers to stm32f4xx_it.o(i.CAN2_TX_IRQHandler) for CAN2_TX_IRQHandler
    startup_stm32f427xx.o(RESET) refers to stm32f4xx_it.o(i.CAN2_RX0_IRQHandler) for CAN2_RX0_IRQHandler
    startup_stm32f427xx.o(RESET) refers to stm32f4xx_it.o(i.CAN2_RX1_IRQHandler) for CAN2_RX1_IRQHandler
    startup_stm32f427xx.o(.text) refers (Special) to heapauxi.o(.text) for __use_two_region_memory
    startup_stm32f427xx.o(.text) refers to system_stm32f4xx.o(i.SystemInit) for SystemInit
    startup_stm32f427xx.o(.text) refers to __main.o(!!!main) for __main
    startup_stm32f427xx.o(.text) refers to startup_stm32f427xx.o(HEAP) for Heap_Mem
    startup_stm32f427xx.o(.text) refers to startup_stm32f427xx.o(STACK) for Stack_Mem
    main.o(i.SystemClock_Config) refers to rt_memclr_w.o(.text) for __aeabi_memclr4
    main.o(i.SystemClock_Config) refers to stm32f4xx_hal_rcc.o(i.HAL_RCC_OscConfig) for HAL_RCC_OscConfig
    main.o(i.SystemClock_Config) refers to stm32f4xx_hal_pwr_ex.o(i.HAL_PWREx_EnableOverDrive) for HAL_PWREx_EnableOverDrive
    main.o(i.SystemClock_Config) refers to stm32f4xx_hal_rcc.o(i.HAL_RCC_ClockConfig) for HAL_RCC_ClockConfig
    main.o(i.main) refers to stm32f4xx_hal.o(i.HAL_Init) for HAL_Init
    main.o(i.main) refers to main.o(i.SystemClock_Config) for SystemClock_Config
    main.o(i.main) refers to gpio.o(i.MX_GPIO_Init) for MX_GPIO_Init
    main.o(i.main) refers to dma.o(i.MX_DMA_Init) for MX_DMA_Init
    main.o(i.main) refers to can.o(i.MX_CAN1_Init) for MX_CAN1_Init
    main.o(i.main) refers to can.o(i.MX_CAN2_Init) for MX_CAN2_Init
    main.o(i.main) refers to usart.o(i.MX_USART3_UART_Init) for MX_USART3_UART_Init
    main.o(i.main) refers to tsk_main.o(i.Task_Loop) for Task_Loop
    gpio.o(i.MX_GPIO_Init) refers to rt_memclr_w.o(.text) for __aeabi_memclr4
    gpio.o(i.MX_GPIO_Init) refers to stm32f4xx_hal_gpio.o(i.HAL_GPIO_WritePin) for HAL_GPIO_WritePin
    gpio.o(i.MX_GPIO_Init) refers to stm32f4xx_hal_gpio.o(i.HAL_GPIO_Init) for HAL_GPIO_Init
    can.o(i.HAL_CAN_MspDeInit) refers to stm32f4xx_hal_gpio.o(i.HAL_GPIO_DeInit) for HAL_GPIO_DeInit
    can.o(i.HAL_CAN_MspDeInit) refers to stm32f4xx_hal_cortex.o(i.HAL_NVIC_DisableIRQ) for HAL_NVIC_DisableIRQ
    can.o(i.HAL_CAN_MspDeInit) refers to can.o(.data) for .data
    can.o(i.HAL_CAN_MspInit) refers to rt_memclr_w.o(.text) for __aeabi_memclr4
    can.o(i.HAL_CAN_MspInit) refers to stm32f4xx_hal_gpio.o(i.HAL_GPIO_Init) for HAL_GPIO_Init
    can.o(i.HAL_CAN_MspInit) refers to stm32f4xx_hal_cortex.o(i.HAL_NVIC_SetPriority) for HAL_NVIC_SetPriority
    can.o(i.HAL_CAN_MspInit) refers to stm32f4xx_hal_cortex.o(i.HAL_NVIC_EnableIRQ) for HAL_NVIC_EnableIRQ
    can.o(i.HAL_CAN_MspInit) refers to can.o(.data) for .data
[...]
    i.UART_DMAReceiveCplt                    0x08003e4c   Section        0  stm32f4xx_hal_uart.o(i.UART_DMAReceiveCplt)
    UART_DMAReceiveCplt                      0x08003e4d   Thumb Code   134  stm32f4xx_hal_uart.o(i.UART_DMAReceiveCplt)
    i.UART_DMARxHalfCplt                     0x08003ed2   Section        0  stm32f4xx_hal_uart.o(i.UART_DMARxHalfCplt)
    UART_DMARxHalfCplt                       0x08003ed3   Thumb Code    30  stm32f4xx_hal_uart.o(i.UART_DMARxHalfCplt)
    i.UART_EndRxTransfer                     0x08003ef0   Section        0  stm32f4xx_hal_uart.o(i.UART_EndRxTransfer)
    UART_EndRxTransfer                       0x08003ef1   Thumb Code    78  stm32f4xx_hal_uart.o(i.UART_EndRxTransfer)
    i.UART_EndTxTransfer                     0x08003f3e   Section        0  stm32f4xx_hal_uart.o(i.UART_EndTxTransfer)
    UART_EndTxTransfer                       0x08003f3f   Thumb Code    28  stm32f4xx_hal_uart.o(i.UART_EndTxTransfer)
    i.UART_Receive_IT                        0x08003f5a   Section        0  stm32f4xx_hal_uart.o(i.UART_Receive_IT)
    UART_Receive_IT                          0x08003f5b   Thumb Code   194  stm32f4xx_hal_uart.o(i.UART_Receive_IT)
    i.UART_SetConfig                         0x0800401c   Section        0  stm32f4xx_hal_uart.o(i.UART_SetConfig)
    UART_SetConfig                           0x0800401d   Thumb Code   258  stm32f4xx_hal_uart.o(i.UART_SetConfig)
    i.UART_Start_Receive_DMA                 0x08004128   Section        0  stm32f4xx_hal_uart.o(i.UART_Start_Receive_DMA)
    i.USART3_IRQHandler                      0x080041c8   Section        0  stm32f4xx_it.o(i.USART3_IRQHandler)
    i.UsageFault_Handler                     0x080041d4   Section        0  stm32f4xx_it.o(i.UsageFault_Handler)
    i.__NVIC_SetPriority                     0x080041d6   Section        0  stm32f4xx_hal_cortex.o(i.__NVIC_SetPriority)
    __NVIC_SetPriority                       0x080041d7   Thumb Code    32  stm32f4xx_hal_cortex.o(i.__NVIC_SetPriority)
    i.__hardfp___mathlib_tofloat             0x080041f8   Section        0  narrow.o(i.__hardfp___mathlib_tofloat)
    i.__hardfp_atof                          0x080042f0   Section        0  atof.o(i.__hardfp_atof)
    i.__hardfp_ldexp                         0x08004328   Section        0  ldexp.o(i.__hardfp_ldexp)
    i.__mathlib_dbl_overflow                 0x080043f8   Section        0  dunder.o(i.__mathlib_dbl_overflow)
    i.__mathlib_dbl_underflow                0x08004418   Section        0  dunder.o(i.__mathlib_dbl_underflow)
    i.__mathlib_narrow                       0x08004438   Section        0  narrow.o(i.__mathlib_narrow)
    i.__support_ldexp                        0x0800444a   Section        0  ldexp.o(i.__support_ldexp)
    i._is_digit                              0x0800445e   Section        0  __printf_wp.o(i._is_digit)
    i.frexp                                  0x08004470   Section        0  frexp.o(i.frexp)
    i.main                                   0x080044fc   Section        0  main.o(i.main)
    locale$$code                             0x08004520   Section       44  lc_numeric_c.o(locale$$code)
    locale$$code                             0x0800454c   Section       44  lc_ctype_c.o(locale$$code)
    x$fpl$d2f                                0x08004578   Section       98  d2f.o(x$fpl$d2f)
    $v0                                      0x08004578   Number         0  d2f.o(x$fpl$d2f)
    x$fpl$dcheck1                            0x080045dc   Section       16  dcheck1.o(x$fpl$dcheck1)
    $v0                                      0x080045dc   Number         0  dcheck1.o(x$fpl$dcheck1)
    x$fpl$dcmpinf                            0x080045ec   Section       24  dcmpi.o(x$fpl$dcmpinf)
    $v0                                      0x080045ec   Number         0  dcmpi.o(x$fpl$dcmpinf)
    x$fpl$deqf                               0x08004604   Section      120  deqf.o(x$fpl$deqf)
    $v0                                      0x08004604   Number         0  deqf.o(x$fpl$deqf)
    x$fpl$dleqf                              0x0800467c   Section      120  dleqf.o(x$fpl$dleqf)
    $v0                                      0x0800467c   Number         0  dleqf.o(x$fpl$dleqf)
    x$fpl$dmul                               0x080046f4   Section      340  dmul.o(x$fpl$dmul)
    $v0                                      0x080046f4   Number         0  dmul.o(x$fpl$dmul)
    x$fpl$dnaninf                            0x08004848   Section      156  dnaninf.o(x$fpl$dnaninf)
    $v0                                      0x08004848   Number         0  dnaninf.o(x$fpl$dnaninf)
    x$fpl$dretinf                            0x080048e4   Section       12  dretinf.o(x$fpl$dretinf)
    $v0                                      0x080048e4   Number         0  dretinf.o(x$fpl$dretinf)
    x$fpl$drleqf                             0x080048f0   Section      108  drleqf.o(x$fpl$drleqf)
    $v0                                      0x080048f0   Number         0  drleqf.o(x$fpl$drleqf)
    x$fpl$fpinit                             0x0800495c   Section       10  fpinit.o(x$fpl$fpinit)
    $v0                                      0x0800495c   Number         0  fpinit.o(x$fpl$fpinit)
    x$fpl$fretinf                            0x08004966   Section       10  fretinf.o(x$fpl$fretinf)
    $v0                                      0x08004966   Number         0  fretinf.o(x$fpl$fretinf)
    x$fpl$ieeestatus                         0x08004970   Section        6  istatus.o(x$fpl$ieeestatus)
    $v0                                      0x08004970   Number         0  istatus.o(x$fpl$ieeestatus)
    x$fpl$retnan                             0x08004976   Section      100  retnan.o(x$fpl$retnan)
    $v0                                      0x08004976   Number         0  retnan.o(x$fpl$retnan)
    x$fpl$scalbn                             0x080049da   Section       92  scalbn.o(x$fpl$scalbn)
    $v0                                      0x080049da   Number         0  scalbn.o(x$fpl$scalbn)
    x$fpl$scanf1                             0x08004a36   Section        4  scanf1.o(x$fpl$scanf1)
    $v0                                      0x08004a36   Number         0  scanf1.o(x$fpl$scanf1)
    x$fpl$scanf2                             0x08004a3a   Section        8  scanf2.o(x$fpl$scanf2)
    $v0                                      0x08004a3a   Number         0  scanf2.o(x$fpl$scanf2)
    x$fpl$trapveneer                         0x08004a42   Section       48  trapv.o(x$fpl$trapveneer)
    $v0                                      0x08004a42   Number         0  trapv.o(x$fpl$trapveneer)
    .constdata                               0x08004a72   Section        8  stm32f4xx_hal_dma.o(.constdata)
    x$fpl$usenofp                            0x08004a72   Section        0  usenofp.o(x$fpl$usenofp)
    flagBitshiftOffset                       0x08004a72   Data           8  stm32f4xx_hal_dma.o(.constdata)
    .constdata                               0x08004a7a   Section       16  system_stm32f4xx.o(.constdata)
    .constdata                               0x08004a8a   Section        8  system_stm32f4xx.o(.constdata)
    .constdata                               0x08004a92   Section       17  __printf_flags_ss_wp.o(.constdata)
    maptable                                 0x08004a92   Data          17  __printf_flags_ss_wp.o(.constdata)
    .constdata                               0x08004aa4   Section      148  bigflt0.o(.constdata)
    tenpwrs_x                                0x08004aa4   Data          60  bigflt0.o(.constdata)
    tenpwrs_i                                0x08004ae0   Data          64  bigflt0.o(.constdata)
    c$$dinf                                  0x08004b58   Section        8  fpconst.o(c$$dinf)
    c$$dmax                                  0x08004b60   Section        8  fpconst.o(c$$dmax)
    locale$$data                             0x08004b68   Section       28  lc_numeric_c.o(locale$$data)
    __lcnum_c_name                           0x08004b6c   Data           2  lc_numeric_c.o(locale$$data)
    __lcnum_c_start                          0x08004b74   Data           0  lc_numeric_c.o(locale$$data)
    __lcnum_c_point                          0x08004b80   Data           0  lc_numeric_c.o(locale$$data)
    __lcnum_c_thousands                      0x08004b82   Data           0  lc_numeric_c.o(locale$$data)
    __lcnum_c_grouping                       0x08004b83   Data           0  lc_numeric_c.o(locale$$data)
    locale$$data                             0x08004b84   Section      272  lc_ctype_c.o(locale$$data)
    __lcnum_c_end                            0x08004b84   Data           0  lc_numeric_c.o(locale$$data)
    __lcctype_c_name                         0x08004b88   Data           2  lc_ctype_c.o(locale$$data)
    __lcctype_c_start                        0x08004b90   Data           0  lc_ctype_c.o(locale$$data)
    __lcctype_c_end                          0x08004c94   Data           0  lc_ctype_c.o(locale$$data)
    .data                                    0x20000000   Section        4  can.o(.data)
    HAL_RCC_CAN1_CLK_ENABLED                 0x20000000   Data           4  can.o(.data)
    .data                                    0x20000004   Section       12  stm32f4xx_hal.o(.data)
    .data                                    0x20000010   Section        4  system_stm32f4xx.o(.data)
    .data                                    0x20000014   Section       16  drv_can.o(.data)
    .data                                    0x20000024   Section        1  drv_serial.o(.data)
    .data                                    0x20000026   Section       24  tsk_callback.o(.data)
    .data                                    0x2000003e   Section        2  tsk_main.o(.data)
    .bss                                     0x20000040   Section       80  can.o(.bss)
    .bss                                     0x20000090   Section      264  usart.o(.bss)
    .bss                                     0x20000198   Section       36  drv_can.o(.bss)
    .bss                                     0x200001bc   Section      200  drv_serial.o(.bss)
    .bss                                     0x20000284   Section       80  tsk_main.o(.bss)
    .bss                                     0x200002d4   Section       96  libspace.o(.bss)
    HEAP                                     0x20000338   Section      512  startup_stm32f427xx.o(HEAP)
    Heap_Mem                                 0x20000338   Data         512  startup_stm32f427xx.o(HEAP)
    STACK                                    0x20000538   Section     1024  startup_stm32f427xx.o(STACK)
    Stack_Mem                                0x20000538   Data        1024  startup_stm32f427xx.o(STACK)
    __initial_sp                             0x20000938   Data           0  startup_stm32f427xx.o(STACK)

    Global Symbols

    Symbol Name                              Value     Ov Type        Size  Object(Section)

    BuildAttributes$$THM_ISAv4$E$P$D$K$B$S$7EM$VFPi3$EXTD16$VFPS$VFMA$PE$A:L22UL41UL21$X:L11$S22US41US21$IEEE1$IW$USESV6$~STKCKD$USESV7$~SHL$OTIME$ROPI$IEEEX$EBA8$UX$STANDARDLIB$REQ8$PRES8$EABIv2 0x00000000   Number         0  anon$$obj.o ABSOLUTE
    __ARM_use_no_argv                        0x00000000   Number         0  main.o ABSOLUTE
    _printf_flags                            0x00000000   Number         0  printf_stubs.o ABSOLUTE
    _printf_return_value                     0x00000000   Number         0  printf_stubs.o ABSOLUTE
    _printf_sizespec                         0x00000000   Number         0  printf_stubs.o ABSOLUTE
    _printf_widthprec                        0x00000000   Number         0  printf_stubs.o ABSOLUTE
    __ARM_exceptions_init                     - Undefined Weak Reference
    __alloca_initialize                       - Undefined Weak Reference
    __arm_fini_                               - Undefined Weak Reference
    __arm_preinit_                            - Undefined Weak Reference
    __cpp_initialize__aeabi_                  - Undefined Weak Reference
    __cxa_finalize                            - Undefined Weak Reference
    __sigvec_lookup                           - Undefined Weak Reference
    _atexit_init                              - Undefined Weak Reference
    _call_atexit_fns                          - Undefined Weak Reference
    _clock_init                               - Undefined Weak Reference
    _fp_trap_init                             - Undefined Weak Reference
    _fp_trap_shutdown                         - Undefined Weak Reference
    _get_lc_collate                           - Undefined Weak Reference
    _get_lc_monetary                          - Undefined Weak Reference
    _get_lc_time                              - Undefined Weak Reference
    _getenv_init                              - Undefined Weak Reference
    _handle_redirection                       - Undefined Weak Reference
    _init_alloc                               - Undefined Weak Reference
    _init_user_alloc                          - Undefined Weak Reference
    _initio                                   - Undefined Weak Reference
    _printf_mbtowc                            - Undefined Weak Reference
    _printf_wc                                - Undefined Weak Reference
    _rand_init                                - Undefined Weak Reference
    _signal_finish                            - Undefined Weak Reference
    _signal_init                              - Undefined Weak Reference
    _terminate_alloc                          - Undefined Weak Reference
    _terminate_user_alloc                     - Undefined Weak Reference
    _terminateio                              - Undefined Weak Reference
    __Vectors_Size                           0x000001ac   Number         0  startup_stm32f427xx.o ABSOLUTE
    __Vectors                                0x08000000   Data           4  startup_stm32f427xx.o(RESET)
    __Vectors_End                            0x080001ac   Data           0  startup_stm32f427xx.o(RESET)
    __main                                   0x080001ad   Thumb Code     8  __main.o(!!!main)
    __scatterload                            0x080001b5   Thumb Code     0  __scatter.o(!!!scatter)
    __scatterload_rt2                        0x080001b5   Thumb Code    44  __scatter.o(!!!scatter)
    __scatterload_rt2_thumb_only             0x080001b5   Thumb Code     0  __scatter.o(!!!scatter)
    __scatterload_null                       0x080001c3   Thumb Code     0  __scatter.o(!!!scatter)
    __scatterload_copy                       0x080001e9   Thumb Code    26  __scatter_copy.o(!!handler_copy)
    __scatterload_zeroinit                   0x08000205   Thumb Code    28  __scatter_zi.o(!!handler_zi)
    _printf_d                                0x08000221   Thumb Code     0  _printf_d.o(.ARM.Collect$$_printf_percent$$00000009)
    _printf_percent                          0x08000221   Thumb Code     0  _printf_percent.o(.ARM.Collect$$_printf_percent$$00000000)
    _printf_percent_end                      0x08000227   Thumb Code     0  _printf_percent_end.o(.ARM.Collect$$_printf_percent$$00000017)
    __rt_lib_init                            0x0800022b   Thumb Code     0  libinit.o(.ARM.Collect$$libinit$$00000000)
    __rt_lib_init_fp_1                       0x0800022d   Thumb Code     0  libinit2.o(.ARM.Collect$$libinit$$00000001)
    __rt_lib_init_heap_1                     0x08000231   Thumb Code     0  libinit2.o(.ARM.Collect$$libinit$$0000000A)
    __rt_lib_init_lc_common                  0x08000231   Thumb Code     0  libinit2.o(.ARM.Collect$$libinit$$0000000F)
    __rt_lib_init_preinit_1                  0x08000231   Thumb Code     0  libinit2.o(.ARM.Collect$$libinit$$00000004)
    __rt_lib_init_rand_1                     0x08000231   Thumb Code     0  libinit2.o(.ARM.Collect$$libinit$$0000000E)
    __rt_lib_init_user_alloc_1               0x08000231   Thumb Code     0  libinit2.o(.ARM.Collect$$libinit$$0000000C)
    __rt_lib_init_lc_collate_1               0x08000237   Thumb Code     0  libinit2.o(.ARM.Collect$$libinit$$00000011)
    __rt_lib_init_lc_ctype_2                 0x08000237   Thumb Code     0  libinit2.o(.ARM.Collect$$libinit$$00000012)
    __rt_lib_init_lc_ctype_1                 0x08000243   Thumb Code     0  libinit2.o(.ARM.Collect$$libinit$$00000013)
    __rt_lib_init_lc_monetary_1              0x08000243   Thumb Code     0  libinit2.o(.ARM.Collect$$libinit$$00000015)
    __rt_lib_init_lc_numeric_2               0x08000243   Thumb Code     0  libinit2.o(.ARM.Collect$$libinit$$00000016)
    __rt_lib_init_alloca_1                   0x0800024d   Thumb Code     0  libinit2.o(.ARM.Collect$$libinit$$0000002E)
    __rt_lib_init_argv_1                     0x0800024d   Thumb Code     0  libinit2.o(.ARM.Collect$$libinit$$0000002C)
    __rt_lib_init_atexit_1                   0x0800024d   Thumb Code     0  libinit2.o(.ARM.Collect$$libinit$$0000001B)
    __rt_lib_init_clock_1                    0x0800024d   Thumb Code     0  libinit2.o(.ARM.Collect$$libinit$$00000021)
    __rt_lib_init_cpp_1                      0x0800024d   Thumb Code     0  libinit2.o(.ARM.Collect$$libinit$$00000032)
    __rt_lib_init_exceptions_1               0x0800024d   Thumb Code     0  libinit2.o(.ARM.Collect$$libinit$$00000030)
    __rt_lib_init_fp_trap_1                  0x0800024d   Thumb Code     0  libinit2.o(.ARM.Collect$$libinit$$0000001F)
    __rt_lib_init_getenv_1                   0x0800024d   Thumb Code     0  libinit2.o(.ARM.Collect$$libinit$$00000023)
    __rt_lib_init_lc_numeric_1               0x0800024d   Thumb Code     0  libinit2.o(.ARM.Collect$$libinit$$00000017)
    __rt_lib_init_lc_time_1                  0x0800024d   Thumb Code     0  libinit2.o(.ARM.Collect$$libinit$$00000019)
    __rt_lib_init_return                     0x0800024d   Thumb Code     0  libinit2.o(.ARM.Collect$$libinit$$00000033)
    __rt_lib_init_signal_1                   0x0800024d   Thumb Code     0  libinit2.o(.ARM.Collect$$libinit$$0000001D)
    __rt_lib_init_stdio_1                    0x0800024d   Thumb Code     0  libinit2.o(.ARM.Collect$$libinit$$00000025)
    __rt_lib_shutdown                        0x0800024f   Thumb Code     0  libshutdown.o(.ARM.Collect$$libshutdown$$00000000)
    __rt_lib_shutdown_cpp_1                  0x08000251   Thumb Code     0  libshutdown2.o(.ARM.Collect$$libshutdown$$00000004)
    __rt_lib_shutdown_fini_1                 0x08000251   Thumb Code     0  libshutdown2.o(.ARM.Collect$$libshutdown$$00000002)
    __rt_lib_shutdown_fp_trap_1              0x08000251   Thumb Code     0  libshutdown2.o(.ARM.Collect$$libshutdown$$00000009)
    __rt_lib_shutdown_heap_1                 0x08000251   Thumb Code     0  libshutdown2.o(.ARM.Collect$$libshutdown$$00000011)
    __rt_lib_shutdown_return                 0x08000251   Thumb Code     0  libshutdown2.o(.ARM.Collect$$libshutdown$$00000012)
    __rt_lib_shutdown_signal_1               0x08000251   Thumb Code     0  libshutdown2.o(.ARM.Collect$$libshutdown$$0000000C)
    __rt_lib_shutdown_stdio_1                0x08000251   Thumb Code     0  libshutdown2.o(.ARM.Collect$$libshutdown$$00000006)
    __rt_lib_shutdown_user_alloc_1           0x08000251   Thumb Code     0  libshutdown2.o(.ARM.Collect$$libshutdown$$0000000E)
    __rt_entry                               0x08000253   Thumb Code     0  __rtentry.o(.ARM.Collect$$rtentry$$00000000)
    __rt_entry_presh_1                       0x08000253   Thumb Code     0  __rtentry2.o(.ARM.Collect$$rtentry$$00000002)
    __rt_entry_sh                            0x08000253   Thumb Code     0  __rtentry4.o(.ARM.Collect$$rtentry$$00000004)
    __rt_entry_li                            0x08000259   Thumb Code     0  __rtentry2.o(.ARM.Collect$$rtentry$$0000000A)
    __rt_entry_postsh_1                      0x08000259   Thumb Code     0  __rtentry2.o(.ARM.Collect$$rtentry$$00000009)
    __rt_entry_main                          0x0800025d   Thumb Code     0  __rtentry2.o(.ARM.Collect$$rtentry$$0000000D)
    __rt_entry_postli_1                      0x0800025d   Thumb Code     0  __rtentry2.o(.ARM.Collect$$rtentry$$0000000C)
    __rt_exit                                0x08000265   Thumb Code     0  rtexit.o(.ARM.Collect$$rtexit$$00000000)
    __rt_exit_ls                             0x08000267   Thumb Code     0  rtexit2.o(.ARM.Collect$$rtexit$$00000003)
    __rt_exit_prels_1                        0x08000267   Thumb Code     0  rtexit2.o(.ARM.Collect$$rtexit$$00000002)
    __rt_exit_exit                           0x0800026b   Thumb Code     0  rtexit2.o(.ARM.Collect$$rtexit$$00000004)
    Reset_Handler                            0x08000271   Thumb Code     8  startup_stm32f427xx.o(.text)
    ADC_IRQHandler                           0x0800028b   Thumb Code     0  startup_stm32f427xx.o(.text)
    CAN1_SCE_IRQHandler                      0x0800028b   Thumb Code     0  startup_stm32f427xx.o(.text)
    CAN2_SCE_IRQHandler                      0x0800028b   Thumb Code     0  startup_stm32f427xx.o(.text)
    DCMI_IRQHandler                          0x0800028b   Thumb Code     0  startup_stm32f427xx.o(.text)
    DMA1_Stream0_IRQHandler                  0x0800028b   Thumb Code     0  startup_stm32f427xx.o(.text)
    DMA1_Stream2_IRQHandler                  0x0800028b   Thumb Code     0  startup_stm32f427xx.o(.text)
    DMA1_Stream4_IRQHandler                  0x0800028b   Thumb Code     0  startup_stm32f427xx.o(.text)
    DMA1_Stream5_IRQHandler                  0x0800028b   Thumb Code     0  startup_stm32f427xx.o(.text)
    DMA1_Stream6_IRQHandler                  0x0800028b   Thumb Code     0  startup_stm32f427xx.o(.text)
    DMA1_Stream7_IRQHandler                  0x0800028b   Thumb Code     0  startup_stm32f427xx.o(.text)
    DMA2D_IRQHandler                         0x0800028b   Thumb Code     0  startup_stm32f427xx.o(.text)
    DMA2_Stream0_IRQHandler                  0x0800028b   Thumb Code     0  startup_stm32f427xx.o(.text)
    DMA2_Stream1_IRQHandler                  0x0800028b   Thumb Code     0  startup_stm32f427xx.o(.text)
    DMA2_Stream2_IRQHandler                  0x0800028b   Thumb Code     0  startup_stm32f427xx.o(.text)
    DMA2_Stream3_IRQHandler                  0x0800028b   Thumb Code     0  startup_stm32f427xx.o(.text)
    DMA2_Stream4_IRQHandler                  0x0800028b   Thumb Code     0  startup_stm32f427xx.o(.text)
    DMA2_Stream5_IRQHandler                  0x0800028b   Thumb Code     0  startup_stm32f427xx.o(.text)
    DMA2_Stream6_IRQHandler                  0x0800028b   Thumb Code     0  startup_stm32f427xx.o(.text)
    DMA2_Stream7_IRQHandler                  0x0800028b   Thumb Code     0  startup_stm32f427xx.o(.text)
    ETH_IRQHandler                           0x0800028b   Thumb Code     0  startup_stm32f427xx.o(.text)
    ETH_WKUP_IRQHandler                      0x0800028b   Thumb Code     0  startup_stm32f427xx.o(.text)
    EXTI0_IRQHandler                         0x0800028b   Thumb Code     0  startup_stm32f427xx.o(.text)
    EXTI15_10_IRQHandler                     0x0800028b   Thumb Code     0  startup_stm32f427xx.o(.text)
    EXTI1_IRQHandler                         0x0800028b   Thumb Code     0  startup_stm32f427xx.o(.text)
    EXTI2_IRQHandler                         0x0800028b   Thumb Code     0  startup_stm32f427xx.o(.text)
    EXTI3_IRQHandler                         0x0800028b   Thumb Code     0  startup_stm32f427xx.o(.text)
    EXTI4_IRQHandler                         0x0800028b   Thumb Code     0  startup_stm32f427xx.o(.text)
    EXTI9_5_IRQHandler                       0x0800028b   Thumb Code     0  startup_stm32f427xx.o(.text)
    FLASH_IRQHandler                         0x0800028b   Thumb Code     0  startup_stm32f427xx.o(.text)
    FMC_IRQHandler                           0x0800028b   Thumb Code     0  startup_stm32f427xx.o(.text)
    FPU_IRQHandler                           0x0800028b   Thumb Code     0  startup_stm32f427xx.o(.text)
    HASH_RNG_IRQHandler                      0x0800028b   Thumb Code     0  startup_stm32f427xx.o(.text)
    I2C1_ER_IRQHandler                       0x0800028b   Thumb Code     0  startup_stm32f427xx.o(.text)
    I2C1_EV_IRQHandler                       0x0800028b   Thumb Code     0  startup_stm32f427xx.o(.text)
    I2C2_ER_IRQHandler                       0x0800028b   Thumb Code     0  startup_stm32f427xx.o(.text)
    I2C2_EV_IRQHandler                       0x0800028b   Thumb Code     0  startup_stm32f427xx.o(.text)
    I2C3_ER_IRQHandler                       0x0800028b   Thumb Code     0  startup_stm32f427xx.o(.text)
    I2C3_EV_IRQHandler                       0x0800028b   Thumb Code     0  startup_stm32f427xx.o(.text)
    OTG_FS_IRQHandler                        0x0800028b   Thumb Code     0  startup_stm32f427xx.o(.text)
    OTG_FS_WKUP_IRQHandler                   0x0800028b   Thumb Code     0  startup_stm32f427xx.o(.text)
    OTG_HS_EP1_IN_IRQHandler                 0x0800028b   Thumb Code     0  startup_stm32f427xx.o(.text)
    OTG_HS_EP1_OUT_IRQHandler                0x0800028b   Thumb Code     0  startup_stm32f427xx.o(.text)
    OTG_HS_IRQHandler                        0x0800028b   Thumb Code     0  startup_stm32f427xx.o(.text)
    OTG_HS_WKUP_IRQHandler                   0x0800028b   Thumb Code     0  startup_stm32f427xx.o(.text)
    PVD_IRQHandler                           0x0800028b   Thumb Code     0  startup_stm32f427xx.o(.text)
    RCC_IRQHandler                           0x0800028b   Thumb Code     0  startup_stm32f427xx.o(.text)
    RTC_Alarm_IRQHandler                     0x0800028b   Thumb Code     0  startup_stm32f427xx.o(.text)
    RTC_WKUP_IRQHandler                      0x0800028b   Thumb Code     0  startup_stm32f427xx.o(.text)
    SAI1_IRQHandler                          0x0800028b   Thumb Code     0  startup_stm32f427xx.o(.text)
    SDIO_IRQHandler                          0x0800028b   Thumb Code     0  startup_stm32f427xx.o(.text)
    SPI1_IRQHandler                          0x0800028b   Thumb Code     0  startup_stm32f427xx.o(.text)
    SPI2_IRQHandler                          0x0800028b   Thumb Code     0  startup_stm32f427xx.o(.text)
    SPI3_IRQHandler                          0x0800028b   Thumb Code     0  startup_stm32f427xx.o(.text)
    SPI4_IRQHandler                          0x0800028b   Thumb Code     0  startup_stm32f427xx.o(.text)
    SPI5_IRQHandler                          0x0800028b   Thumb Code     0  startup_stm32f427xx.o(.text)
    SPI6_IRQHandler                          0x0800028b   Thumb Code     0  startup_stm32f427xx.o(.text)
    TAMP_STAMP_IRQHandler                    0x0800028b   Thumb Code     0  startup_stm32f427xx.o(.text)
    TIM1_BRK_TIM9_IRQHandler                 0x0800028b   Thumb Code     0  startup_stm32f427xx.o(.text)
    TIM1_CC_IRQHandler                       0x0800028b   Thumb Code     0  startup_stm32f427xx.o(.text)
    TIM1_TRG_COM_TIM11_IRQHandler            0x0800028b   Thumb Code     0  startup_stm32f427xx.o(.text)
    TIM1_UP_TIM10_IRQHandler                 0x0800028b   Thumb Code     0  startup_stm32f427xx.o(.text)
    TIM2_IRQHandler                          0x0800028b   Thumb Code     0  startup_stm32f427xx.o(.text)
    TIM3_IRQHandler                          0x0800028b   Thumb Code     0  startup_stm32f427xx.o(.text)
    TIM4_IRQHandler                          0x0800028b   Thumb Code     0  startup_stm32f427xx.o(.text)
    TIM5_IRQHandler                          0x0800028b   Thumb Code     0  startup_stm32f427xx.o(.text)
    TIM6_DAC_IRQHandler                      0x0800028b   Thumb Code     0  startup_stm32f427xx.o(.text)
    TIM7_IRQHandler                          0x0800028b   Thumb Code     0  startup_stm32f427xx.o(.text)
    TIM8_BRK_TIM12_IRQHandler                0x0800028b   Thumb Code     0  startup_stm32f427xx.o(.text)
    TIM8_CC_IRQHandler                       0x0800028b   Thumb Code     0  startup_stm32f427xx.o(.text)
    TIM8_TRG_COM_TIM14_IRQHandler            0x0800028b   Thumb Code     0  startup_stm32f427xx.o(.text)
    TIM8_UP_TIM13_IRQHandler                 0x0800028b   Thumb Code     0  startup_stm32f427xx.o(.text)
    UART4_IRQHandler                         0x0800028b   Thumb Code     0  startup_stm32f427xx.o(.text)
    UART5_IRQHandler                         0x0800028b   Thumb Code     0  startup_stm32f427xx.o(.text)
    UART7_IRQHandler                         0x0800028b   Thumb Code     0  startup_stm32f427xx.o(.text)
    UART8_IRQHandler                         0x0800028b   Thumb Code     0  startup_stm32f427xx.o(.text)
    USART1_IRQHandler                        0x0800028b   Thumb Code     0  startup_stm32f427xx.o(.text)
    USART2_IRQHandler                        0x0800028b   Thumb Code     0  startup_stm32f427xx.o(.text)
    USART6_IRQHandler                        0x0800028b   Thumb Code     0  startup_stm32f427xx.o(.text)
    WWDG_IRQHandler                          0x0800028b   Thumb Code     0  startup_stm32f427xx.o(.text)
    __user_initial_stackheap                 0x0800028d   Thumb Code     0  startup_stm32f427xx.o(.text)
    __aeabi_uldivmod                         0x080002b1   Thumb Code     0  lludivv7m.o(.text)
    _ll_udiv                                 0x080002b1   Thumb Code   238  lludivv7m.o(.text)
    __2sprintf                               0x080003a1   Thumb Code    38  __2sprintf.o(.text)
    _printf_int_dec                          0x080003cd   Thumb Code   104  _printf_dec.o(.text)
    __printf                                 0x08000445   Thumb Code   388  __printf_flags_ss_wp.o(.text)
    __aeabi_memclr4                          0x080005cd   Thumb Code     0  rt_memclr_w.o(.text)
    __aeabi_memclr8                          0x080005cd   Thumb Code     0  rt_memclr_w.o(.text)
    __rt_memclr_w                            0x080005cd   Thumb Code    78  rt_memclr_w.o(.text)
    _memset_w                                0x080005d1   Thumb Code     0  rt_memclr_w.o(.text)
    __use_two_region_memory                  0x0800061b   Thumb Code     2  heapauxi.o(.text)
    __rt_heap_escrow$2region                 0x0800061d   Thumb Code     2  heapauxi.o(.text)
    __rt_heap_expand$2region                 0x0800061f   Thumb Code     2  heapauxi.o(.text)
    __read_errno                             0x08000621   Thumb Code    10  _rserrno.o(.text)
    __set_errno                              0x0800062b   Thumb Code    12  _rserrno.o(.text)
    _printf_int_common                       0x08000637   Thumb Code   178  _printf_intcommon.o(.text)
    _printf_char_common                      0x080006f3   Thumb Code    32  _printf_char_common.o(.text)
    _sputc                                   0x08000719   Thumb Code    10  _sputc.o(.text)
    __strtod_int                             0x08000761   Thumb Code    90  strtod.o(.text)
    __aeabi_errno_addr                       0x080007c9   Thumb Code     8  rt_errno_addr_intlibspace.o(.text)
    __errno$intlibspace                      0x080007c9   Thumb Code     0  rt_errno_addr_intlibspace.o(.text)
    __rt_errno_addr$intlibspace              0x080007c9   Thumb Code     0  rt_errno_addr_intlibspace.o(.text)
    isspace                                  0x080007d1   Thumb Code    18  isspace.o(.text)
    _sgetc                                   0x080007e3   Thumb Code    30  _sgetc.o(.text)
    _sbackspace                              0x08000801   Thumb Code    34  _sgetc.o(.text)
    __user_libspace                          0x08000825   Thumb Code     8  libspace.o(.text)
    __user_perproc_libspace                  0x08000825   Thumb Code     0  libspace.o(.text)
    __user_perthread_libspace                0x08000825   Thumb Code     0  libspace.o(.text)
    __user_setup_stackheap                   0x0800082d   Thumb Code    74  sys_stackheap_outer.o(.text)
    __rt_ctype_table                         0x08000879   Thumb Code    16  rt_ctype_table.o(.text)
    __rt_locale                              0x08000889   Thumb Code     8  rt_locale_intlibspace.o(.text)
    _scanf_really_real                       0x08000add   Thumb Code   684  scanf_fp.o(.text)
    _btod_etento                             0x08000d89   Thumb Code   224  bigflt0.o(.text)
    exit                                     0x08000e6d   Thumb Code    18  exit.o(.text)
    strcmp                                   0x08000e81   Thumb Code   128  strcmpv7m.o(.text)
    _sys_exit                                0x08000f01   Thumb Code     8  sys_exit.o(.text)
    _scanf_really_hex_real                   0x08000f0d   Thumb Code   786  scanf_hexfp.o(.text)
    _scanf_really_infnan                     0x0800122d   Thumb Code   292  scanf_infnan.o(.text)
    __I$use$semihosting                      0x08001361   Thumb Code     0  use_no_semi.o(.text)
    __use_no_semihosting_swi                 0x08001361   Thumb Code     2  use_no_semi.o(.text)
    __aeabi_llsl                             0x08001363   Thumb Code     0  llshl.o(.text)
    __semihosting_library_function           0x08001363   Thumb Code     0  indicate_semi.o(.text)
    _ll_shift_l                              0x08001363   Thumb Code    38  llshl.o(.text)
    _chval                                   0x08001389   Thumb Code    28  _chval.o(.text)
    __btod_div_common                        0x080013a5   Thumb Code   696  btod.o(CL$$btod_div_common)
    _e2d                                     0x080016dd   Thumb Code   122  btod.o(CL$$btod_e2d)
    _e2e                                     0x08001761   Thumb Code   220  btod.o(CL$$btod_e2e)
    _btod_ediv                               0x0800183d   Thumb Code    42  btod.o(CL$$btod_ediv)
    _btod_edivd                              0x08001867   Thumb Code    42  btod.o(CL$$btod_edivd)
    _btod_emul                               0x08001891   Thumb Code    42  btod.o(CL$$btod_emul)
    _btod_emuld                              0x080018bb   Thumb Code    42  btod.o(CL$$btod_emuld)
    __btod_mult_common                       0x080018e5   Thumb Code   580  btod.o(CL$$btod_mult_common)
    BSP_DC24_LD                              0x08001b29   Thumb Code    10  drv_bsp.o(i.BSP_DC24_LD)
    BSP_DC24_LU                              0x08001b39   Thumb Code    10  drv_bsp.o(i.BSP_DC24_LU)
    BSP_DC24_RD                              0x08001b49   Thumb Code    10  drv_bsp.o(i.BSP_DC24_RD)
    BSP_DC24_RU                              0x08001b59   Thumb Code    10  drv_bsp.o(i.BSP_DC24_RU)
    BSP_Init                                 0x08001b69   Thumb Code    40  drv_bsp.o(i.BSP_Init)
    BusFault_Handler                         0x08001b91   Thumb Code     2  stm32f4xx_it.o(i.BusFault_Handler)
    CAN1_RX0_IRQHandler                      0x08001b95   Thumb Code     6  stm32f4xx_it.o(i.CAN1_RX0_IRQHandler)
    CAN1_RX1_IRQHandler                      0x08001ba1   Thumb Code     6  stm32f4xx_it.o(i.CAN1_RX1_IRQHandler)
    CAN1_TX_IRQHandler                       0x08001bad   Thumb Code     6  stm32f4xx_it.o(i.CAN1_TX_IRQHandler)
    CAN2_RX0_IRQHandler                      0x08001bb9   Thumb Code     6  stm32f4xx_it.o(i.CAN2_RX0_IRQHandler)
    CAN2_RX1_IRQHandler                      0x08001bc5   Thumb Code     6  stm32f4xx_it.o(i.CAN2_RX1_IRQHandler)
    CAN2_TX_IRQHandler                       0x08001bd1   Thumb Code     6  stm32f4xx_it.o(i.CAN2_TX_IRQHandler)
    CAN_Filter_Config                        0x08001bdd   Thumb Code    88  drv_can.o(i.CAN_Filter_Config)
    CAN_Init                                 0x08001c35   Thumb Code   106  drv_can.o(i.CAN_Init)
    CAN_RX_Message_Get                       0x08001cad   Thumb Code    88  tsk_callback.o(i.CAN_RX_Message_Get)
    CAN_Send_Data                            0x08001d39   Thumb Code    74  drv_can.o(i.CAN_Send_Data)
    DMA1_Stream1_IRQHandler                  0x08001d85   Thumb Code     6  stm32f4xx_it.o(i.DMA1_Stream1_IRQHandler)
    DMA1_Stream3_IRQHandler                  0x08001d91   Thumb Code     6  stm32f4xx_it.o(i.DMA1_Stream3_IRQHandler)
    DebugMon_Handler                         0x08001e41   Thumb Code     2  stm32f4xx_it.o(i.DebugMon_Handler)
    Delay_ms                                 0x08001e43   Thumb Code    22  tsk_delay.o(i.Delay_ms)
    Delay_us                                 0x08001e59   Thumb Code    30  tsk_delay.o(i.Delay_us)
    Error_Handler                            0x08001e77   Thumb Code     4  main.o(i.Error_Handler)
    HAL_CAN_ActivateNotification             0x08001e7b   Thumb Code    36  stm32f4xx_hal_can.o(i.HAL_CAN_ActivateNotification)
    HAL_CAN_AddTxMessage                     0x08001e9f   Thumb Code   208  stm32f4xx_hal_can.o(i.HAL_CAN_AddTxMessage)
    HAL_CAN_ConfigFilter                     0x08001f71   Thumb Code   262  stm32f4xx_hal_can.o(i.HAL_CAN_ConfigFilter)
    HAL_CAN_ErrorCallback                    0x0800207d   Thumb Code     2  stm32f4xx_hal_can.o(i.HAL_CAN_ErrorCallback)
    HAL_CAN_GetRxMessage                     0x0800207f   Thumb Code   244  stm32f4xx_hal_can.o(i.HAL_CAN_GetRxMessage)
    HAL_CAN_IRQHandler                       0x08002173   Thumb Code   508  stm32f4xx_hal_can.o(i.HAL_CAN_IRQHandler)
    HAL_CAN_Init                             0x0800236f   Thumb Code   282  stm32f4xx_hal_can.o(i.HAL_CAN_Init)
    HAL_CAN_MspInit                          0x08002489   Thumb Code   292  can.o(i.HAL_CAN_MspInit)
    HAL_CAN_RxFifo0FullCallback              0x080025c5   Thumb Code     2  stm32f4xx_hal_can.o(i.HAL_CAN_RxFifo0FullCallback)
    HAL_CAN_RxFifo0MsgPendingCallback        0x080025c9   Thumb Code    60  drv_can.o(i.HAL_CAN_RxFifo0MsgPendingCallback)
    HAL_CAN_RxFifo1FullCallback              0x08002615   Thumb Code     2  stm32f4xx_hal_can.o(i.HAL_CAN_RxFifo1FullCallback)
    HAL_CAN_RxFifo1MsgPendingCallback        0x08002619   Thumb Code    60  drv_can.o(i.HAL_CAN_RxFifo1MsgPendingCallback)
    HAL_CAN_SleepCallback                    0x08002665   Thumb Code     2  stm32f4xx_hal_can.o(i.HAL_CAN_SleepCallback)
    HAL_CAN_Start                            0x08002669   Thumb Code    88  stm32f4xx_hal_can.o(i.HAL_CAN_Start)
    HAL_CAN_TxMailbox0AbortCallback          0x080026c1   Thumb Code     2  stm32f4xx_hal_can.o(i.HAL_CAN_TxMailbox0AbortCallback)
    HAL_CAN_TxMailbox0CompleteCallback       0x080026c3   Thumb Code     2  stm32f4xx_hal_can.o(i.HAL_CAN_TxMailbox0CompleteCallback)
    HAL_CAN_TxMailbox1AbortCallback          0x080026c5   Thumb Code     2  stm32f4xx_hal_can.o(i.HAL_CAN_TxMailbox1AbortCallback)
    HAL_CAN_TxMailbox1CompleteCallback       0x080026c7   Thumb Code     2  stm32f4xx_hal_can.o(i.HAL_CAN_TxMailbox1CompleteCallback)
    HAL_CAN_TxMailbox2AbortCallback          0x080026c9   Thumb Code     2  stm32f4xx_hal_can.o(i.HAL_CAN_TxMailbox2AbortCallback)
    HAL_CAN_TxMailbox2CompleteCallback       0x080026cb   Thumb Code     2  stm32f4xx_hal_can.o(i.HAL_CAN_TxMailbox2CompleteCallback)
    HAL_CAN_WakeUpFromRxMsgCallback          0x080026cd   Thumb Code     2  stm32f4xx_hal_can.o(i.HAL_CAN_WakeUpFromRxMsgCallback)
    HAL_DMA_Abort                            0x080026cf   Thumb Code   146  stm32f4xx_hal_dma.o(i.HAL_DMA_Abort)
    HAL_DMA_Abort_IT                         0x08002761   Thumb Code    36  stm32f4xx_hal_dma.o(i.HAL_DMA_Abort_IT)
    HAL_DMA_IRQHandler                       0x08002785   Thumb Code   412  stm32f4xx_hal_dma.o(i.HAL_DMA_IRQHandler)
    HAL_DMA_Init                             0x08002925   Thumb Code   206  stm32f4xx_hal_dma.o(i.HAL_DMA_Init)
    HAL_DMA_Start_IT                         0x080029f9   Thumb Code   110  stm32f4xx_hal_dma.o(i.HAL_DMA_Start_IT)
    HAL_GPIO_Init                            0x08002a69   Thumb Code   510  stm32f4xx_hal_gpio.o(i.HAL_GPIO_Init)
    HAL_GPIO_WritePin                        0x08002c9d   Thumb Code    10  stm32f4xx_hal_gpio.o(i.HAL_GPIO_WritePin)
    HAL_GetTick                              0x08002ca9   Thumb Code     6  stm32f4xx_hal.o(i.HAL_GetTick)
    HAL_IncTick                              0x08002cb5   Thumb Code    12  stm32f4xx_hal.o(i.HAL_IncTick)
    HAL_Init                                 0x08002cc5   Thumb Code    48  stm32f4xx_hal.o(i.HAL_Init)
    HAL_InitTick                             0x08002cf9   Thumb Code    54  stm32f4xx_hal.o(i.HAL_InitTick)
    HAL_MspInit                              0x08002d39   Thumb Code    42  stm32f4xx_hal_msp.o(i.HAL_MspInit)
    HAL_NVIC_EnableIRQ                       0x08002d69   Thumb Code    26  stm32f4xx_hal_cortex.o(i.HAL_NVIC_EnableIRQ)
    HAL_NVIC_SetPriority                     0x08002d85   Thumb Code    60  stm32f4xx_hal_cortex.o(i.HAL_NVIC_SetPriority)
    HAL_NVIC_SetPriorityGrouping             0x08002dc5   Thumb Code    26  stm32f4xx_hal_cortex.o(i.HAL_NVIC_SetPriorityGrouping)
    HAL_PWREx_EnableOverDrive                0x08002de9   Thumb Code    98  stm32f4xx_hal_pwr_ex.o(i.HAL_PWREx_EnableOverDrive)
    HAL_RCC_ClockConfig                      0x08002e59   Thumb Code   288  stm32f4xx_hal_rcc.o(i.HAL_RCC_ClockConfig)
    HAL_RCC_GetPCLK1Freq                     0x08002f8d   Thumb Code    20  stm32f4xx_hal_rcc.o(i.HAL_RCC_GetPCLK1Freq)
    HAL_RCC_GetPCLK2Freq                     0x08002fad   Thumb Code    20  stm32f4xx_hal_rcc.o(i.HAL_RCC_GetPCLK2Freq)
    HAL_RCC_GetSysClockFreq                  0x08002fcd   Thumb Code    88  stm32f4xx_hal_rcc.o(i.HAL_RCC_GetSysClockFreq)
    HAL_RCC_OscConfig                        0x08003031   Thumb Code   856  stm32f4xx_hal_rcc.o(i.HAL_RCC_OscConfig)
    HAL_SYSTICK_Config                       0x0800339d   Thumb Code    40  stm32f4xx_hal_cortex.o(i.HAL_SYSTICK_Config)
    HAL_UARTEx_ReceiveToIdle_DMA             0x080033c5   Thumb Code    74  stm32f4xx_hal_uart.o(i.HAL_UARTEx_ReceiveToIdle_DMA)
    HAL_UARTEx_RxEventCallback               0x0800340f   Thumb Code     4  tsk_callback.o(i.HAL_UARTEx_RxEventCallback)
    HAL_UART_ErrorCallback                   0x08003413   Thumb Code     2  stm32f4xx_hal_uart.o(i.HAL_UART_ErrorCallback)
    HAL_UART_IRQHandler                      0x08003415   Thumb Code   636  stm32f4xx_hal_uart.o(i.HAL_UART_IRQHandler)
    HAL_UART_Init                            0x08003695   Thumb Code   100  stm32f4xx_hal_uart.o(i.HAL_UART_Init)
    HAL_UART_MspInit                         0x080036f9   Thumb Code   210  usart.o(i.HAL_UART_MspInit)
    HAL_UART_RxCpltCallback                  0x080037e1   Thumb Code     2  stm32f4xx_hal_uart.o(i.HAL_UART_RxCpltCallback)
    HAL_UART_RxHalfCpltCallback              0x080037e3   Thumb Code     2  stm32f4xx_hal_uart.o(i.HAL_UART_RxHalfCpltCallback)
    HAL_UART_Transmit_IT                     0x080037e5   Thumb Code    50  stm32f4xx_hal_uart.o(i.HAL_UART_Transmit_IT)
    HAL_UART_TxCpltCallback                  0x08003817   Thumb Code     2  stm32f4xx_hal_uart.o(i.HAL_UART_TxCpltCallback)
    HardFault_Handler                        0x08003819   Thumb Code     2  stm32f4xx_it.o(i.HardFault_Handler)
    Init_All                                 0x0800381d   Thumb Code   114  tsk_main.o(i.Init_All)
    M3508_Init                               0x080038b5   Thumb Code    30  dvc_m3508.o(i.M3508_Init)
    M3508_Set_Current                        0x080038d3   Thumb Code    40  dvc_m3508.o(i.M3508_Set_Current)
    MX_CAN1_Init                             0x080038fd   Thumb Code    58  can.o(i.MX_CAN1_Init)
    MX_CAN2_Init                             0x08003941   Thumb Code    58  can.o(i.MX_CAN2_Init)
    MX_DMA_Init                              0x08003985   Thumb Code    56  dma.o(i.MX_DMA_Init)
    MX_GPIO_Init                             0x080039c1   Thumb Code   116  gpio.o(i.MX_GPIO_Init)
    MX_USART3_UART_Init                      0x08003a3d   Thumb Code    48  usart.o(i.MX_USART3_UART_Init)
    MemManage_Handler                        0x08003a75   Thumb Code     2  stm32f4xx_it.o(i.MemManage_Handler)
    Motor_Call_Back                          0x08003a79   Thumb Code    52  tsk_callback.o(i.Motor_Call_Back)
    NMI_Handler                              0x08003ab1   Thumb Code     2  stm32f4xx_it.o(i.NMI_Handler)
    PID_Caculate                             0x08003ab3   Thumb Code   126  alg_pid.o(i.PID_Caculate)
    PID_Caculate_Angle                       0x08003b31   Thumb Code     4  alg_pid.o(i.PID_Caculate_Angle)
    PID_Caculate_Speed                       0x08003b35   Thumb Code     4  alg_pid.o(i.PID_Caculate_Speed)
    PID_Init                                 0x08003b39   Thumb Code    26  alg_pid.o(i.PID_Init)
    PID_ParseSerialPack                      0x08003b59   Thumb Code   306  alg_serial.o(i.PID_ParseSerialPack)
    PendSV_Handler                           0x08003c9d   Thumb Code     2  stm32f4xx_it.o(i.PendSV_Handler)
    SVC_Handler                              0x08003c9f   Thumb Code     2  stm32f4xx_it.o(i.SVC_Handler)
    Serial_RxDMA_Init                        0x08003ca1   Thumb Code    26  drv_serial.o(i.Serial_RxDMA_Init)
    Serial_RxEventCallback                   0x08003cc1   Thumb Code    48  drv_serial.o(i.Serial_RxEventCallback)
    SysTick_Handler                          0x08003d01   Thumb Code     4  stm32f4xx_it.o(i.SysTick_Handler)
    SystemClock_Config                       0x08003d05   Thumb Code   146  main.o(i.SystemClock_Config)
    SystemInit                               0x08003da1   Thumb Code    12  system_stm32f4xx.o(i.SystemInit)
    Task_Loop                                0x08003db1   Thumb Code    50  tsk_main.o(i.Task_Loop)
    UART_Start_Receive_DMA                   0x08004129   Thumb Code   146  stm32f4xx_hal_uart.o(i.UART_Start_Receive_DMA)
    USART3_IRQHandler                        0x080041c9   Thumb Code     6  stm32f4xx_it.o(i.USART3_IRQHandler)
    UsageFault_Handler                       0x080041d5   Thumb Code     2  stm32f4xx_it.o(i.UsageFault_Handler)
    __hardfp___mathlib_tofloat               0x080041f9   Thumb Code   232  narrow.o(i.__hardfp___mathlib_tofloat)
    __hardfp_atof                            0x080042f1   Thumb Code    44  atof.o(i.__hardfp_atof)
    __hardfp_ldexp                           0x08004329   Thumb Code   200  ldexp.o(i.__hardfp_ldexp)
    __mathlib_dbl_overflow                   0x080043f9   Thumb Code    24  dunder.o(i.__mathlib_dbl_overflow)
    __mathlib_dbl_underflow                  0x08004419   Thumb Code    24  dunder.o(i.__mathlib_dbl_underflow)
    __mathlib_narrow                         0x08004439   Thumb Code    18  narrow.o(i.__mathlib_narrow)
    __support_ldexp                          0x0800444b   Thumb Code    20  ldexp.o(i.__support_ldexp)
    _is_digit                                0x0800445f   Thumb Code    14  __printf_wp.o(i._is_digit)
    frexp                                    0x08004471   Thumb Code   118  frexp.o(i.frexp)
    main                                     0x080044fd   Thumb Code    34  main.o(i.main)
    _get_lc_numeric                          0x08004521   Thumb Code    44  lc_numeric_c.o(locale$$code)
    _get_lc_ctype                            0x0800454d   Thumb Code    44  lc_ctype_c.o(locale$$code)
    __aeabi_d2f                              0x08004579   Thumb Code     0  d2f.o(x$fpl$d2f)
    _d2f                                     0x08004579   Thumb Code    98  d2f.o(x$fpl$d2f)
    __fpl_dcheck_NaN1                        0x080045dd   Thumb Code    10  dcheck1.o(x$fpl$dcheck1)
    __fpl_dcmp_Inf                           0x080045ed   Thumb Code    24  dcmpi.o(x$fpl$dcmpinf)
    __aeabi_cdcmpeq                          0x08004605   Thumb Code     0  deqf.o(x$fpl$deqf)
    _dcmpeq                                  0x08004605   Thumb Code   120  deqf.o(x$fpl$deqf)
    __aeabi_cdcmple                          0x0800467d   Thumb Code     0  dleqf.o(x$fpl$dleqf)
    _dcmple                                  0x0800467d   Thumb Code   120  dleqf.o(x$fpl$dleqf)
    __fpl_dcmple_InfNaN                      0x080046df   Thumb Code     0  dleqf.o(x$fpl$dleqf)
    __aeabi_dmul                             0x080046f5   Thumb Code     0  dmul.o(x$fpl$dmul)
    _dmul                                    0x080046f5   Thumb Code   332  dmul.o(x$fpl$dmul)
    __fpl_dnaninf                            0x08004849   Thumb Code   156  dnaninf.o(x$fpl$dnaninf)
    __fpl_dretinf                            0x080048e5   Thumb Code    12  dretinf.o(x$fpl$dretinf)
    __aeabi_cdrcmple                         0x080048f1   Thumb Code     0  drleqf.o(x$fpl$drleqf)
    _drcmple                                 0x080048f1   Thumb Code   108  drleqf.o(x$fpl$drleqf)
    _fp_init                                 0x0800495d   Thumb Code    10  fpinit.o(x$fpl$fpinit)
    __fplib_config_fpu_vfp                   0x08004965   Thumb Code     0  fpinit.o(x$fpl$fpinit)
    __fplib_config_pureend_doubles           0x08004965   Thumb Code     0  fpinit.o(x$fpl$fpinit)
    __fpl_fretinf                            0x08004967   Thumb Code    10  fretinf.o(x$fpl$fretinf)
    __ieee_status                            0x08004971   Thumb Code     6  istatus.o(x$fpl$ieeestatus)
    __fpl_return_NaN                         0x08004977   Thumb Code   100  retnan.o(x$fpl$retnan)
    __ARM_scalbn                             0x080049db   Thumb Code    92  scalbn.o(x$fpl$scalbn)
    _scanf_real                              0x08004a37   Thumb Code     4  scanf1.o(x$fpl$scanf1)
    _scanf_hex_real                          0x08004a3b   Thumb Code     4  scanf2.o(x$fpl$scanf2)
    _scanf_infnan                            0x08004a3f   Thumb Code     4  scanf2.o(x$fpl$scanf2)
    __fpl_cmpreturn                          0x08004a43   Thumb Code    48  trapv.o(x$fpl$trapveneer)
    __I$use$fp                               0x08004a72   Number         0  usenofp.o(x$fpl$usenofp)
    AHBPrescTable                            0x08004a7a   Data          16  system_stm32f4xx.o(.constdata)
    APBPrescTable                            0x08004a8a   Data           8  system_stm32f4xx.o(.constdata)
    Region$$Table$$Base                      0x08004b38   Number         0  anon$$obj.o(Region$$Table)
    Region$$Table$$Limit                     0x08004b58   Number         0  anon$$obj.o(Region$$Table)
    __aeabi_HUGE_VAL                         0x08004b58   Data           0  fpconst.o(c$$dinf)
    __aeabi_HUGE_VALL                        0x08004b58   Data           0  fpconst.o(c$$dinf)
    __aeabi_INFINITY                         0x08004b58   Data           0  fpconst.o(c$$dinf)
    __dInf                                   0x08004b58   Data           0  fpconst.o(c$$dinf)
    __huge_val                               0x08004b58   Data           0  fpconst.o(c$$dinf)
    __dbl_max                                0x08004b60   Data           0  fpconst.o(c$$dmax)
    __ctype                                  0x08004b91   Data           0  lc_ctype_c.o(locale$$data)
    uwTickFreq                               0x20000004   Data           1  stm32f4xx_hal.o(.data)
    uwTickPrio                               0x20000008   Data           4  stm32f4xx_hal.o(.data)
    uwTick                                   0x2000000c   Data           4  stm32f4xx_hal.o(.data)
    SystemCoreClock                          0x20000010   Data           4  system_stm32f4xx.o(.data)
    CAN1_Object_Manage                       0x20000014   Data           8  drv_can.o(.data)
    CAN2_Object_Manage                       0x2000001c   Data           8  drv_can.o(.data)
    serial_rx_flag                           0x20000024   Data           1  drv_serial.o(.data)
    Rx_Encoder                               0x20000026   Data           2  tsk_callback.o(.data)
    Rx_Omega                                 0x20000028   Data           2  tsk_callback.o(.data)
    Rx_Torque                                0x2000002a   Data           2  tsk_callback.o(.data)
    Rx_Temperature                           0x2000002c   Data           2  tsk_callback.o(.data)
    Tx_Encoder                               0x2000002e   Data           2  tsk_callback.o(.data)
    Tx_Omega                                 0x20000030   Data           2  tsk_callback.o(.data)
    Tx_Torque                                0x20000032   Data           2  tsk_callback.o(.data)
    Tx_Temperature                           0x20000034   Data           2  tsk_callback.o(.data)
    TX_Data                                  0x20000036   Data           8  tsk_callback.o(.data)
    isInit                                   0x2000003e   Data           2  tsk_main.o(.data)
    hcan1                                    0x20000040   Data          40  can.o(.bss)
    hcan2                                    0x20000068   Data          40  can.o(.bss)
    huart3                                   0x20000090   Data          72  usart.o(.bss)
    hdma_usart3_rx                           0x200000d8   Data          96  usart.o(.bss)
    hdma_usart3_tx                           0x20000138   Data          96  usart.o(.bss)
    can_rx_buffer                            0x20000198   Data          36  drv_can.o(.bss)
    serial_tx_packet                         0x200001bc   Data         100  drv_serial.o(.bss)
    serial_rx_packet                         0x20000220   Data         100  drv_serial.o(.bss)
    M3508_Motor_1                            0x20000284   Data          16  tsk_main.o(.bss)
    pid_speed                                0x20000294   Data          32  tsk_main.o(.bss)
    pid_angle                                0x200002b4   Data          32  tsk_main.o(.bss)
    __libspace_start                         0x200002d4   Data          96  libspace.o(.bss)
    __temporary_stack_top$libspace           0x20000334   Data           0  libspace.o(.bss)



==============================================================================

Memory Map of the image

  Image Entry point : 0x080001ad

  Load Region LR_IROM1 (Base: 0x08000000, Size: 0x00004cd4, Max: 0x00200000, ABSOLUTE)

    Execution Region ER_IROM1 (Exec base: 0x08000000, Load base: 0x08000000, Size: 0x00004c94, Max: 0x00200000, ABSOLUTE)

    Exec Addr    Load Addr    Size         Type   Attr      Idx    E Section Name        Object

    0x08000000   0x08000000   0x000001ac   Data   RO            3    RESET               startup_stm32f427xx.o
    0x080001ac   0x080001ac   0x00000008   Code   RO         2853  * !!!main             c_w.l(__main.o)
    0x080001b4   0x080001b4   0x00000034   Code   RO         3282    !!!scatter          c_w.l(__scatter.o)
    0x080001e8   0x080001e8   0x0000001a   Code   RO         3284    !!handler_copy      c_w.l(__scatter_copy.o)
    0x08000202   0x08000202   0x00000002   PAD
    0x08000204   0x08000204   0x0000001c   Code   RO         3286    !!handler_zi        c_w.l(__scatter_zi.o)
    0x08000220   0x08000220   0x00000000   Code   RO         2846    .ARM.Collect$$_printf_percent$$00000000  c_w.l(_printf_percent.o)
    0x08000220   0x08000220   0x00000006   Code   RO         2845    .ARM.Collect$$_printf_percent$$00000009  c_w.l(_printf_d.o)
    0x08000226   0x08000226   0x00000004   Code   RO         2928    .ARM.Collect$$_printf_percent$$00000017  c_w.l(_printf_percent_end.o)
    0x0800022a   0x0800022a   0x00000002   Code   RO         3053    .ARM.Collect$$libinit$$00000000  c_w.l(libinit.o)
    0x0800022c   0x0800022c   0x00000004   Code   RO         3054    .ARM.Collect$$libinit$$00000001  c_w.l(libinit2.o)
    0x08000230   0x08000230   0x00000000   Code   RO         3057    .ARM.Collect$$libinit$$00000004  c_w.l(libinit2.o)
    0x08000230   0x08000230   0x00000000   Code   RO         3060    .ARM.Collect$$libinit$$0000000A  c_w.l(libinit2.o)
    0x08000230   0x08000230   0x00000000   Code   RO         3062    .ARM.Collect$$libinit$$0000000C  c_w.l(libinit2.o)
    0x08000230   0x08000230   0x00000000   Code   RO         3064    .ARM.Collect$$libinit$$0000000E  c_w.l(libinit2.o)
    0x08000230   0x08000230   0x00000006   Code   RO         3065    .ARM.Collect$$libinit$$0000000F  c_w.l(libinit2.o)
    0x08000236   0x08000236   0x00000000   Code   RO         3067    .ARM.Collect$$libinit$$00000011  c_w.l(libinit2.o)
    0x08000236   0x08000236   0x0000000c   Code   RO         3068    .ARM.Collect$$libinit$$00000012  c_w.l(libinit2.o)
    0x08000242   0x08000242   0x00000000   Code   RO         3069    .ARM.Collect$$libinit$$00000013  c_w.l(libinit2.o)
    0x08000242   0x08000242   0x00000000   Code   RO         3071    .ARM.Collect$$libinit$$00000015  c_w.l(libinit2.o)
    0x08000242   0x08000242   0x0000000a   Code   RO         3072    .ARM.Collect$$libinit$$00000016  c_w.l(libinit2.o)
    0x0800024c   0x0800024c   0x00000000   Code   RO         3073    .ARM.Collect$$libinit$$00000017  c_w.l(libinit2.o)
    0x0800024c   0x0800024c   0x00000000   Code   RO         3075    .ARM.Collect$$libinit$$00000019  c_w.l(libinit2.o)
    0x0800024c   0x0800024c   0x00000000   Code   RO         3077    .ARM.Collect$$libinit$$0000001B  c_w.l(libinit2.o)
    0x0800024c   0x0800024c   0x00000000   Code   RO         3079    .ARM.Collect$$libinit$$0000001D  c_w.l(libinit2.o)
    0x0800024c   0x0800024c   0x00000000   Code   RO         3081    .ARM.Collect$$libinit$$0000001F  c_w.l(libinit2.o)
    0x0800024c   0x0800024c   0x00000000   Code   RO         3083    .ARM.Collect$$libinit$$00000021  c_w.l(libinit2.o)
    0x0800024c   0x0800024c   0x00000000   Code   RO         3085    .ARM.Collect$$libinit$$00000023  c_w.l(libinit2.o)
    0x0800024c   0x0800024c   0x00000000   Code   RO         3087    .ARM.Collect$$libinit$$00000025  c_w.l(libinit2.o)
    0x0800024c   0x0800024c   0x00000000   Code   RO         3091    .ARM.Collect$$libinit$$0000002C  c_w.l(libinit2.o)
    0x0800024c   0x0800024c   0x00000000   Code   RO         3093    .ARM.Collect$$libinit$$0000002E  c_w.l(libinit2.o)
    0x0800024c   0x0800024c   0x00000000   Code   RO         3095    .ARM.Collect$$libinit$$00000030  c_w.l(libinit2.o)
    0x0800024c   0x0800024c   0x00000000   Code   RO         3097    .ARM.Collect$$libinit$$00000032  c_w.l(libinit2.o)
    0x0800024c   0x0800024c   0x00000002   Code   RO         3098    .ARM.Collect$$libinit$$00000033  c_w.l(libinit2.o)
    0x0800024e   0x0800024e   0x00000002   Code   RO         3188    .ARM.Collect$$libshutdown$$00000000  c_w.l(libshutdown.o)
    0x08000250   0x08000250   0x00000000   Code   RO         3228    .ARM.Collect$$libshutdown$$00000002  c_w.l(libshutdown2.o)
    0x08000250   0x08000250   0x00000000   Code   RO         3230    .ARM.Collect$$libshutdown$$00000004  c_w.l(libshutdown2.o)
    0x08000250   0x08000250   0x00000000   Code   RO         3232    .ARM.Collect$$libshutdown$$00000006  c_w.l(libshutdown2.o)
    0x08000250   0x08000250   0x00000000   Code   RO         3235    .ARM.Collect$$libshutdown$$00000009  c_w.l(libshutdown2.o)
    0x08000250   0x08000250   0x00000000   Code   RO         3238    .ARM.Collect$$libshutdown$$0000000C  c_w.l(libshutdown2.o)
    0x08000250   0x08000250   0x00000000   Code   RO         3240    .ARM.Collect$$libshutdown$$0000000E  c_w.l(libshutdown2.o)
    0x08000250   0x08000250   0x00000000   Code   RO         3243    .ARM.Collect$$libshutdown$$00000011  c_w.l(libshutdown2.o)
    0x08000250   0x08000250   0x00000002   Code   RO         3244    .ARM.Collect$$libshutdown$$00000012  c_w.l(libshutdown2.o)
    0x08000252   0x08000252   0x00000000   Code   RO         2863    .ARM.Collect$$rtentry$$00000000  c_w.l(__rtentry.o)
    0x08000252   0x08000252   0x00000000   Code   RO         2954    .ARM.Collect$$rtentry$$00000002  c_w.l(__rtentry2.o)
    0x08000252   0x08000252   0x00000006   Code   RO         2966    .ARM.Collect$$rtentry$$00000004  c_w.l(__rtentry4.o)
    0x08000258   0x08000258   0x00000000   Code   RO         2956    .ARM.Collect$$rtentry$$00000009  c_w.l(__rtentry2.o)
    0x08000258   0x08000258   0x00000004   Code   RO         2957    .ARM.Collect$$rtentry$$0000000A  c_w.l(__rtentry2.o)
    0x0800025c   0x0800025c   0x00000000   Code   RO         2959    .ARM.Collect$$rtentry$$0000000C  c_w.l(__rtentry2.o)
    0x0800025c   0x0800025c   0x00000008   Code   RO         2960    .ARM.Collect$$rtentry$$0000000D  c_w.l(__rtentry2.o)
    0x08000264   0x08000264   0x00000002   Code   RO         3103    .ARM.Collect$$rtexit$$00000000  c_w.l(rtexit.o)
    0x08000266   0x08000266   0x00000000   Code   RO         3139    .ARM.Collect$$rtexit$$00000002  c_w.l(rtexit2.o)
    0x08000266   0x08000266   0x00000004   Code   RO         3140    .ARM.Collect$$rtexit$$00000003  c_w.l(rtexit2.o)
    0x0800026a   0x0800026a   0x00000006   Code   RO         3141    .ARM.Collect$$rtexit$$00000004  c_w.l(rtexit2.o)
    0x08000270   0x08000270   0x00000040   Code   RO            4    .text               startup_stm32f427xx.o
    0x080002b0   0x080002b0   0x000000ee   Code   RO         2813    .text               c_w.l(lludivv7m.o)
    0x0800039e   0x0800039e   0x00000002   PAD
    0x080003a0   0x080003a0   0x0000002c   Code   RO         2817    .text               c_w.l(__2sprintf.o)
    0x080003cc   0x080003cc   0x00000078   Code   RO         2823    .text               c_w.l(_printf_dec.o)
    0x08000444   0x08000444   0x00000188   Code   RO         2842    .text               c_w.l(__printf_flags_ss_wp.o)
    0x080005cc   0x080005cc   0x0000004e   Code   RO         2849    .text               c_w.l(rt_memclr_w.o)
    0x0800061a   0x0800061a   0x00000006   Code   RO         2851    .text               c_w.l(heapauxi.o)
    0x08000620   0x08000620   0x00000016   Code   RO         2868    .text               c_w.l(_rserrno.o)
    0x08000636   0x08000636   0x000000b2   Code   RO         2876    .text               c_w.l(_printf_intcommon.o)
    0x080006e8   0x080006e8   0x00000030   Code   RO         2880    .text               c_w.l(_printf_char_common.o)
    0x08000718   0x08000718   0x0000000a   Code   RO         2882    .text               c_w.l(_sputc.o)
    0x08000722   0x08000722   0x00000002   PAD
    0x08000724   0x08000724   0x000000a4   Code   RO         2938    .text               c_w.l(strtod.o)
    0x080007c8   0x080007c8   0x00000008   Code   RO         2973    .text               c_w.l(rt_errno_addr_intlibspace.o)
    0x080007d0   0x080007d0   0x00000012   Code   RO         2977    .text               c_w.l(isspace.o)
    0x080007e2   0x080007e2   0x00000040   Code   RO         2990    .text               c_w.l(_sgetc.o)
    0x08000822   0x08000822   0x00000002   PAD
    0x08000824   0x08000824   0x00000008   Code   RO         2999    .text               c_w.l(libspace.o)
    0x0800082c   0x0800082c   0x0000004a   Code   RO         3002    .text               c_w.l(sys_stackheap_outer.o)
    0x08000876   0x08000876   0x00000002   PAD
    0x08000878   0x08000878   0x00000010   Code   RO         3004    .text               c_w.l(rt_ctype_table.o)
    0x08000888   0x08000888   0x00000008   Code   RO         3009    .text               c_w.l(rt_locale_intlibspace.o)
    0x08000890   0x08000890   0x000004f8   Code   RO         3013    .text               c_w.l(scanf_fp.o)
    0x08000d88   0x08000d88   0x000000e4   Code   RO         3015    .text               c_w.l(bigflt0.o)
    0x08000e6c   0x08000e6c   0x00000012   Code   RO         3040    .text               c_w.l(exit.o)
    0x08000e7e   0x08000e7e   0x00000002   PAD
    0x08000e80   0x08000e80   0x00000080   Code   RO         3046    .text               c_w.l(strcmpv7m.o)
    0x08000f00   0x08000f00   0x0000000c   Code   RO         3136    .text               c_w.l(sys_exit.o)
    0x08000f0c   0x08000f0c   0x00000320   Code   RO         3145    .text               c_w.l(scanf_hexfp.o)
    0x0800122c   0x0800122c   0x00000134   Code   RO         3147    .text               c_w.l(scanf_infnan.o)
    0x08001360   0x08001360   0x00000002   Code   RO         3171    .text               c_w.l(use_no_semi.o)
    0x08001362   0x08001362   0x00000000   Code   RO         3173    .text               c_w.l(indicate_semi.o)
    0x08001362   0x08001362   0x00000026   Code   RO         3176    .text               c_w.l(llshl.o)
    0x08001388   0x08001388   0x0000001c   Code   RO         3178    .text               c_w.l(_chval.o)
    0x080013a4   0x080013a4   0x00000338   Code   RO         3028    CL$$btod_div_common  c_w.l(btod.o)
    0x080016dc   0x080016dc   0x00000084   Code   RO         3026    CL$$btod_e2d        c_w.l(btod.o)
    0x08001760   0x08001760   0x000000dc   Code   RO         3025    CL$$btod_e2e        c_w.l(btod.o)
    0x0800183c   0x0800183c   0x0000002a   Code   RO         3022    CL$$btod_ediv       c_w.l(btod.o)
    0x08001866   0x08001866   0x0000002a   Code   RO         3024    CL$$btod_edivd      c_w.l(btod.o)
    0x08001890   0x08001890   0x0000002a   Code   RO         3021    CL$$btod_emul       c_w.l(btod.o)
    0x080018ba   0x080018ba   0x0000002a   Code   RO         3023    CL$$btod_emuld      c_w.l(btod.o)
    0x080018e4   0x080018e4   0x00000244   Code   RO         3027    CL$$btod_mult_common  c_w.l(btod.o)
    0x08001b28   0x08001b28   0x00000010   Code   RO         2523    i.BSP_DC24_LD       drv_bsp.o
    0x08001b38   0x08001b38   0x00000010   Code   RO         2524    i.BSP_DC24_LU       drv_bsp.o
    0x08001b48   0x08001b48   0x00000010   Code   RO         2525    i.BSP_DC24_RD       drv_bsp.o
    0x08001b58   0x08001b58   0x00000010   Code   RO         2526    i.BSP_DC24_RU       drv_bsp.o
    0x08001b68   0x08001b68   0x00000028   Code   RO         2527    i.BSP_Init          drv_bsp.o
    0x08001b90   0x08001b90   0x00000002   Code   RO          341    i.BusFault_Handler  stm32f4xx_it.o
    0x08001b92   0x08001b92   0x00000002   PAD
    0x08001b94   0x08001b94   0x0000000c   Code   RO          342    i.CAN1_RX0_IRQHandler  stm32f4xx_it.o
    0x08001ba0   0x08001ba0   0x0000000c   Code   RO          343    i.CAN1_RX1_IRQHandler  stm32f4xx_it.o
    0x08001bac   0x08001bac   0x0000000c   Code   RO          344    i.CAN1_TX_IRQHandler  stm32f4xx_it.o
    0x08001bb8   0x08001bb8   0x0000000c   Code   RO          345    i.CAN2_RX0_IRQHandler  stm32f4xx_it.o
    0x08001bc4   0x08001bc4   0x0000000c   Code   RO          346    i.CAN2_RX1_IRQHandler  stm32f4xx_it.o
    0x08001bd0   0x08001bd0   0x0000000c   Code   RO          347    i.CAN2_TX_IRQHandler  stm32f4xx_it.o
    0x08001bdc   0x08001bdc   0x00000058   Code   RO         2398    i.CAN_Filter_Config  drv_can.o
    0x08001c34   0x08001c34   0x00000078   Code   RO         2399    i.CAN_Init          drv_can.o
    0x08001cac   0x08001cac   0x0000008c   Code   RO         2697    i.CAN_RX_Message_Get  tsk_callback.o
    0x08001d38   0x08001d38   0x0000004a   Code   RO         2400    i.CAN_Send_Data     drv_can.o
    0x08001d82   0x08001d82   0x00000002   PAD
    0x08001d84   0x08001d84   0x0000000c   Code   RO          348    i.DMA1_Stream1_IRQHandler  stm32f4xx_it.o
    0x08001d90   0x08001d90   0x0000000c   Code   RO          349    i.DMA1_Stream3_IRQHandler  stm32f4xx_it.o
    0x08001d9c   0x08001d9c   0x00000028   Code   RO         1240    i.DMA_CalcBaseAndBitshift  stm32f4xx_hal_dma.o
    0x08001dc4   0x08001dc4   0x00000054   Code   RO         1241    i.DMA_CheckFifoParam  stm32f4xx_hal_dma.o
    0x08001e18   0x08001e18   0x00000028   Code   RO         1242    i.DMA_SetConfig     stm32f4xx_hal_dma.o
    0x08001e40   0x08001e40   0x00000002   Code   RO          350    i.DebugMon_Handler  stm32f4xx_it.o
    0x08001e42   0x08001e42   0x00000016   Code   RO         2779    i.Delay_ms          tsk_delay.o
    0x08001e58   0x08001e58   0x0000001e   Code   RO         2781    i.Delay_us          tsk_delay.o
    0x08001e76   0x08001e76   0x00000004   Code   RO           13    i.Error_Handler     main.o
    0x08001e7a   0x08001e7a   0x00000024   Code   RO          496    i.HAL_CAN_ActivateNotification  stm32f4xx_hal_can.o
    0x08001e9e   0x08001e9e   0x000000d0   Code   RO          497    i.HAL_CAN_AddTxMessage  stm32f4xx_hal_can.o
    0x08001f6e   0x08001f6e   0x00000002   PAD
    0x08001f70   0x08001f70   0x0000010c   Code   RO          498    i.HAL_CAN_ConfigFilter  stm32f4xx_hal_can.o
    0x0800207c   0x0800207c   0x00000002   Code   RO          501    i.HAL_CAN_ErrorCallback  stm32f4xx_hal_can.o
    0x0800207e   0x0800207e   0x000000f4   Code   RO          504    i.HAL_CAN_GetRxMessage  stm32f4xx_hal_can.o
    0x08002172   0x08002172   0x000001fc   Code   RO          508    i.HAL_CAN_IRQHandler  stm32f4xx_hal_can.o
    0x0800236e   0x0800236e   0x0000011a   Code   RO          509    i.HAL_CAN_Init      stm32f4xx_hal_can.o
    0x08002488   0x08002488   0x0000013c   Code   RO          227    i.HAL_CAN_MspInit   can.o
    0x080025c4   0x080025c4   0x00000002   Code   RO          516    i.HAL_CAN_RxFifo0FullCallback  stm32f4xx_hal_can.o
    0x080025c6   0x080025c6   0x00000002   PAD
    0x080025c8   0x080025c8   0x0000004c   Code   RO         2401    i.HAL_CAN_RxFifo0MsgPendingCallback  drv_can.o
    0x08002614   0x08002614   0x00000002   Code   RO          518    i.HAL_CAN_RxFifo1FullCallback  stm32f4xx_hal_can.o
    0x08002616   0x08002616   0x00000002   PAD
    0x08002618   0x08002618   0x0000004c   Code   RO         2402    i.HAL_CAN_RxFifo1MsgPendingCallback  drv_can.o
    0x08002664   0x08002664   0x00000002   Code   RO          520    i.HAL_CAN_SleepCallback  stm32f4xx_hal_can.o
    0x08002666   0x08002666   0x00000002   PAD
    0x08002668   0x08002668   0x00000058   Code   RO          521    i.HAL_CAN_Start     stm32f4xx_hal_can.o
    0x080026c0   0x080026c0   0x00000002   Code   RO          523    i.HAL_CAN_TxMailbox0AbortCallback  stm32f4xx_hal_can.o
    0x080026c2   0x080026c2   0x00000002   Code   RO          524    i.HAL_CAN_TxMailbox0CompleteCallback  stm32f4xx_hal_can.o
    0x080026c4   0x080026c4   0x00000002   Code   RO          525    i.HAL_CAN_TxMailbox1AbortCallback  stm32f4xx_hal_can.o
    0x080026c6   0x080026c6   0x00000002   Code   RO          526    i.HAL_CAN_TxMailbox1CompleteCallback  stm32f4xx_hal_can.o
    0x080026c8   0x080026c8   0x00000002   Code   RO          527    i.HAL_CAN_TxMailbox2AbortCallback  stm32f4xx_hal_can.o
    0x080026ca   0x080026ca   0x00000002   Code   RO          528    i.HAL_CAN_TxMailbox2CompleteCallback  stm32f4xx_hal_can.o
    0x080026cc   0x080026cc   0x00000002   Code   RO          530    i.HAL_CAN_WakeUpFromRxMsgCallback  stm32f4xx_hal_can.o
    0x080026ce   0x080026ce   0x00000092   Code   RO         1243    i.HAL_DMA_Abort     stm32f4xx_hal_dma.o
    0x08002760   0x08002760   0x00000024   Code   RO         1244    i.HAL_DMA_Abort_IT  stm32f4xx_hal_dma.o
    0x08002784   0x08002784   0x000001a0   Code   RO         1248    i.HAL_DMA_IRQHandler  stm32f4xx_hal_dma.o
    0x08002924   0x08002924   0x000000d4   Code   RO         1249    i.HAL_DMA_Init      stm32f4xx_hal_dma.o
    0x080029f8   0x080029f8   0x0000006e   Code   RO         1253    i.HAL_DMA_Start_IT  stm32f4xx_hal_dma.o
    0x08002a66   0x08002a66   0x00000002   PAD
    0x08002a68   0x08002a68   0x00000234   Code   RO         1136    i.HAL_GPIO_Init     stm32f4xx_hal_gpio.o
    0x08002c9c   0x08002c9c   0x0000000a   Code   RO         1140    i.HAL_GPIO_WritePin  stm32f4xx_hal_gpio.o
    0x08002ca6   0x08002ca6   0x00000002   PAD
    0x08002ca8   0x08002ca8   0x0000000c   Code   RO         1706    i.HAL_GetTick       stm32f4xx_hal.o
    0x08002cb4   0x08002cb4   0x00000010   Code   RO         1712    i.HAL_IncTick       stm32f4xx_hal.o
    0x08002cc4   0x08002cc4   0x00000034   Code   RO         1713    i.HAL_Init          stm32f4xx_hal.o
    0x08002cf8   0x08002cf8   0x00000040   Code   RO         1714    i.HAL_InitTick      stm32f4xx_hal.o
    0x08002d38   0x08002d38   0x00000030   Code   RO          471    i.HAL_MspInit       stm32f4xx_hal_msp.o
    0x08002d68   0x08002d68   0x0000001a   Code   RO         1546    i.HAL_NVIC_EnableIRQ  stm32f4xx_hal_cortex.o
    0x08002d82   0x08002d82   0x00000002   PAD
    0x08002d84   0x08002d84   0x00000040   Code   RO         1552    i.HAL_NVIC_SetPriority  stm32f4xx_hal_cortex.o
    0x08002dc4   0x08002dc4   0x00000024   Code   RO         1553    i.HAL_NVIC_SetPriorityGrouping  stm32f4xx_hal_cortex.o
    0x08002de8   0x08002de8   0x00000070   Code   RO         1472    i.HAL_PWREx_EnableOverDrive  stm32f4xx_hal_pwr_ex.o
    0x08002e58   0x08002e58   0x00000134   Code   RO          730    i.HAL_RCC_ClockConfig  stm32f4xx_hal_rcc.o
    0x08002f8c   0x08002f8c   0x00000020   Code   RO          737    i.HAL_RCC_GetPCLK1Freq  stm32f4xx_hal_rcc.o
    0x08002fac   0x08002fac   0x00000020   Code   RO          738    i.HAL_RCC_GetPCLK2Freq  stm32f4xx_hal_rcc.o
    0x08002fcc   0x08002fcc   0x00000064   Code   RO          739    i.HAL_RCC_GetSysClockFreq  stm32f4xx_hal_rcc.o
    0x08003030   0x08003030   0x0000036c   Code   RO          742    i.HAL_RCC_OscConfig  stm32f4xx_hal_rcc.o
    0x0800339c   0x0800339c   0x00000028   Code   RO         1557    i.HAL_SYSTICK_Config  stm32f4xx_hal_cortex.o
    0x080033c4   0x080033c4   0x0000004a   Code   RO         2007    i.HAL_UARTEx_ReceiveToIdle_DMA  stm32f4xx_hal_uart.o
    0x0800340e   0x0800340e   0x00000004   Code   RO         2698    i.HAL_UARTEx_RxEventCallback  tsk_callback.o
    0x08003412   0x08003412   0x00000002   Code   RO         2023    i.HAL_UART_ErrorCallback  stm32f4xx_hal_uart.o
    0x08003414   0x08003414   0x00000280   Code   RO         2026    i.HAL_UART_IRQHandler  stm32f4xx_hal_uart.o
    0x08003694   0x08003694   0x00000064   Code   RO         2027    i.HAL_UART_Init     stm32f4xx_hal_uart.o
    0x080036f8   0x080036f8   0x000000e8   Code   RO          300    i.HAL_UART_MspInit  usart.o
    0x080037e0   0x080037e0   0x00000002   Code   RO         2033    i.HAL_UART_RxCpltCallback  stm32f4xx_hal_uart.o
    0x080037e2   0x080037e2   0x00000002   Code   RO         2034    i.HAL_UART_RxHalfCpltCallback  stm32f4xx_hal_uart.o
    0x080037e4   0x080037e4   0x00000032   Code   RO         2037    i.HAL_UART_Transmit_IT  stm32f4xx_hal_uart.o
    0x08003816   0x08003816   0x00000002   Code   RO         2038    i.HAL_UART_TxCpltCallback  stm32f4xx_hal_uart.o
    0x08003818   0x08003818   0x00000002   Code   RO          351    i.HardFault_Handler  stm32f4xx_it.o
    0x0800381a   0x0800381a   0x00000002   PAD
    0x0800381c   0x0800381c   0x00000098   Code   RO         2739    i.Init_All          tsk_main.o
    0x080038b4   0x080038b4   0x0000001e   Code   RO         2638    i.M3508_Init        dvc_m3508.o
    0x080038d2   0x080038d2   0x00000028   Code   RO         2640    i.M3508_Set_Current  dvc_m3508.o
    0x080038fa   0x080038fa   0x00000002   PAD
    0x080038fc   0x080038fc   0x00000044   Code   RO          228    i.MX_CAN1_Init      can.o
    0x08003940   0x08003940   0x00000044   Code   RO          229    i.MX_CAN2_Init      can.o
    0x08003984   0x08003984   0x0000003c   Code   RO          275    i.MX_DMA_Init       dma.o
    0x080039c0   0x080039c0   0x0000007c   Code   RO          202    i.MX_GPIO_Init      gpio.o
    0x08003a3c   0x08003a3c   0x00000038   Code   RO          301    i.MX_USART3_UART_Init  usart.o
    0x08003a74   0x08003a74   0x00000002   Code   RO          352    i.MemManage_Handler  stm32f4xx_it.o
    0x08003a76   0x08003a76   0x00000002   PAD
    0x08003a78   0x08003a78   0x00000038   Code   RO         2699    i.Motor_Call_Back   tsk_callback.o
    0x08003ab0   0x08003ab0   0x00000002   Code   RO          353    i.NMI_Handler       stm32f4xx_it.o
    0x08003ab2   0x08003ab2   0x0000007e   Code   RO         2571    i.PID_Caculate      alg_pid.o
    0x08003b30   0x08003b30   0x00000004   Code   RO         2572    i.PID_Caculate_Angle  alg_pid.o
    0x08003b34   0x08003b34   0x00000004   Code   RO         2573    i.PID_Caculate_Speed  alg_pid.o
    0x08003b38   0x08003b38   0x00000020   Code   RO         2574    i.PID_Init          alg_pid.o
    0x08003b58   0x08003b58   0x00000144   Code   RO         2613    i.PID_ParseSerialPack  alg_serial.o
    0x08003c9c   0x08003c9c   0x00000002   Code   RO          354    i.PendSV_Handler    stm32f4xx_it.o
    0x08003c9e   0x08003c9e   0x00000002   Code   RO          355    i.SVC_Handler       stm32f4xx_it.o
    0x08003ca0   0x08003ca0   0x00000020   Code   RO         2452    i.Serial_RxDMA_Init  drv_serial.o
    0x08003cc0   0x08003cc0   0x00000040   Code   RO         2453    i.Serial_RxEventCallback  drv_serial.o
    0x08003d00   0x08003d00   0x00000004   Code   RO          356    i.SysTick_Handler   stm32f4xx_it.o
    0x08003d04   0x08003d04   0x0000009c   Code   RO           14    i.SystemClock_Config  main.o
    0x08003da0   0x08003da0   0x00000010   Code   RO         2361    i.SystemInit        system_stm32f4xx.o
    0x08003db0   0x08003db0   0x00000044   Code   RO         2740    i.Task_Loop         tsk_main.o
    0x08003df4   0x08003df4   0x0000000e   Code   RO         2040    i.UART_DMAAbortOnError  stm32f4xx_hal_uart.o
    0x08003e02   0x08003e02   0x0000004a   Code   RO         2041    i.UART_DMAError     stm32f4xx_hal_uart.o
    0x08003e4c   0x08003e4c   0x00000086   Code   RO         2042    i.UART_DMAReceiveCplt  stm32f4xx_hal_uart.o
    0x08003ed2   0x08003ed2   0x0000001e   Code   RO         2044    i.UART_DMARxHalfCplt  stm32f4xx_hal_uart.o
    0x08003ef0   0x08003ef0   0x0000004e   Code   RO         2050    i.UART_EndRxTransfer  stm32f4xx_hal_uart.o
    0x08003f3e   0x08003f3e   0x0000001c   Code   RO         2051    i.UART_EndTxTransfer  stm32f4xx_hal_uart.o
    0x08003f5a   0x08003f5a   0x000000c2   Code   RO         2052    i.UART_Receive_IT   stm32f4xx_hal_uart.o
    0x0800401c   0x0800401c   0x0000010c   Code   RO         2053    i.UART_SetConfig    stm32f4xx_hal_uart.o
    0x08004128   0x08004128   0x000000a0   Code   RO         2054    i.UART_Start_Receive_DMA  stm32f4xx_hal_uart.o
    0x080041c8   0x080041c8   0x0000000c   Code   RO          357    i.USART3_IRQHandler  stm32f4xx_it.o
    0x080041d4   0x080041d4   0x00000002   Code   RO          358    i.UsageFault_Handler  stm32f4xx_it.o
    0x080041d6   0x080041d6   0x00000020   Code   RO         1559    i.__NVIC_SetPriority  stm32f4xx_hal_cortex.o
    0x080041f6   0x080041f6   0x00000002   PAD
    0x080041f8   0x080041f8   0x000000f8   Code   RO         3128    i.__hardfp___mathlib_tofloat  m_wm.l(narrow.o)
    0x080042f0   0x080042f0   0x00000038   Code   RO         2857    i.__hardfp_atof     m_wm.l(atof.o)
    0x08004328   0x08004328   0x000000d0   Code   RO         3195    i.__hardfp_ldexp    m_wm.l(ldexp.o)
    0x080043f8   0x080043f8   0x00000020   Code   RO         3253    i.__mathlib_dbl_overflow  m_wm.l(dunder.o)
    0x08004418   0x08004418   0x00000020   Code   RO         3255    i.__mathlib_dbl_underflow  m_wm.l(dunder.o)
    0x08004438   0x08004438   0x00000012   Code   RO         3129    i.__mathlib_narrow  m_wm.l(narrow.o)
    0x0800444a   0x0800444a   0x00000014   Code   RO         3197    i.__support_ldexp   m_wm.l(ldexp.o)
    0x0800445e   0x0800445e   0x0000000e   Code   RO         2835    i._is_digit         c_w.l(__printf_wp.o)
    0x0800446c   0x0800446c   0x00000004   PAD
    0x08004470   0x08004470   0x0000008c   Code   RO         3163    i.frexp             m_wm.l(frexp.o)
    0x080044fc   0x080044fc   0x00000022   Code   RO           15    i.main              main.o
    0x0800451e   0x0800451e   0x00000002   PAD
    0x08004520   0x08004520   0x0000002c   Code   RO         2995    locale$$code        c_w.l(lc_numeric_c.o)
    0x0800454c   0x0800454c   0x0000002c   Code   RO         3108    locale$$code        c_w.l(lc_ctype_c.o)
    0x08004578   0x08004578   0x00000062   Code   RO         2855    x$fpl$d2f           fz_wm.l(d2f.o)
    0x080045da   0x080045da   0x00000002   PAD
    0x080045dc   0x080045dc   0x00000010   Code   RO         3270    x$fpl$dcheck1       fz_wm.l(dcheck1.o)
    0x080045ec   0x080045ec   0x00000018   Code   RO         3189    x$fpl$dcmpinf       fz_wm.l(dcmpi.o)
    0x08004604   0x08004604   0x00000078   Code   RO         3157    x$fpl$deqf          fz_wm.l(deqf.o)
    0x0800467c   0x0800467c   0x00000078   Code   RO         3191    x$fpl$dleqf         fz_wm.l(dleqf.o)
    0x080046f4   0x080046f4   0x00000154   Code   RO         3193    x$fpl$dmul          fz_wm.l(dmul.o)
    0x08004848   0x08004848   0x0000009c   Code   RO         2940    x$fpl$dnaninf       fz_wm.l(dnaninf.o)
    0x080048e4   0x080048e4   0x0000000c   Code   RO         3245    x$fpl$dretinf       fz_wm.l(dretinf.o)
    0x080048f0   0x080048f0   0x0000006c   Code   RO         3159    x$fpl$drleqf        fz_wm.l(drleqf.o)
    0x0800495c   0x0800495c   0x0000000a   Code   RO         3120    x$fpl$fpinit        fz_wm.l(fpinit.o)
    0x08004966   0x08004966   0x0000000a   Code   RO         2942    x$fpl$fretinf       fz_wm.l(fretinf.o)
    0x08004970   0x08004970   0x00000006   Code   RO         3099    x$fpl$ieeestatus    fz_wm.l(istatus.o)
    0x08004976   0x08004976   0x00000064   Code   RO         3276    x$fpl$retnan        fz_wm.l(retnan.o)
    0x080049da   0x080049da   0x0000005c   Code   RO         3247    x$fpl$scalbn        fz_wm.l(scalbn.o)
    0x08004a36   0x08004a36   0x00000004   Code   RO         2997    x$fpl$scanf1        fz_wm.l(scanf1.o)
    0x08004a3a   0x08004a3a   0x00000008   Code   RO         3122    x$fpl$scanf2        fz_wm.l(scanf2.o)
    0x08004a42   0x08004a42   0x00000030   Code   RO         3278    x$fpl$trapveneer    fz_wm.l(trapv.o)
    0x08004a72   0x08004a72   0x00000000   Code   RO         2952    x$fpl$usenofp       fz_wm.l(usenofp.o)
    0x08004a72   0x08004a72   0x00000008   Data   RO         1255    .constdata          stm32f4xx_hal_dma.o
    0x08004a7a   0x08004a7a   0x00000010   Data   RO         2362    .constdata          system_stm32f4xx.o
    0x08004a8a   0x08004a8a   0x00000008   Data   RO         2363    .constdata          system_stm32f4xx.o
    0x08004a92   0x08004a92   0x00000011   Data   RO         2843    .constdata          c_w.l(__printf_flags_ss_wp.o)
    0x08004aa3   0x08004aa3   0x00000001   PAD
    0x08004aa4   0x08004aa4   0x00000094   Data   RO         3016    .constdata          c_w.l(bigflt0.o)
    0x08004b38   0x08004b38   0x00000020   Data   RO         3280    Region$$Table       anon$$obj.o
    0x08004b58   0x08004b58   0x00000008   Data   RO         3116    c$$dinf             fz_wm.l(fpconst.o)
    0x08004b60   0x08004b60   0x00000008   Data   RO         3119    c$$dmax             fz_wm.l(fpconst.o)
    0x08004b68   0x08004b68   0x0000001c   Data   RO         2994    locale$$data        c_w.l(lc_numeric_c.o)
    0x08004b84   0x08004b84   0x00000110   Data   RO         3107    locale$$data        c_w.l(lc_ctype_c.o)


    Execution Region RW_IRAM2 (Exec base: 0x10000000, Load base: 0x08004cd4, Size: 0x00000000, Max: 0x00010000, ABSOLUTE)

    **** No section assigned to this execution region ****


    Execution Region RW_IRAM1 (Exec base: 0x20000000, Load base: 0x08004c94, Size: 0x00000938, Max: 0x00030000, ABSOLUTE)

    Exec Addr    Load Addr    Size         Type   Attr      Idx    E Section Name        Object

    0x20000000   0x08004c94   0x00000004   Data   RW          231    .data               can.o
    0x20000004   0x08004c98   0x0000000c   Data   RW         1720    .data               stm32f4xx_hal.o
    0x20000010   0x08004ca4   0x00000004   Data   RW         2364    .data               system_stm32f4xx.o
    0x20000014   0x08004ca8   0x00000010   Data   RW         2404    .data               drv_can.o
    0x20000024   0x08004cb8   0x00000001   Data   RW         2458    .data               drv_serial.o
    0x20000025   0x08004cb9   0x00000001   PAD
    0x20000026   0x08004cba   0x00000018   Data   RW         2700    .data               tsk_callback.o
    0x2000003e   0x08004cd2   0x00000002   Data   RW         2742    .data               tsk_main.o
    0x20000040        -       0x00000050   Zero   RW          230    .bss                can.o
    0x20000090        -       0x00000108   Zero   RW          302    .bss                usart.o
    0x20000198        -       0x00000024   Zero   RW         2403    .bss                drv_can.o
    0x200001bc        -       0x000000c8   Zero   RW         2457    .bss                drv_serial.o
    0x20000284        -       0x00000050   Zero   RW         2741    .bss                tsk_main.o
    0x200002d4        -       0x00000060   Zero   RW         3000    .bss                c_w.l(libspace.o)
    0x20000334   0x08004cd4   0x00000004   PAD
    0x20000338        -       0x00000200   Zero   RW            2    HEAP                startup_stm32f427xx.o
    0x20000538        -       0x00000400   Zero   RW            1    STACK               startup_stm32f427xx.o


==============================================================================

Image component sizes


      Code (inc. data)   RO Data    RW Data    ZI Data      Debug   Object Name

       166          6          0          0          0       2976   alg_pid.o
       324         18          0          0          0       1430   alg_serial.o
       452         44          0          4         80       2442   can.o
        60          4          0          0          0        758   dma.o
       104         24          0          0          0       3181   drv_bsp.o
       434         46          0         16         36       4153   drv_can.o
        96         22          0          1        200       2542   drv_serial.o
        70          0          0          0          0       1538   dvc_m3508.o
       124          8          0          0          0        923   gpio.o
       194         10          0          0          0     722746   main.o
        64         26        428          0       1536        832   startup_stm32f427xx.o
       144         24          0         12          0       8829   stm32f4xx_hal.o
      1656          6          0          0          0      13495   stm32f4xx_hal_can.o
       198         14          0          0          0      33735   stm32f4xx_hal_cortex.o
      1084         16          8          0          0       7230   stm32f4xx_hal_dma.o
       574         54          0          0          0       2172   stm32f4xx_hal_gpio.o
        48          6          0          0          0        834   stm32f4xx_hal_msp.o
       112         14          0          0          0       1260   stm32f4xx_hal_pwr_ex.o
      1348         76          0          0          0       5180   stm32f4xx_hal_rcc.o
      1852         28          0          0          0      13320   stm32f4xx_hal_uart.o
       128         54          0          0          0       8180   stm32f4xx_it.o
        16          4         24          4          0       1091   system_stm32f4xx.o
       200         56          0         24          0       2560   tsk_callback.o
        52          0          0          0          0       1280   tsk_delay.o
       220         56          0          2         80       2722   tsk_main.o
       288         30          0          0        264       1848   usart.o

    ----------------------------------------------------------------------
     10036        646        492         64       2196     847257   Object Totals
         0          0         32          0          0          0   (incl. Generated)
        28          0          0          1          0          0   (incl. Padding)

    ----------------------------------------------------------------------

      Code (inc. data)   RO Data    RW Data    ZI Data      Debug   Library Member Name

        44          6          0          0          0         84   __2sprintf.o
         8          0          0          0          0         68   __main.o
       392          4         17          0          0         92   __printf_flags_ss_wp.o
        14          0          0          0          0         68   __printf_wp.o
         0          0          0          0          0          0   __rtentry.o
        12          0          0          0          0          0   __rtentry2.o
         6          0          0          0          0          0   __rtentry4.o
        52          8          0          0          0          0   __scatter.o
        26          0          0          0          0          0   __scatter_copy.o
        28          0          0          0          0          0   __scatter_zi.o
        28          0          0          0          0         68   _chval.o
        48          6          0          0          0         96   _printf_char_common.o
         6          0          0          0          0          0   _printf_d.o
       120         16          0          0          0         92   _printf_dec.o
       178          0          0          0          0         88   _printf_intcommon.o
         0          0          0          0          0          0   _printf_percent.o
         4          0          0          0          0          0   _printf_percent_end.o
        22          0          0          0          0        100   _rserrno.o
        64          0          0          0          0         84   _sgetc.o
        10          0          0          0          0         68   _sputc.o
       228          4        148          0          0         96   bigflt0.o
      1924        136          0          0          0        756   btod.o
        18          0          0          0          0         80   exit.o
         6          0          0          0          0        152   heapauxi.o
         0          0          0          0          0          0   indicate_semi.o
        18          0          0          0          0         76   isspace.o
        44         10        272          0          0         76   lc_ctype_c.o
        44         10         28          0          0         76   lc_numeric_c.o
         2          0          0          0          0          0   libinit.o
        34          0          0          0          0          0   libinit2.o
         2          0          0          0          0          0   libshutdown.o
         2          0          0          0          0          0   libshutdown2.o
         8          4          0          0         96         68   libspace.o
        38          0          0          0          0         68   llshl.o
       238          0          0          0          0        100   lludivv7m.o
        16          4          0          0          0         76   rt_ctype_table.o
         8          4          0          0          0         68   rt_errno_addr_intlibspace.o
         8          4          0          0          0         68   rt_locale_intlibspace.o
        78          0          0          0          0         80   rt_memclr_w.o
         2          0          0          0          0          0   rtexit.o
        10          0          0          0          0          0   rtexit2.o
      1272         16          0          0          0        168   scanf_fp.o
       800         14          0          0          0        100   scanf_hexfp.o
       308         16          0          0          0        100   scanf_infnan.o
       128          0          0          0          0         68   strcmpv7m.o
       164         14          0          0          0        120   strtod.o
        12          4          0          0          0         68   sys_exit.o
        74          0          0          0          0         80   sys_stackheap_outer.o
         2          0          0          0          0         68   use_no_semi.o
        98          4          0          0          0        140   d2f.o
        16          4          0          0          0        116   dcheck1.o
        24          0          0          0          0        116   dcmpi.o
       120          4          0          0          0        140   deqf.o
       120          4          0          0          0        140   dleqf.o
       340         12          0          0          0        152   dmul.o
       156          4          0          0          0        140   dnaninf.o
        12          0          0          0          0        116   dretinf.o
       108          0          0          0          0        128   drleqf.o
         0          0         16          0          0          0   fpconst.o
        10          0          0          0          0        116   fpinit.o
        10          0          0          0          0        116   fretinf.o
         6          0          0          0          0        116   istatus.o
       100          0          0          0          0        116   retnan.o
        92          0          0          0          0        116   scalbn.o
         4          0          0          0          0        116   scanf1.o
         8          0          0          0          0        132   scanf2.o
        48          0          0          0          0        116   trapv.o
         0          0          0          0          0          0   usenofp.o
        56         12          0          0          0        132   atof.o
        64         16          0          0          0        248   dunder.o
       140         22          0          0          0        132   frexp.o
       228          8          0          0          0        308   ldexp.o
       266         16          0          0          0        308   narrow.o

    ----------------------------------------------------------------------
      8594        386        482          0        100       6780   Library Totals
        18          0          1          0          4          0   (incl. Padding)

    ----------------------------------------------------------------------

      Code (inc. data)   RO Data    RW Data    ZI Data      Debug   Library Name

      6550        280        465          0         96       3520   c_w.l
      1272         32         16          0          0       2132   fz_wm.l
       754         74          0          0          0       1128   m_wm.l

    ----------------------------------------------------------------------
      8594        386        482          0        100       6780   Library Totals

    ----------------------------------------------------------------------

==============================================================================


      Code (inc. data)   RO Data    RW Data    ZI Data      Debug   

     18630       1032        974         64       2296     839065   Grand Totals
     18630       1032        974         64       2296     839065   ELF Image Totals
     18630       1032        974         64          0          0   ROM Totals

==============================================================================

    Total RO  Size (Code + RO Data)                19604 (  19.14kB)
    Total RW  Size (RW Data + ZI Data)              2360 (   2.30kB)
    Total ROM Size (Code + RO Data + RW Data)      19668 (  19.21kB)

==============================================================================

