Component: ARM Compiler 5.06 update 7 (build 960) Tool: armlink [4d3601]

==============================================================================

Section Cross References

    startup_stm32h723xx.o(STACK) refers (Special) to heapauxi.o(.text) for __use_two_region_memory
    startup_stm32h723xx.o(HEAP) refers (Special) to heapauxi.o(.text) for __use_two_region_memory
    startup_stm32h723xx.o(RESET) refers (Special) to heapauxi.o(.text) for __use_two_region_memory
    startup_stm32h723xx.o(RESET) refers to startup_stm32h723xx.o(STACK) for __initial_sp
    startup_stm32h723xx.o(RESET) refers to startup_stm32h723xx.o(.text) for Reset_Handler
    startup_stm32h723xx.o(RESET) refers to stm32h7xx_it.o(i.NMI_Handler) for NMI_Handler
    startup_stm32h723xx.o(RESET) refers to stm32h7xx_it.o(i.HardFault_Handler) for HardFault_Handler
    startup_stm32h723xx.o(RESET) refers to stm32h7xx_it.o(i.MemManage_Handler) for MemManage_Handler
    startup_stm32h723xx.o(RESET) refers to stm32h7xx_it.o(i.BusFault_Handler) for BusFault_Handler
    startup_stm32h723xx.o(RESET) refers to stm32h7xx_it.o(i.UsageFault_Handler) for UsageFault_Handler
    startup_stm32h723xx.o(RESET) refers to stm32h7xx_it.o(i.SVC_Handler) for SVC_Handler
    startup_stm32h723xx.o(RESET) refers to stm32h7xx_it.o(i.DebugMon_Handler) for DebugMon_Handler
    startup_stm32h723xx.o(RESET) refers to stm32h7xx_it.o(i.PendSV_Handler) for PendSV_Handler
    startup_stm32h723xx.o(RESET) refers to stm32h7xx_it.o(i.SysTick_Handler) for SysTick_Handler
    startup_stm32h723xx.o(RESET) refers to stm32h7xx_it.o(i.DMA1_Stream1_IRQHandler) for DMA1_Stream1_IRQHandler
    startup_stm32h723xx.o(RESET) refers to stm32h7xx_it.o(i.DMA1_Stream2_IRQHandler) for DMA1_Stream2_IRQHandler
    startup_stm32h723xx.o(RESET) refers to stm32h7xx_it.o(i.DMA1_Stream3_IRQHandler) for DMA1_Stream3_IRQHandler
    startup_stm32h723xx.o(RESET) refers to stm32h7xx_it.o(i.DMA1_Stream4_IRQHandler) for DMA1_Stream4_IRQHandler
    startup_stm32h723xx.o(RESET) refers to stm32h7xx_it.o(i.FDCAN1_IT0_IRQHandler) for FDCAN1_IT0_IRQHandler
    startup_stm32h723xx.o(RESET) refers to stm32h7xx_it.o(i.FDCAN2_IT0_IRQHandler) for FDCAN2_IT0_IRQHandler
    startup_stm32h723xx.o(RESET) refers to stm32h7xx_it.o(i.TIM4_IRQHandler) for TIM4_IRQHandler
    startup_stm32h723xx.o(RESET) refers to stm32h7xx_it.o(i.USART1_IRQHandler) for USART1_IRQHandler
    startup_stm32h723xx.o(RESET) refers to stm32h7xx_it.o(i.EXTI15_10_IRQHandler) for EXTI15_10_IRQHandler
    startup_stm32h723xx.o(RESET) refers to stm32h7xx_it.o(i.TIM5_IRQHandler) for TIM5_IRQHandler
    startup_stm32h723xx.o(RESET) refers to stm32h7xx_it.o(i.UART5_IRQHandler) for UART5_IRQHandler
    startup_stm32h723xx.o(RESET) refers to stm32h7xx_it.o(i.DMA2_Stream0_IRQHandler) for DMA2_Stream0_IRQHandler
    startup_stm32h723xx.o(RESET) refers to stm32h7xx_it.o(i.USART10_IRQHandler) for USART10_IRQHandler
    startup_stm32h723xx.o(.text) refers (Special) to heapauxi.o(.text) for __use_two_region_memory
    startup_stm32h723xx.o(.text) refers to system_stm32h7xx.o(i.SystemInit) for SystemInit
    startup_stm32h723xx.o(.text) refers to __main.o(!!!main) for __main
    startup_stm32h723xx.o(.text) refers to startup_stm32h723xx.o(HEAP) for Heap_Mem
    startup_stm32h723xx.o(.text) refers to startup_stm32h723xx.o(STACK) for Stack_Mem
    main.o(i._Z18SystemClock_Configv) refers to rt_memclr_w.o(.text) for __aeabi_memclr4
    main.o(i._Z18SystemClock_Configv) refers to stm32h7xx_hal_pwr_ex.o(i.HAL_PWREx_ConfigSupply) for HAL_PWREx_ConfigSupply
    main.o(i._Z18SystemClock_Configv) refers to stm32h7xx_hal_rcc.o(i.HAL_RCC_OscConfig) for HAL_RCC_OscConfig
    main.o(i._Z18SystemClock_Configv) refers to main.o(i.Error_Handler) for Error_Handler
    main.o(i._Z18SystemClock_Configv) refers to stm32h7xx_hal_rcc.o(i.HAL_RCC_ClockConfig) for HAL_RCC_ClockConfig
    main.o(i.main) refers to stm32h7xx_hal.o(i.HAL_Init) for HAL_Init
    main.o(i.main) refers to main.o(i._Z18SystemClock_Configv) for SystemClock_Config()
    main.o(i.main) refers to gpio.o(i.MX_GPIO_Init) for MX_GPIO_Init
    main.o(i.main) refers to dma.o(i.MX_DMA_Init) for MX_DMA_Init
    main.o(i.main) refers to tim.o(i.MX_TIM5_Init) for MX_TIM5_Init
    main.o(i.main) refers to fdcan.o(i.MX_FDCAN1_Init) for MX_FDCAN1_Init
    main.o(i.main) refers to tim.o(i.MX_TIM3_Init) for MX_TIM3_Init
    main.o(i.main) refers to tim.o(i.MX_TIM12_Init) for MX_TIM12_Init
    main.o(i.main) refers to fdcan.o(i.MX_FDCAN2_Init) for MX_FDCAN2_Init
    main.o(i.main) refers to fdcan.o(i.MX_FDCAN3_Init) for MX_FDCAN3_Init
    main.o(i.main) refers to usart.o(i.MX_UART5_Init) for MX_UART5_Init
    main.o(i.main) refers to usart.o(i.MX_USART1_UART_Init) for MX_USART1_UART_Init
    main.o(i.main) refers to usart.o(i.MX_USART10_UART_Init) for MX_USART10_UART_Init
    main.o(i.main) refers to tim.o(i.MX_TIM4_Init) for MX_TIM4_Init
    main.o(i.main) refers to tsk_config_and_callback.o(i.Task_Init) for Task_Init
[...]
    FMC_IRQHandler                           0x080003ab   Thumb Code     0  startup_stm32h723xx.o(.text)
    FPU_IRQHandler                           0x080003ab   Thumb Code     0  startup_stm32h723xx.o(.text)
    HSEM1_IRQHandler                         0x080003ab   Thumb Code     0  startup_stm32h723xx.o(.text)
    I2C1_ER_IRQHandler                       0x080003ab   Thumb Code     0  startup_stm32h723xx.o(.text)
    I2C1_EV_IRQHandler                       0x080003ab   Thumb Code     0  startup_stm32h723xx.o(.text)
    I2C2_ER_IRQHandler                       0x080003ab   Thumb Code     0  startup_stm32h723xx.o(.text)
    I2C2_EV_IRQHandler                       0x080003ab   Thumb Code     0  startup_stm32h723xx.o(.text)
    I2C3_ER_IRQHandler                       0x080003ab   Thumb Code     0  startup_stm32h723xx.o(.text)
    I2C3_EV_IRQHandler                       0x080003ab   Thumb Code     0  startup_stm32h723xx.o(.text)
    I2C4_ER_IRQHandler                       0x080003ab   Thumb Code     0  startup_stm32h723xx.o(.text)
    I2C4_EV_IRQHandler                       0x080003ab   Thumb Code     0  startup_stm32h723xx.o(.text)
    I2C5_ER_IRQHandler                       0x080003ab   Thumb Code     0  startup_stm32h723xx.o(.text)
    I2C5_EV_IRQHandler                       0x080003ab   Thumb Code     0  startup_stm32h723xx.o(.text)
    LPTIM1_IRQHandler                        0x080003ab   Thumb Code     0  startup_stm32h723xx.o(.text)
    LPTIM2_IRQHandler                        0x080003ab   Thumb Code     0  startup_stm32h723xx.o(.text)
    LPTIM3_IRQHandler                        0x080003ab   Thumb Code     0  startup_stm32h723xx.o(.text)
    LPTIM4_IRQHandler                        0x080003ab   Thumb Code     0  startup_stm32h723xx.o(.text)
    LPTIM5_IRQHandler                        0x080003ab   Thumb Code     0  startup_stm32h723xx.o(.text)
    LPUART1_IRQHandler                       0x080003ab   Thumb Code     0  startup_stm32h723xx.o(.text)
    LTDC_ER_IRQHandler                       0x080003ab   Thumb Code     0  startup_stm32h723xx.o(.text)
    LTDC_IRQHandler                          0x080003ab   Thumb Code     0  startup_stm32h723xx.o(.text)
    MDIOS_IRQHandler                         0x080003ab   Thumb Code     0  startup_stm32h723xx.o(.text)
    MDIOS_WKUP_IRQHandler                    0x080003ab   Thumb Code     0  startup_stm32h723xx.o(.text)
    MDMA_IRQHandler                          0x080003ab   Thumb Code     0  startup_stm32h723xx.o(.text)
    OCTOSPI1_IRQHandler                      0x080003ab   Thumb Code     0  startup_stm32h723xx.o(.text)
    OCTOSPI2_IRQHandler                      0x080003ab   Thumb Code     0  startup_stm32h723xx.o(.text)
    OTG_HS_EP1_IN_IRQHandler                 0x080003ab   Thumb Code     0  startup_stm32h723xx.o(.text)
    OTG_HS_EP1_OUT_IRQHandler                0x080003ab   Thumb Code     0  startup_stm32h723xx.o(.text)
    OTG_HS_IRQHandler                        0x080003ab   Thumb Code     0  startup_stm32h723xx.o(.text)
    OTG_HS_WKUP_IRQHandler                   0x080003ab   Thumb Code     0  startup_stm32h723xx.o(.text)
    PVD_AVD_IRQHandler                       0x080003ab   Thumb Code     0  startup_stm32h723xx.o(.text)
    RCC_IRQHandler                           0x080003ab   Thumb Code     0  startup_stm32h723xx.o(.text)
    RNG_IRQHandler                           0x080003ab   Thumb Code     0  startup_stm32h723xx.o(.text)
    RTC_Alarm_IRQHandler                     0x080003ab   Thumb Code     0  startup_stm32h723xx.o(.text)
    RTC_WKUP_IRQHandler                      0x080003ab   Thumb Code     0  startup_stm32h723xx.o(.text)
    SAI1_IRQHandler                          0x080003ab   Thumb Code     0  startup_stm32h723xx.o(.text)
    SAI4_IRQHandler                          0x080003ab   Thumb Code     0  startup_stm32h723xx.o(.text)
    SDMMC1_IRQHandler                        0x080003ab   Thumb Code     0  startup_stm32h723xx.o(.text)
    SDMMC2_IRQHandler                        0x080003ab   Thumb Code     0  startup_stm32h723xx.o(.text)
    SPDIF_RX_IRQHandler                      0x080003ab   Thumb Code     0  startup_stm32h723xx.o(.text)
    SPI1_IRQHandler                          0x080003ab   Thumb Code     0  startup_stm32h723xx.o(.text)
    SPI2_IRQHandler                          0x080003ab   Thumb Code     0  startup_stm32h723xx.o(.text)
    SPI3_IRQHandler                          0x080003ab   Thumb Code     0  startup_stm32h723xx.o(.text)
    SPI4_IRQHandler                          0x080003ab   Thumb Code     0  startup_stm32h723xx.o(.text)
    SPI5_IRQHandler                          0x080003ab   Thumb Code     0  startup_stm32h723xx.o(.text)
    SPI6_IRQHandler                          0x080003ab   Thumb Code     0  startup_stm32h723xx.o(.text)
    SWPMI1_IRQHandler                        0x080003ab   Thumb Code     0  startup_stm32h723xx.o(.text)
    TAMP_STAMP_IRQHandler                    0x080003ab   Thumb Code     0  startup_stm32h723xx.o(.text)
    TIM15_IRQHandler                         0x080003ab   Thumb Code     0  startup_stm32h723xx.o(.text)
    TIM16_IRQHandler                         0x080003ab   Thumb Code     0  startup_stm32h723xx.o(.text)
    TIM17_IRQHandler                         0x080003ab   Thumb Code     0  startup_stm32h723xx.o(.text)
    TIM1_BRK_IRQHandler                      0x080003ab   Thumb Code     0  startup_stm32h723xx.o(.text)
    TIM1_CC_IRQHandler                       0x080003ab   Thumb Code     0  startup_stm32h723xx.o(.text)
    TIM1_TRG_COM_IRQHandler                  0x080003ab   Thumb Code     0  startup_stm32h723xx.o(.text)
    TIM1_UP_IRQHandler                       0x080003ab   Thumb Code     0  startup_stm32h723xx.o(.text)
    TIM23_IRQHandler                         0x080003ab   Thumb Code     0  startup_stm32h723xx.o(.text)
    TIM24_IRQHandler                         0x080003ab   Thumb Code     0  startup_stm32h723xx.o(.text)
    TIM2_IRQHandler                          0x080003ab   Thumb Code     0  startup_stm32h723xx.o(.text)
    TIM3_IRQHandler                          0x080003ab   Thumb Code     0  startup_stm32h723xx.o(.text)
    TIM6_DAC_IRQHandler                      0x080003ab   Thumb Code     0  startup_stm32h723xx.o(.text)
    TIM7_IRQHandler                          0x080003ab   Thumb Code     0  startup_stm32h723xx.o(.text)
    TIM8_BRK_TIM12_IRQHandler                0x080003ab   Thumb Code     0  startup_stm32h723xx.o(.text)
    TIM8_CC_IRQHandler                       0x080003ab   Thumb Code     0  startup_stm32h723xx.o(.text)
    TIM8_TRG_COM_TIM14_IRQHandler            0x080003ab   Thumb Code     0  startup_stm32h723xx.o(.text)
    TIM8_UP_TIM13_IRQHandler                 0x080003ab   Thumb Code     0  startup_stm32h723xx.o(.text)
    UART4_IRQHandler                         0x080003ab   Thumb Code     0  startup_stm32h723xx.o(.text)
    UART7_IRQHandler                         0x080003ab   Thumb Code     0  startup_stm32h723xx.o(.text)
    UART8_IRQHandler                         0x080003ab   Thumb Code     0  startup_stm32h723xx.o(.text)
    UART9_IRQHandler                         0x080003ab   Thumb Code     0  startup_stm32h723xx.o(.text)
    USART2_IRQHandler                        0x080003ab   Thumb Code     0  startup_stm32h723xx.o(.text)
    USART3_IRQHandler                        0x080003ab   Thumb Code     0  startup_stm32h723xx.o(.text)
    USART6_IRQHandler                        0x080003ab   Thumb Code     0  startup_stm32h723xx.o(.text)
    WAKEUP_PIN_IRQHandler                    0x080003ab   Thumb Code     0  startup_stm32h723xx.o(.text)
    WWDG_IRQHandler                          0x080003ab   Thumb Code     0  startup_stm32h723xx.o(.text)
    __user_initial_stackheap                 0x080003ad   Thumb Code     0  startup_stm32h723xx.o(.text)
    __aeabi_uldivmod                         0x080003d1   Thumb Code     0  lludivv7m.o(.text)
    _ll_udiv                                 0x080003d1   Thumb Code   238  lludivv7m.o(.text)
    __aeabi_memcpy                           0x080004bf   Thumb Code     0  rt_memcpy_v6.o(.text)
    __rt_memcpy                              0x080004bf   Thumb Code   138  rt_memcpy_v6.o(.text)
    _memcpy_lastbytes                        0x08000525   Thumb Code     0  rt_memcpy_v6.o(.text)
    __aeabi_memcpy4                          0x08000549   Thumb Code     0  rt_memcpy_w.o(.text)
    __aeabi_memcpy8                          0x08000549   Thumb Code     0  rt_memcpy_w.o(.text)
    __rt_memcpy_w                            0x08000549   Thumb Code   100  rt_memcpy_w.o(.text)
    _memcpy_lastbytes_aligned                0x08000591   Thumb Code     0  rt_memcpy_w.o(.text)
    __aeabi_memclr4                          0x080005ad   Thumb Code     0  rt_memclr_w.o(.text)
    __aeabi_memclr8                          0x080005ad   Thumb Code     0  rt_memclr_w.o(.text)
    __rt_memclr_w                            0x080005ad   Thumb Code    78  rt_memclr_w.o(.text)
    _memset_w                                0x080005b1   Thumb Code     0  rt_memclr_w.o(.text)
    __use_two_region_memory                  0x080005fb   Thumb Code     2  heapauxi.o(.text)
    __rt_heap_escrow                         0x080005fd   Thumb Code     2  heapauxi.o(.text)
    __rt_heap_expand                         0x080005ff   Thumb Code     2  heapauxi.o(.text)
    __cpp_initialize__aeabi_                 0x08000601   Thumb Code    26  init_aeabi.o(.text)
    __read_errno                             0x08000625   Thumb Code    10  _rserrno.o(.text)
    __set_errno                              0x0800062f   Thumb Code    12  _rserrno.o(.text)
    __aeabi_errno_addr                       0x0800063d   Thumb Code     8  rt_errno_addr_intlibspace.o(.text)
    __errno$intlibspace                      0x0800063d   Thumb Code     0  rt_errno_addr_intlibspace.o(.text)
    __rt_errno_addr$intlibspace              0x0800063d   Thumb Code     0  rt_errno_addr_intlibspace.o(.text)
    __user_libspace                          0x08000645   Thumb Code     8  libspace.o(.text)
    __user_perproc_libspace                  0x08000645   Thumb Code     0  libspace.o(.text)
    __user_perthread_libspace                0x08000645   Thumb Code     0  libspace.o(.text)
    __user_setup_stackheap                   0x0800064d   Thumb Code    74  sys_stackheap_outer.o(.text)
    exit                                     0x08000697   Thumb Code    18  exit.o(.text)
    _sys_exit                                0x080006a9   Thumb Code     8  sys_exit.o(.text)
    __I$use$semihosting                      0x080006b5   Thumb Code     0  use_no_semi.o(.text)
    __use_no_semihosting_swi                 0x080006b5   Thumb Code     2  use_no_semi.o(.text)
    BusFault_Handler                         0x080006b7   Thumb Code     4  stm32h7xx_it.o(i.BusFault_Handler)
    __semihosting_library_function           0x080006b7   Thumb Code     0  indicate_semi.o(.text)
    DMA1_Stream1_IRQHandler                  0x080006bd   Thumb Code    10  stm32h7xx_it.o(i.DMA1_Stream1_IRQHandler)
    DMA1_Stream2_IRQHandler                  0x080006cd   Thumb Code    10  stm32h7xx_it.o(i.DMA1_Stream2_IRQHandler)
    DMA1_Stream3_IRQHandler                  0x080006dd   Thumb Code    10  stm32h7xx_it.o(i.DMA1_Stream3_IRQHandler)
    DMA1_Stream4_IRQHandler                  0x080006ed   Thumb Code    10  stm32h7xx_it.o(i.DMA1_Stream4_IRQHandler)
    DMA2_Stream0_IRQHandler                  0x080006fd   Thumb Code    10  stm32h7xx_it.o(i.DMA2_Stream0_IRQHandler)
    DebugMon_Handler                         0x0800070d   Thumb Code     2  stm32h7xx_it.o(i.DebugMon_Handler)
    EXTI15_10_IRQHandler                     0x0800070f   Thumb Code    36  stm32h7xx_it.o(i.EXTI15_10_IRQHandler)
    Error_Handler                            0x08000733   Thumb Code     6  main.o(i.Error_Handler)
    FDCAN1_IT0_IRQHandler                    0x08000739   Thumb Code    10  stm32h7xx_it.o(i.FDCAN1_IT0_IRQHandler)
    FDCAN2_IT0_IRQHandler                    0x08000749   Thumb Code    10  stm32h7xx_it.o(i.FDCAN2_IT0_IRQHandler)
    HAL_DMA_Abort                            0x08000759   Thumb Code  1236  stm32h7xx_hal_dma.o(i.HAL_DMA_Abort)
    HAL_DMA_Abort_IT                         0x08000c35   Thumb Code   906  stm32h7xx_hal_dma.o(i.HAL_DMA_Abort_IT)
    HAL_DMA_IRQHandler                       0x08000fcd   Thumb Code  2798  stm32h7xx_hal_dma.o(i.HAL_DMA_IRQHandler)
    HAL_DMA_Init                             0x08001ac5   Thumb Code  1292  stm32h7xx_hal_dma.o(i.HAL_DMA_Init)
    HAL_DMA_Start_IT                         0x08001fd9   Thumb Code   980  stm32h7xx_hal_dma.o(i.HAL_DMA_Start_IT)
    HAL_FDCAN_ActivateNotification           0x080023b9   Thumb Code   158  stm32h7xx_hal_fdcan.o(i.HAL_FDCAN_ActivateNotification)
    HAL_FDCAN_AddMessageToTxFifoQ            0x08002461   Thumb Code   144  stm32h7xx_hal_fdcan.o(i.HAL_FDCAN_AddMessageToTxFifoQ)
    HAL_FDCAN_ClockCalibrationCallback       0x080024f1   Thumb Code     2  stm32h7xx_hal_fdcan.o(i.HAL_FDCAN_ClockCalibrationCallback)
    HAL_FDCAN_ConfigFilter                   0x080024f3   Thumb Code   168  stm32h7xx_hal_fdcan.o(i.HAL_FDCAN_ConfigFilter)
    HAL_FDCAN_ConfigGlobalFilter             0x0800259b   Thumb Code    52  stm32h7xx_hal_fdcan.o(i.HAL_FDCAN_ConfigGlobalFilter)
    HAL_FDCAN_ErrorCallback                  0x080025cf   Thumb Code     2  stm32h7xx_hal_fdcan.o(i.HAL_FDCAN_ErrorCallback)
    HAL_FDCAN_ErrorStatusCallback            0x080025d1   Thumb Code     2  stm32h7xx_hal_fdcan.o(i.HAL_FDCAN_ErrorStatusCallback)
    HAL_FDCAN_GetRxMessage                   0x080025d5   Thumb Code   494  stm32h7xx_hal_fdcan.o(i.HAL_FDCAN_GetRxMessage)
    HAL_FDCAN_HighPriorityMessageCallback    0x080027c9   Thumb Code     2  stm32h7xx_hal_fdcan.o(i.HAL_FDCAN_HighPriorityMessageCallback)
    HAL_FDCAN_IRQHandler                     0x080027cd   Thumb Code   966  stm32h7xx_hal_fdcan.o(i.HAL_FDCAN_IRQHandler)
    HAL_FDCAN_Init                           0x08002ba1   Thumb Code   726  stm32h7xx_hal_fdcan.o(i.HAL_FDCAN_Init)
    HAL_FDCAN_MspInit                        0x08002e81   Thumb Code   478  fdcan.o(i.HAL_FDCAN_MspInit)
    HAL_FDCAN_RxBufferNewMessageCallback     0x0800307d   Thumb Code     2  stm32h7xx_hal_fdcan.o(i.HAL_FDCAN_RxBufferNewMessageCallback)
    HAL_FDCAN_RxFifo0Callback                0x08003081   Thumb Code   132  drv_can.o(i.HAL_FDCAN_RxFifo0Callback)
    HAL_FDCAN_RxFifo1Callback                0x0800311d   Thumb Code   132  drv_can.o(i.HAL_FDCAN_RxFifo1Callback)
    HAL_FDCAN_Start                          0x080031b9   Thumb Code    52  stm32h7xx_hal_fdcan.o(i.HAL_FDCAN_Start)
    HAL_FDCAN_TT_GlobalTimeCallback          0x080031ed   Thumb Code     2  stm32h7xx_hal_fdcan.o(i.HAL_FDCAN_TT_GlobalTimeCallback)
    HAL_FDCAN_TT_ScheduleSyncCallback        0x080031ef   Thumb Code     2  stm32h7xx_hal_fdcan.o(i.HAL_FDCAN_TT_ScheduleSyncCallback)
    HAL_FDCAN_TT_StopWatchCallback           0x080031f1   Thumb Code     2  stm32h7xx_hal_fdcan.o(i.HAL_FDCAN_TT_StopWatchCallback)
    HAL_FDCAN_TT_TimeMarkCallback            0x080031f3   Thumb Code     2  stm32h7xx_hal_fdcan.o(i.HAL_FDCAN_TT_TimeMarkCallback)
    HAL_FDCAN_TimeoutOccurredCallback        0x080031f5   Thumb Code     2  stm32h7xx_hal_fdcan.o(i.HAL_FDCAN_TimeoutOccurredCallback)
    HAL_FDCAN_TimestampWraparoundCallback    0x080031f7   Thumb Code     2  stm32h7xx_hal_fdcan.o(i.HAL_FDCAN_TimestampWraparoundCallback)
    HAL_FDCAN_TxBufferAbortCallback          0x080031f9   Thumb Code     2  stm32h7xx_hal_fdcan.o(i.HAL_FDCAN_TxBufferAbortCallback)
    HAL_FDCAN_TxBufferCompleteCallback       0x080031fb   Thumb Code     2  stm32h7xx_hal_fdcan.o(i.HAL_FDCAN_TxBufferCompleteCallback)
    HAL_FDCAN_TxEventFifoCallback            0x080031fd   Thumb Code     2  stm32h7xx_hal_fdcan.o(i.HAL_FDCAN_TxEventFifoCallback)
    HAL_FDCAN_TxFifoEmptyCallback            0x080031ff   Thumb Code     2  stm32h7xx_hal_fdcan.o(i.HAL_FDCAN_TxFifoEmptyCallback)
    HAL_GPIO_EXTI_Callback                   0x08003201   Thumb Code   212  drv_gpio_exti.o(i.HAL_GPIO_EXTI_Callback)
    HAL_GPIO_EXTI_IRQHandler                 0x08003315   Thumb Code    24  stm32h7xx_hal_gpio.o(i.HAL_GPIO_EXTI_IRQHandler)
    HAL_GPIO_Init                            0x08003331   Thumb Code   446  stm32h7xx_hal_gpio.o(i.HAL_GPIO_Init)
    HAL_GPIO_ReadPin                         0x08003521   Thumb Code    16  stm32h7xx_hal_gpio.o(i.HAL_GPIO_ReadPin)
    HAL_GPIO_WritePin                        0x08003531   Thumb Code    12  stm32h7xx_hal_gpio.o(i.HAL_GPIO_WritePin)
    HAL_GetTick                              0x0800353d   Thumb Code     6  stm32h7xx_hal.o(i.HAL_GetTick)
    HAL_IncTick                              0x08003549   Thumb Code    16  stm32h7xx_hal.o(i.HAL_IncTick)
    HAL_Init                                 0x08003561   Thumb Code    80  stm32h7xx_hal.o(i.HAL_Init)
    HAL_InitTick                             0x080035c1   Thumb Code    74  stm32h7xx_hal.o(i.HAL_InitTick)
    HAL_MspInit                              0x08003619   Thumb Code    32  stm32h7xx_hal_msp.o(i.HAL_MspInit)
    HAL_NVIC_EnableIRQ                       0x0800363d   Thumb Code    40  stm32h7xx_hal_cortex.o(i.HAL_NVIC_EnableIRQ)
    HAL_NVIC_SetPriority                     0x08003665   Thumb Code   122  stm32h7xx_hal_cortex.o(i.HAL_NVIC_SetPriority)
    HAL_NVIC_SetPriorityGrouping             0x080036e1   Thumb Code    32  stm32h7xx_hal_cortex.o(i.HAL_NVIC_SetPriorityGrouping)
    HAL_PWREx_ConfigSupply                   0x08003709   Thumb Code    90  stm32h7xx_hal_pwr_ex.o(i.HAL_PWREx_ConfigSupply)
    HAL_RCCEx_GetD3PCLK1Freq                 0x08003769   Thumb Code    26  stm32h7xx_hal_rcc_ex.o(i.HAL_RCCEx_GetD3PCLK1Freq)
    HAL_RCCEx_GetPLL2ClockFreq               0x0800378d   Thumb Code   536  stm32h7xx_hal_rcc_ex.o(i.HAL_RCCEx_GetPLL2ClockFreq)
    HAL_RCCEx_GetPLL3ClockFreq               0x080039bd   Thumb Code   536  stm32h7xx_hal_rcc_ex.o(i.HAL_RCCEx_GetPLL3ClockFreq)
    HAL_RCCEx_PeriphCLKConfig                0x08003bed   Thumb Code  3272  stm32h7xx_hal_rcc_ex.o(i.HAL_RCCEx_PeriphCLKConfig)
    HAL_RCC_ClockConfig                      0x080048b5   Thumb Code   774  stm32h7xx_hal_rcc.o(i.HAL_RCC_ClockConfig)
    HAL_RCC_GetHCLKFreq                      0x08004bd5   Thumb Code    60  stm32h7xx_hal_rcc.o(i.HAL_RCC_GetHCLKFreq)
    HAL_RCC_GetPCLK1Freq                     0x08004c21   Thumb Code    26  stm32h7xx_hal_rcc.o(i.HAL_RCC_GetPCLK1Freq)
    HAL_RCC_GetPCLK2Freq                     0x08004c45   Thumb Code    26  stm32h7xx_hal_rcc.o(i.HAL_RCC_GetPCLK2Freq)
    HAL_RCC_GetSysClockFreq                  0x08004c69   Thumb Code   524  stm32h7xx_hal_rcc.o(i.HAL_RCC_GetSysClockFreq)
    HAL_RCC_OscConfig                        0x08004e95   Thumb Code  1874  stm32h7xx_hal_rcc.o(i.HAL_RCC_OscConfig)
    HAL_SYSTICK_Config                       0x080055f1   Thumb Code    52  stm32h7xx_hal_cortex.o(i.HAL_SYSTICK_Config)
    HAL_TIMEx_Break2Callback                 0x08005625   Thumb Code     2  stm32h7xx_hal_tim_ex.o(i.HAL_TIMEx_Break2Callback)
    HAL_TIMEx_BreakCallback                  0x08005627   Thumb Code     2  stm32h7xx_hal_tim_ex.o(i.HAL_TIMEx_BreakCallback)
    HAL_TIMEx_CommutCallback                 0x08005629   Thumb Code     2  stm32h7xx_hal_tim_ex.o(i.HAL_TIMEx_CommutCallback)
    HAL_TIMEx_MasterConfigSynchronization    0x0800562d   Thumb Code   190  stm32h7xx_hal_tim_ex.o(i.HAL_TIMEx_MasterConfigSynchronization)
    HAL_TIM_Base_Init                        0x08005711   Thumb Code   110  stm32h7xx_hal_tim.o(i.HAL_TIM_Base_Init)
    HAL_TIM_Base_MspInit                     0x08005781   Thumb Code   112  tim.o(i.HAL_TIM_Base_MspInit)
    HAL_TIM_Base_Start_IT                    0x080057fd   Thumb Code   162  stm32h7xx_hal_tim.o(i.HAL_TIM_Base_Start_IT)
    HAL_TIM_ConfigClockSource                0x080058c9   Thumb Code   304  stm32h7xx_hal_tim.o(i.HAL_TIM_ConfigClockSource)
    HAL_TIM_IC_CaptureCallback               0x080059fd   Thumb Code     2  stm32h7xx_hal_tim.o(i.HAL_TIM_IC_CaptureCallback)
    HAL_TIM_IRQHandler                       0x080059ff   Thumb Code   408  stm32h7xx_hal_tim.o(i.HAL_TIM_IRQHandler)
    HAL_TIM_MspPostInit                      0x08005b99   Thumb Code   144  tim.o(i.HAL_TIM_MspPostInit)
    HAL_TIM_OC_DelayElapsedCallback          0x08005c39   Thumb Code     2  stm32h7xx_hal_tim.o(i.HAL_TIM_OC_DelayElapsedCallback)
    HAL_TIM_PWM_ConfigChannel                0x08005c3b   Thumb Code   368  stm32h7xx_hal_tim.o(i.HAL_TIM_PWM_ConfigChannel)
    HAL_TIM_PWM_Init                         0x08005dab   Thumb Code   110  stm32h7xx_hal_tim.o(i.HAL_TIM_PWM_Init)
    HAL_TIM_PWM_MspInit                      0x08005e19   Thumb Code    76  tim.o(i.HAL_TIM_PWM_MspInit)
    HAL_TIM_PWM_PulseFinishedCallback        0x08005e71   Thumb Code     2  stm32h7xx_hal_tim.o(i.HAL_TIM_PWM_PulseFinishedCallback)
    HAL_TIM_PWM_Start                        0x08005e75   Thumb Code   330  stm32h7xx_hal_tim.o(i.HAL_TIM_PWM_Start)
    HAL_TIM_PeriodElapsedCallback            0x08005ff1   Thumb Code   384  drv_tim.o(i.HAL_TIM_PeriodElapsedCallback)
    HAL_TIM_TriggerCallback                  0x080061f1   Thumb Code     2  stm32h7xx_hal_tim.o(i.HAL_TIM_TriggerCallback)
    HAL_UARTEx_DisableFifoMode               0x080061f3   Thumb Code    78  stm32h7xx_hal_uart_ex.o(i.HAL_UARTEx_DisableFifoMode)
    HAL_UARTEx_ReceiveToIdle_DMA             0x08006241   Thumb Code    98  stm32h7xx_hal_uart_ex.o(i.HAL_UARTEx_ReceiveToIdle_DMA)
    HAL_UARTEx_RxEventCallback               0x080062a5   Thumb Code   486  drv_uart.o(i.HAL_UARTEx_RxEventCallback)
    HAL_UARTEx_RxFifoFullCallback            0x080064dd   Thumb Code     2  stm32h7xx_hal_uart_ex.o(i.HAL_UARTEx_RxFifoFullCallback)
    HAL_UARTEx_SetRxFifoThreshold            0x080064df   Thumb Code    94  stm32h7xx_hal_uart_ex.o(i.HAL_UARTEx_SetRxFifoThreshold)
    HAL_UARTEx_SetTxFifoThreshold            0x0800653d   Thumb Code    94  stm32h7xx_hal_uart_ex.o(i.HAL_UARTEx_SetTxFifoThreshold)
    HAL_UARTEx_TxFifoEmptyCallback           0x0800659b   Thumb Code     2  stm32h7xx_hal_uart_ex.o(i.HAL_UARTEx_TxFifoEmptyCallback)
    HAL_UARTEx_WakeupCallback                0x0800659d   Thumb Code     2  stm32h7xx_hal_uart_ex.o(i.HAL_UARTEx_WakeupCallback)
    HAL_UART_ErrorCallback                   0x0800659f   Thumb Code     2  stm32h7xx_hal_uart.o(i.HAL_UART_ErrorCallback)
    HAL_UART_IRQHandler                      0x080065a1   Thumb Code  1172  stm32h7xx_hal_uart.o(i.HAL_UART_IRQHandler)
    HAL_UART_Init                            0x08006a35   Thumb Code   120  stm32h7xx_hal_uart.o(i.HAL_UART_Init)
    HAL_UART_MspInit                         0x08006aad   Thumb Code   826  usart.o(i.HAL_UART_MspInit)
    HAL_UART_RxCpltCallback                  0x08006e25   Thumb Code     2  stm32h7xx_hal_uart.o(i.HAL_UART_RxCpltCallback)
    HAL_UART_RxHalfCpltCallback              0x08006e27   Thumb Code     2  stm32h7xx_hal_uart.o(i.HAL_UART_RxHalfCpltCallback)
    HAL_UART_TxCpltCallback                  0x08006e29   Thumb Code     2  stm32h7xx_hal_uart.o(i.HAL_UART_TxCpltCallback)
    HardFault_Handler                        0x08006e2b   Thumb Code     4  stm32h7xx_it.o(i.HardFault_Handler)
    MX_DMA_Init                              0x08006e31   Thumb Code   138  dma.o(i.MX_DMA_Init)
    MX_FDCAN1_Init                           0x08006ec1   Thumb Code   130  fdcan.o(i.MX_FDCAN1_Init)
    MX_FDCAN2_Init                           0x08006f4d   Thumb Code   130  fdcan.o(i.MX_FDCAN2_Init)
    MX_FDCAN3_Init                           0x08006fd9   Thumb Code   130  fdcan.o(i.MX_FDCAN3_Init)
    MX_GPIO_Init                             0x08007065   Thumb Code   310  gpio.o(i.MX_GPIO_Init)
    MX_TIM12_Init                            0x080071a9   Thumb Code   118  tim.o(i.MX_TIM12_Init)
    MX_TIM3_Init                             0x08007229   Thumb Code   116  tim.o(i.MX_TIM3_Init)
    MX_TIM4_Init                             0x080072a5   Thumb Code   100  tim.o(i.MX_TIM4_Init)
    MX_TIM5_Init                             0x08007311   Thumb Code   102  tim.o(i.MX_TIM5_Init)
    MX_UART5_Init                            0x08007381   Thumb Code   102  usart.o(i.MX_UART5_Init)
    MX_USART10_UART_Init                     0x080073f5   Thumb Code    98  usart.o(i.MX_USART10_UART_Init)
    MX_USART1_UART_Init                      0x08007461   Thumb Code    98  usart.o(i.MX_USART1_UART_Init)
    MemManage_Handler                        0x080074cd   Thumb Code     4  stm32h7xx_it.o(i.MemManage_Handler)
    NMI_Handler                              0x080074d1   Thumb Code     4  stm32h7xx_it.o(i.NMI_Handler)
    PendSV_Handler                           0x080074d5   Thumb Code     2  stm32h7xx_it.o(i.PendSV_Handler)
    SVC_Handler                              0x080074d7   Thumb Code     2  stm32h7xx_it.o(i.SVC_Handler)
    SysTick_Handler                          0x080074d9   Thumb Code     8  stm32h7xx_it.o(i.SysTick_Handler)
    SystemInit                               0x080074e1   Thumb Code   192  system_stm32h7xx.o(i.SystemInit)
    TIM4_IRQHandler                          0x080075c1   Thumb Code    10  stm32h7xx_it.o(i.TIM4_IRQHandler)
    TIM5_IRQHandler                          0x080075d1   Thumb Code    10  stm32h7xx_it.o(i.TIM5_IRQHandler)
    TIM_Base_SetConfig                       0x080075e1   Thumb Code   198  stm32h7xx_hal_tim.o(i.TIM_Base_SetConfig)
    TIM_CCxChannelCmd                        0x080076d1   Thumb Code    34  stm32h7xx_hal_tim.o(i.TIM_CCxChannelCmd)
    TIM_ETR_SetConfig                        0x080076f3   Thumb Code    22  stm32h7xx_hal_tim.o(i.TIM_ETR_SetConfig)
    TIM_OC2_SetConfig                        0x08007709   Thumb Code   156  stm32h7xx_hal_tim.o(i.TIM_OC2_SetConfig)
    Task_Init                                0x080077bd   Thumb Code   130  tsk_config_and_callback.o(i.Task_Init)
    Task_Loop                                0x08007889   Thumb Code     2  tsk_config_and_callback.o(i.Task_Loop)
    UART5_IRQHandler                         0x0800788d   Thumb Code    10  stm32h7xx_it.o(i.UART5_IRQHandler)
    UART_AdvFeatureConfig                    0x0800789d   Thumb Code   248  stm32h7xx_hal_uart.o(i.UART_AdvFeatureConfig)
    UART_CheckIdleState                      0x08007995   Thumb Code   234  stm32h7xx_hal_uart.o(i.UART_CheckIdleState)
    UART_SetConfig                           0x08007a81   Thumb Code  1558  stm32h7xx_hal_uart.o(i.UART_SetConfig)
    UART_Start_Receive_DMA                   0x080080a9   Thumb Code   186  stm32h7xx_hal_uart.o(i.UART_Start_Receive_DMA)
    UART_WaitOnFlagUntilTimeout              0x08008171   Thumb Code   172  stm32h7xx_hal_uart.o(i.UART_WaitOnFlagUntilTimeout)
    USART10_IRQHandler                       0x0800821d   Thumb Code    10  stm32h7xx_it.o(i.USART10_IRQHandler)
    USART1_IRQHandler                        0x0800822d   Thumb Code    10  stm32h7xx_it.o(i.USART1_IRQHandler)
    UsageFault_Handler                       0x0800823d   Thumb Code     4  stm32h7xx_it.o(i.UsageFault_Handler)
    DWT_Update()                             0x08008241   Thumb Code   112  dvc_dwt.o(i._Z10DWT_Updatev)
    FDCAN_Init(FDCAN_HandleTypeDef*, void(*)(Struct_FDCAN_Rx_Buffer*)) 0x080082c5   Thumb Code   132  drv_can.o(i._Z10FDCAN_InitP19FDCAN_HandleTypeDefPFvP22Struct_FDCAN_Rx_BufferE)
    BSP_Set_DC5(Enum_BSP_DC5_Status)         0x08008361   Thumb Code    18  drv_bsp.o(i._Z11BSP_Set_DC519Enum_BSP_DC5_Status)
    BSP_Set_DC24_L(Enum_BSP_DC24_Status)     0x08008379   Thumb Code    18  drv_bsp.o(i._Z14BSP_Set_DC24_L20Enum_BSP_DC24_Status)
    BSP_Set_DC24_R(Enum_BSP_DC24_Status)     0x08008391   Thumb Code    18  drv_bsp.o(i._Z14BSP_Set_DC24_R20Enum_BSP_DC24_Status)
    GPIO_EXTI_Init(unsigned short, void(*)()) 0x080083a9   Thumb Code   206  drv_gpio_exti.o(i._Z14GPIO_EXTI_InittPFvvE)
    FDCAN_Send_Data(FDCAN_HandleTypeDef*, unsigned, unsigned char*, Enum_FDCAN_ID_Type, unsigned char) 0x080084b9   Thumb Code   134  drv_can.o(i._Z15FDCAN_Send_DataP19FDCAN_HandleTypeDefjPh18Enum_FDCAN_ID_Typeh)
    BSP_Set_PWM_Buzzer(float)                0x08008541   Thumb Code    24  drv_bsp.o(i._Z18BSP_Set_PWM_Buzzerf)
    SystemClock_Config()                     0x08008561   Thumb Code   178  main.o(i._Z18SystemClock_Configv)
    DR16_UART5_Callback(unsigned char*, unsigned short) 0x08008619   Thumb Code    22  tsk_config_and_callback.o(i._Z19DR16_UART5_CallbackPht)
    DWT_GetCurrentTimeMs()                   0x08008635   Thumb Code    12  dvc_dwt.o(i._Z20DWT_GetCurrentTimeMsv)
    GPIO_EXTI10_Callback()                   0x08008645   Thumb Code    10  tsk_config_and_callback.o(i._Z20GPIO_EXTI10_Callbackv)
    GPIO_EXTI11_Callback()                   0x08008655   Thumb Code    10  tsk_config_and_callback.o(i._Z20GPIO_EXTI11_Callbackv)
    GPIO_EXTI12_Callback()                   0x08008665   Thumb Code    10  tsk_config_and_callback.o(i._Z20GPIO_EXTI12_Callbackv)
    GPIO_EXTI14_Callback()                   0x08008675   Thumb Code    10  tsk_config_and_callback.o(i._Z20GPIO_EXTI14_Callbackv)
    Task1ms_TIM5_Callback()                  0x08008685   Thumb Code    64  tsk_config_and_callback.o(i._Z21Task1ms_TIM5_Callbackv)
    BSP_Set_PWM_IMU_Heater(float)            0x080086d9   Thumb Code    24  drv_bsp.o(i._Z22BSP_Set_PWM_IMU_Heaterf)
    Device_FDCAN1_Callback(Struct_FDCAN_Rx_Buffer*) 0x080086f9   Thumb Code    80  tsk_config_and_callback.o(i._Z22Device_FDCAN1_CallbackP22Struct_FDCAN_Rx_Buffer)
    Device_FDCAN2_Callback(Struct_FDCAN_Rx_Buffer*) 0x08008759   Thumb Code   118  tsk_config_and_callback.o(i._Z22Device_FDCAN2_CallbackP22Struct_FDCAN_Rx_Buffer)
    Device_FDCAN3_Callback(Struct_FDCAN_Rx_Buffer*) 0x080087d5   Thumb Code   110  tsk_config_and_callback.o(i._Z22Device_FDCAN3_CallbackP22Struct_FDCAN_Rx_Buffer)
    Math_Endian_Reverse_16(void*, void*)     0x08008843   Thumb Code    34  drv_math.o(i._Z22Math_Endian_Reverse_16PvS_)
    Math_Endian_Reverse_32(void*, void*)     0x08008865   Thumb Code    56  drv_math.o(i._Z22Math_Endian_Reverse_32PvS_)
    Task100us_TIM4_Callback()                0x0800889d   Thumb Code    60  tsk_config_and_callback.o(i._Z23Task100us_TIM4_Callbackv)
    FDCAN_Filter_Mask_Config(FDCAN_HandleTypeDef*, unsigned char, unsigned, unsigned) 0x080088f1   Thumb Code   162  drv_can.o(i._Z24FDCAN_Filter_Mask_ConfigP19FDCAN_HandleTypeDefhjj)
    BSP_Init(unsigned, float, float)         0x08008995   Thumb Code    78  drv_bsp.o(i._Z8BSP_Initjff)
    DWT_Init()                               0x080089ed   Thumb Code    46  dvc_dwt.o(i._Z8DWT_Initv)
    TIM_Init(TIM_HandleTypeDef*, void(*)())  0x08008a2d   Thumb Code   256  drv_tim.o(i._Z8TIM_InitP17TIM_HandleTypeDefPFvvE)
    UART_Init(__UART_HandleTypeDef*, void(*)(unsigned char*, unsigned short), unsigned short) 0x08008ba9   Thumb Code   368  drv_uart.o(i._Z9UART_InitP20__UART_HandleTypeDefPFvPhtEt)
    Class_DR16::Get_Left_X()                 0x08008d69   Thumb Code     6  ita_robot.o(i._ZN10Class_DR1610Get_Left_XEv)
    Class_DR16::Get_Left_Y()                 0x08008d6f   Thumb Code     6  ita_robot.o(i._ZN10Class_DR1610Get_Left_YEv)
    Class_DR16::Judge_Switch(Enum_DR16_Switch_Status*, unsigned char, unsigned char) 0x08008d75   Thumb Code   128  dvc_dr16.o(i._ZN10Class_DR1612Judge_SwitchEP23Enum_DR16_Switch_Statushh)
    Class_DR16::Judge_Updata(Struct_DR16_UART_Data, Struct_DR16_UART_Data) 0x08008df5   Thumb Code   104  dvc_dr16.o(i._ZN10Class_DR1612Judge_UpdataE21Struct_DR16_UART_DataS0_)
    Class_DR16::Get_Right_Switch()           0x08008e5d   Thumb Code     8  ita_robot.o(i._ZN10Class_DR1616Get_Right_SwitchEv)
    Class_DR16::DR16_Data_Process()          0x08008e65   Thumb Code   496  dvc_dr16.o(i._ZN10Class_DR1617DR16_Data_ProcessEv)
    Class_DR16::DR16_UART_RxCpltCallback(unsigned char*) 0x08009059   Thumb Code    36  dvc_dr16.o(i._ZN10Class_DR1624DR16_UART_RxCpltCallbackEPh)
    Class_DR16::Get_Yaw()                    0x0800907d   Thumb Code     6  ita_robot.o(i._ZN10Class_DR167Get_YawEv)
    Class_DR16::Judge_Key(Enum_DR16_Key_Status*, unsigned char, unsigned char) 0x08009083   Thumb Code    62  dvc_dr16.o(i._ZN10Class_DR169Judge_KeyEP20Enum_DR16_Key_Statushh)
    Class_Chariot::_Chassis_Control()        0x080090c1   Thumb Code   486  ita_robot.o(i._ZN13Class_Chariot16_Chassis_ControlEv)
    Class_Chariot::TIM_Control_Callback()    0x080092b5   Thumb Code    18  ita_robot.o(i._ZN13Class_Chariot20TIM_Control_CallbackEv)
    Class_Chariot::Judge_Active_Controller() 0x080092c7   Thumb Code    34  ita_robot.o(i._ZN13Class_Chariot23Judge_Active_ControllerEv)
    Class_Chariot::Judge_DR16_Control_Type() 0x080092e9   Thumb Code   196  ita_robot.o(i._ZN13Class_Chariot23Judge_DR16_Control_TypeEv)
    Class_Chassis::Steer_Angle_Set(unsigned char) 0x080093ad   Thumb Code   116  crt_chassis.o(i._ZN13Class_Chassis15Steer_Angle_SetEh)
    Class_Chassis::Set_Target_Omega(float)   0x08009421   Thumb Code    10  ita_robot.o(i._ZN13Class_Chassis16Set_Target_OmegaEf)
    Class_Chassis::Set_Target_Velocity_X(float) 0x0800942b   Thumb Code    10  ita_robot.o(i._ZN13Class_Chassis21Set_Target_Velocity_XEf)
    Class_Chassis::Set_Target_Velocity_Y(float) 0x08009435   Thumb Code    10  ita_robot.o(i._ZN13Class_Chassis21Set_Target_Velocity_YEf)
    Class_Chassis::Set_Chassis_Control_Type(Enum_Chassis_Control_Type) 0x0800943f   Thumb Code     6  ita_robot.o(i._ZN13Class_Chassis24Set_Chassis_Control_TypeE25Enum_Chassis_Control_Type)
    Class_Chassis::Class_Chassis()           0x08009445   Thumb Code   308  tsk_config_and_callback.o(i._ZN13Class_ChassisC1Ev)
    Class_Chassis::Class_Chassis__sub_object() 0x08009445   Thumb Code     0  tsk_config_and_callback.o(i._ZN13Class_ChassisC1Ev)
    Class_PMT45_Steer::PMT45_EXTI_Callback_Steer() 0x080095ad   Thumb Code    86  crt_chassis.o(i._ZN17Class_PMT45_Steer25PMT45_EXTI_Callback_SteerEv)
    Class_PMT45_Steer::Class_PMT45_Steer()   0x08009603   Thumb Code    26  tsk_config_and_callback.o(i._ZN17Class_PMT45_SteerC1Ev)
    Class_PMT45_Steer::Class_PMT45_Steer__sub_object() 0x08009603   Thumb Code     0  tsk_config_and_callback.o(i._ZN17Class_PMT45_SteerC1Ev)
    Class_Motor_MKSESC::Data_Process()       0x0800961d   Thumb Code   202  dvc_motor_mksesc.o(i._ZN18Class_Motor_MKSESC12Data_ProcessEv)
    Class_Motor_MKSESC::FDCAN_RxCpltCallback(unsigned char*) 0x080096f9   Thumb Code    20  dvc_motor_mksesc.o(i._ZN18Class_Motor_MKSESC20FDCAN_RxCpltCallbackEPh)
    Class_Motor_MKSESC::Class_Motor_MKSESC() 0x0800970d   Thumb Code    52  tsk_config_and_callback.o(i._ZN18Class_Motor_MKSESCC1Ev)
    Class_Motor_MKSESC::Class_Motor_MKSESC__sub_object() 0x0800970d   Thumb Code     0  tsk_config_and_callback.o(i._ZN18Class_Motor_MKSESCC1Ev)
    CAN_PowerController::turn_on_power(unsigned char) 0x08009745   Thumb Code    90  dvc_power_dji_a.o(i._ZN19CAN_PowerController13turn_on_powerEh)
    Class_Motor_DJI_C610::Data_Process()     0x080097ad   Thumb Code   260  dvc_motor_dji.o(i._ZN20Class_Motor_DJI_C61012Data_ProcessEv)
    Class_Motor_DJI_C610::FDCAN_RxCpltCallback(unsigned char*) 0x080098bd   Thumb Code    24  dvc_motor_dji.o(i._ZN20Class_Motor_DJI_C61020FDCAN_RxCpltCallbackEPh)
    Class_Motor_DJI_C610::Class_Motor_DJI_C610() 0x080098d5   Thumb Code   114  tsk_config_and_callback.o(i._ZN20Class_Motor_DJI_C610C1Ev)
    Class_Motor_DJI_C610::Class_Motor_DJI_C610__sub_object() 0x080098d5   Thumb Code     0  tsk_config_and_callback.o(i._ZN20Class_Motor_DJI_C610C1Ev)
    Class_PID::Class_PID()                   0x0800aa49   Thumb Code   138  tsk_config_and_callback.o(i._ZN9Class_PIDC1Ev)
    Class_PID::Class_PID__sub_object()       0x0800aa49   Thumb Code     0  tsk_config_and_callback.o(i._ZN9Class_PIDC1Ev)
    std::sqrt(float)                         0x0800aad9   Thumb Code    24  ita_robot.o(i._ZSt4sqrtf)
    __aeabi_vec_ctor_nocookie_nodtor         0x0800aaf1   Thumb Code    36  aeabi_vec_ctor_nocookie_nodtor.o(i.__aeabi_vec_ctor_nocookie_nodtor)
    __hardfp_sqrtf                           0x0800ab15   Thumb Code    58  sqrtf.o(i.__hardfp_sqrtf)
    main                                     0x0800abb1   Thumb Code    68  main.o(i.main)
    T1 Math_Abs<float>(T1)                   0x0800abf5   Thumb Code    24  alg_pid.o(t._Z8Math_AbsIfET_S0_)
    __aeabi_ul2f                             0x0800ac0d   Thumb Code     0  ffltll_clz.o(x$fpl$ffltll)
    _ll_uto_f                                0x0800ac0d   Thumb Code     6  ffltll_clz.o(x$fpl$ffltll)
    __aeabi_l2f                              0x0800ac13   Thumb Code     0  ffltll_clz.o(x$fpl$ffltll)
    _ll_sto_f                                0x0800ac13   Thumb Code    90  ffltll_clz.o(x$fpl$ffltll)
    _fp_init                                 0x0800ac6d   Thumb Code    10  fpinit.o(x$fpl$fpinit)
    __fplib_config_fpu_vfp                   0x0800ac75   Thumb Code     0  fpinit.o(x$fpl$fpinit)
    __fplib_config_pureend_doubles           0x0800ac75   Thumb Code     0  fpinit.o(x$fpl$fpinit)
    __I$use$fp                               0x0800ac76   Number         0  usenofp.o(x$fpl$usenofp)
    UARTPrescTable                           0x0800acdc   Data          24  stm32h7xx_hal_uart.o(.constdata)
    D1CorePrescTable                         0x0800ad04   Data          16  system_stm32h7xx.o(.constdata)
    Region$$Table$$Base                      0x0800ad78   Number         0  anon$$obj.o(Region$$Table)
    Region$$Table$$Limit                     0x0800ad98   Number         0  anon$$obj.o(Region$$Table)
    SHT$$INIT_ARRAY$$Base                    0x0800ad98   Number         0  tsk_config_and_callback.o(.init_array)
    SHT$$INIT_ARRAY$$Limit                   0x0800ad9c   Number         0  init_aeabi.o(.init_array)
    uwTick                                   0x24000004   Data           4  stm32h7xx_hal.o(.data)
    uwTickPrio                               0x24000008   Data           4  stm32h7xx_hal.o(.data)
    uwTickFreq                               0x2400000c   Data           1  stm32h7xx_hal.o(.data)
    SystemCoreClock                          0x24000010   Data           4  system_stm32h7xx.o(.data)
    SystemD2Clock                            0x24000014   Data           4  system_stm32h7xx.o(.data)
    TIM1_Manage_Object                       0x24000018   Data           8  drv_tim.o(.data)
    TIM2_Manage_Object                       0x24000020   Data           8  drv_tim.o(.data)
    TIM3_Manage_Object                       0x24000028   Data           8  drv_tim.o(.data)
    TIM4_Manage_Object                       0x24000030   Data           8  drv_tim.o(.data)
    TIM5_Manage_Object                       0x24000038   Data           8  drv_tim.o(.data)
    TIM6_Manage_Object                       0x24000040   Data           8  drv_tim.o(.data)
    TIM7_Manage_Object                       0x24000048   Data           8  drv_tim.o(.data)
    TIM8_Manage_Object                       0x24000050   Data           8  drv_tim.o(.data)
    TIM12_Manage_Object                      0x24000058   Data           8  drv_tim.o(.data)
    TIM13_Manage_Object                      0x24000060   Data           8  drv_tim.o(.data)
    TIM14_Manage_Object                      0x24000068   Data           8  drv_tim.o(.data)
    TIM15_Manage_Object                      0x24000070   Data           8  drv_tim.o(.data)
    TIM16_Manage_Object                      0x24000078   Data           8  drv_tim.o(.data)
    TIM17_Manage_Object                      0x24000080   Data           8  drv_tim.o(.data)
    TIM23_Manage_Object                      0x24000088   Data           8  drv_tim.o(.data)
    TIM24_Manage_Object                      0x24000090   Data           8  drv_tim.o(.data)
    GPIO0_EXTI_Manage_Object                 0x24000098   Data           8  drv_gpio_exti.o(.data)
    GPIO1_EXTI_Manage_Object                 0x240000a0   Data           8  drv_gpio_exti.o(.data)
    GPIO2_EXTI_Manage_Object                 0x240000a8   Data           8  drv_gpio_exti.o(.data)
    GPIO3_EXTI_Manage_Object                 0x240000b0   Data           8  drv_gpio_exti.o(.data)
    GPIO4_EXTI_Manage_Object                 0x240000b8   Data           8  drv_gpio_exti.o(.data)
    GPIO5_EXTI_Manage_Object                 0x240000c0   Data           8  drv_gpio_exti.o(.data)
    GPIO6_EXTI_Manage_Object                 0x240000c8   Data           8  drv_gpio_exti.o(.data)
    GPIO7_EXTI_Manage_Object                 0x240000d0   Data           8  drv_gpio_exti.o(.data)
    GPIO8_EXTI_Manage_Object                 0x240000d8   Data           8  drv_gpio_exti.o(.data)
    GPIO9_EXTI_Manage_Object                 0x240000e0   Data           8  drv_gpio_exti.o(.data)
    GPIO10_EXTI_Manage_Object                0x240000e8   Data           8  drv_gpio_exti.o(.data)
    GPIO11_EXTI_Manage_Object                0x240000f0   Data           8  drv_gpio_exti.o(.data)
    GPIO12_EXTI_Manage_Object                0x240000f8   Data           8  drv_gpio_exti.o(.data)
    GPIO13_EXTI_Manage_Object                0x24000100   Data           8  drv_gpio_exti.o(.data)
    GPIO14_EXTI_Manage_Object                0x24000108   Data           8  drv_gpio_exti.o(.data)
    GPIO15_EXTI_Manage_Object                0x24000110   Data           8  drv_gpio_exti.o(.data)
    command_see                              0x24000124   Data           1  dvc_power_dji_a.o(.data)
    channel_see                              0x24000125   Data           1  dvc_power_dji_a.o(.data)
    init_finished                            0x24000130   Data           1  tsk_config_and_callback.o(.data)
    flag                                     0x24000134   Data           4  tsk_config_and_callback.o(.data)
    PC10                                     0x24000138   Data           1  tsk_config_and_callback.o(.data)
    PC11                                     0x24000139   Data           1  tsk_config_and_callback.o(.data)
    PC12                                     0x2400013a   Data           1  tsk_config_and_callback.o(.data)
    PE14                                     0x2400013b   Data           1  tsk_config_and_callback.o(.data)
    mod100                                   0x2400013c   Data           1  tsk_config_and_callback.o(.data)
    flag_power                               0x2400013d   Data           1  tsk_config_and_callback.o(.data)
    can_power_controller                     0x2400013e   Data           1  tsk_config_and_callback.o(.data)
    is_success                               0x2400013f   Data           4  tsk_config_and_callback.o(.data)
    hfdcan1                                  0x24000144   Data         160  fdcan.o(.bss)
    hfdcan2                                  0x240001e4   Data         160  fdcan.o(.bss)
    hfdcan3                                  0x24000284   Data         160  fdcan.o(.bss)
    htim3                                    0x24000324   Data          76  tim.o(.bss)
    htim4                                    0x24000370   Data          76  tim.o(.bss)
    htim5                                    0x240003bc   Data          76  tim.o(.bss)
    htim12                                   0x24000408   Data          76  tim.o(.bss)
    huart5                                   0x24000454   Data         148  usart.o(.bss)
    huart1                                   0x240004e8   Data         148  usart.o(.bss)
    huart10                                  0x2400057c   Data         148  usart.o(.bss)
    hdma_uart5_rx                            0x24000610   Data         120  usart.o(.bss)
    hdma_usart1_rx                           0x24000688   Data         120  usart.o(.bss)
    hdma_usart1_tx                           0x24000700   Data         120  usart.o(.bss)
    hdma_usart10_rx                          0x24000778   Data         120  usart.o(.bss)
    hdma_usart10_tx                          0x240007f0   Data         120  usart.o(.bss)
    FDCAN1_Manage_Object                     0x24000868   Data          56  drv_can.o(.bss)
    FDCAN2_Manage_Object                     0x240008a0   Data          56  drv_can.o(.bss)
    FDCAN3_Manage_Object                     0x240008d8   Data          56  drv_can.o(.bss)
    UART1_Manage_Object                      0x24000910   Data         524  drv_uart.o(.bss)
    UART2_Manage_Object                      0x24000b1c   Data         524  drv_uart.o(.bss)
    UART3_Manage_Object                      0x24000d28   Data         524  drv_uart.o(.bss)
    UART4_Manage_Object                      0x24000f34   Data         524  drv_uart.o(.bss)
    UART5_Manage_Object                      0x24001140   Data         524  drv_uart.o(.bss)
    UART6_Manage_Object                      0x2400134c   Data         524  drv_uart.o(.bss)
    UART7_Manage_Object                      0x24001558   Data         524  drv_uart.o(.bss)
    UART8_Manage_Object                      0x24001764   Data         524  drv_uart.o(.bss)
    UART9_Manage_Object                      0x24001970   Data         524  drv_uart.o(.bss)
    UART10_Manage_Object                     0x24001b7c   Data         524  drv_uart.o(.bss)
    SystemTime                               0x24001d88   Data          12  dvc_dwt.o(.bss)
    chariot                                  0x24001d94   Data        2172  tsk_config_and_callback.o(.bss)
    __libspace_start                         0x24002610   Data          96  libspace.o(.bss)
    __temporary_stack_top$libspace           0x24002670   Data           0  libspace.o(.bss)



==============================================================================

Memory Map of the image

  Image Entry point : 0x080002cd

  Load Region LR_IROM1 (Base: 0x08000000, Size: 0x0000aee0, Max: 0x00100000, ABSOLUTE, COMPRESSED[0x0000adac])

    Execution Region ER_IROM1 (Exec base: 0x08000000, Load base: 0x08000000, Size: 0x0000ad9c, Max: 0x00100000, ABSOLUTE)

    Exec Addr    Load Addr    Size         Type   Attr      Idx    E Section Name        Object

    0x08000000   0x08000000   0x000002cc   Data   RO            3    RESET               startup_stm32h723xx.o
    0x080002cc   0x080002cc   0x00000008   Code   RO         8021  * !!!main             c_w.l(__main.o)
    0x080002d4   0x080002d4   0x00000034   Code   RO         8394    !!!scatter          c_w.l(__scatter.o)
    0x08000308   0x08000308   0x0000003a   Code   RO         8392    !!dczerorl          c_w.l(__dczerorl.o)
    0x08000342   0x08000342   0x00000002   PAD
    0x08000344   0x08000344   0x0000001c   Code   RO         8396    !!handler_zi        c_w.l(__scatter_zi.o)
    0x08000360   0x08000360   0x00000002   Code   RO         8195    .ARM.Collect$$libinit$$00000000  c_w.l(libinit.o)
    0x08000362   0x08000362   0x00000004   Code   RO         8077    .ARM.Collect$$libinit$$00000001  c_w.l(libinit2.o)
    0x08000366   0x08000366   0x00000000   Code   RO         8080    .ARM.Collect$$libinit$$00000004  c_w.l(libinit2.o)
    0x08000366   0x08000366   0x00000000   Code   RO         8083    .ARM.Collect$$libinit$$0000000A  c_w.l(libinit2.o)
    0x08000366   0x08000366   0x00000000   Code   RO         8085    .ARM.Collect$$libinit$$0000000C  c_w.l(libinit2.o)
    0x08000366   0x08000366   0x00000000   Code   RO         8087    .ARM.Collect$$libinit$$0000000E  c_w.l(libinit2.o)
    0x08000366   0x08000366   0x00000000   Code   RO         8090    .ARM.Collect$$libinit$$00000011  c_w.l(libinit2.o)
    0x08000366   0x08000366   0x00000000   Code   RO         8092    .ARM.Collect$$libinit$$00000013  c_w.l(libinit2.o)
    0x08000366   0x08000366   0x00000000   Code   RO         8094    .ARM.Collect$$libinit$$00000015  c_w.l(libinit2.o)
    0x08000366   0x08000366   0x00000000   Code   RO         8096    .ARM.Collect$$libinit$$00000017  c_w.l(libinit2.o)
    0x08000366   0x08000366   0x00000000   Code   RO         8098    .ARM.Collect$$libinit$$00000019  c_w.l(libinit2.o)
    0x08000366   0x08000366   0x00000000   Code   RO         8100    .ARM.Collect$$libinit$$0000001B  c_w.l(libinit2.o)
    0x08000366   0x08000366   0x00000000   Code   RO         8102    .ARM.Collect$$libinit$$0000001D  c_w.l(libinit2.o)
    0x08000366   0x08000366   0x00000000   Code   RO         8104    .ARM.Collect$$libinit$$0000001F  c_w.l(libinit2.o)
    0x08000366   0x08000366   0x00000000   Code   RO         8106    .ARM.Collect$$libinit$$00000021  c_w.l(libinit2.o)
    0x08000366   0x08000366   0x00000000   Code   RO         8108    .ARM.Collect$$libinit$$00000023  c_w.l(libinit2.o)
    0x08000366   0x08000366   0x00000000   Code   RO         8110    .ARM.Collect$$libinit$$00000025  c_w.l(libinit2.o)
    0x08000366   0x08000366   0x00000000   Code   RO         8114    .ARM.Collect$$libinit$$0000002C  c_w.l(libinit2.o)
    0x08000366   0x08000366   0x00000000   Code   RO         8116    .ARM.Collect$$libinit$$0000002E  c_w.l(libinit2.o)
    0x08000366   0x08000366   0x00000000   Code   RO         8118    .ARM.Collect$$libinit$$00000030  c_w.l(libinit2.o)
    0x08000366   0x08000366   0x00000004   Code   RO         8119    .ARM.Collect$$libinit$$00000031  c_w.l(libinit2.o)
    0x0800036a   0x0800036a   0x00000000   Code   RO         8120    .ARM.Collect$$libinit$$00000032  c_w.l(libinit2.o)
    0x0800036a   0x0800036a   0x00000002   Code   RO         8121    .ARM.Collect$$libinit$$00000033  c_w.l(libinit2.o)
    0x0800036c   0x0800036c   0x00000002   Code   RO         8353    .ARM.Collect$$libshutdown$$00000000  c_w.l(libshutdown.o)
    0x0800036e   0x0800036e   0x00000000   Code   RO         8369    .ARM.Collect$$libshutdown$$00000002  c_w.l(libshutdown2.o)
    0x0800036e   0x0800036e   0x00000000   Code   RO         8371    .ARM.Collect$$libshutdown$$00000004  c_w.l(libshutdown2.o)
    0x0800036e   0x0800036e   0x00000000   Code   RO         8373    .ARM.Collect$$libshutdown$$00000006  c_w.l(libshutdown2.o)
    0x0800036e   0x0800036e   0x00000000   Code   RO         8376    .ARM.Collect$$libshutdown$$00000009  c_w.l(libshutdown2.o)
    0x0800036e   0x0800036e   0x00000000   Code   RO         8379    .ARM.Collect$$libshutdown$$0000000C  c_w.l(libshutdown2.o)
    0x0800036e   0x0800036e   0x00000000   Code   RO         8381    .ARM.Collect$$libshutdown$$0000000E  c_w.l(libshutdown2.o)
    0x0800036e   0x0800036e   0x00000000   Code   RO         8384    .ARM.Collect$$libshutdown$$00000011  c_w.l(libshutdown2.o)
    0x0800036e   0x0800036e   0x00000002   Code   RO         8385    .ARM.Collect$$libshutdown$$00000012  c_w.l(libshutdown2.o)
    0x08000370   0x08000370   0x00000000   Code   RO         8070    .ARM.Collect$$rtentry$$00000000  c_w.l(__rtentry.o)
    0x08000370   0x08000370   0x00000000   Code   RO         8145    .ARM.Collect$$rtentry$$00000002  c_w.l(__rtentry2.o)
    0x08000370   0x08000370   0x00000006   Code   RO         8157    .ARM.Collect$$rtentry$$00000004  c_w.l(__rtentry4.o)
    0x08000376   0x08000376   0x00000000   Code   RO         8147    .ARM.Collect$$rtentry$$00000009  c_w.l(__rtentry2.o)
    0x08000376   0x08000376   0x00000004   Code   RO         8148    .ARM.Collect$$rtentry$$0000000A  c_w.l(__rtentry2.o)
    0x0800037a   0x0800037a   0x00000000   Code   RO         8150    .ARM.Collect$$rtentry$$0000000C  c_w.l(__rtentry2.o)
    0x0800037a   0x0800037a   0x00000008   Code   RO         8151    .ARM.Collect$$rtentry$$0000000D  c_w.l(__rtentry2.o)
    0x08000382   0x08000382   0x00000002   Code   RO         8205    .ARM.Collect$$rtexit$$00000000  c_w.l(rtexit.o)
    0x08000384   0x08000384   0x00000000   Code   RO         8293    .ARM.Collect$$rtexit$$00000002  c_w.l(rtexit2.o)
    0x08000384   0x08000384   0x00000004   Code   RO         8294    .ARM.Collect$$rtexit$$00000003  c_w.l(rtexit2.o)
    0x08000388   0x08000388   0x00000006   Code   RO         8295    .ARM.Collect$$rtexit$$00000004  c_w.l(rtexit2.o)
    0x0800038e   0x0800038e   0x00000002   PAD
    0x08000390   0x08000390   0x00000040   Code   RO            4    .text               startup_stm32h723xx.o
    0x080003d0   0x080003d0   0x000000ee   Code   RO         8011    .text               c_w.l(lludivv7m.o)
    0x080004be   0x080004be   0x0000008a   Code   RO         8013    .text               c_w.l(rt_memcpy_v6.o)
    0x08000548   0x08000548   0x00000064   Code   RO         8015    .text               c_w.l(rt_memcpy_w.o)
    0x080005ac   0x080005ac   0x0000004e   Code   RO         8017    .text               c_w.l(rt_memclr_w.o)
    0x080005fa   0x080005fa   0x00000006   Code   RO         8019    .text               c_w.l(heapauxi.o)
    0x08000600   0x08000600   0x00000024   Code   RO         8026    .text               c_w.l(init_aeabi.o)
    0x08000624   0x08000624   0x00000016   Code   RO         8075    .text               c_w.l(_rserrno.o)
    0x0800063a   0x0800063a   0x00000002   PAD
    0x0800063c   0x0800063c   0x00000008   Code   RO         8164    .text               c_w.l(rt_errno_addr_intlibspace.o)
    0x08000644   0x08000644   0x00000008   Code   RO         8175    .text               c_w.l(libspace.o)
    0x0800064c   0x0800064c   0x0000004a   Code   RO         8178    .text               c_w.l(sys_stackheap_outer.o)
    0x08000696   0x08000696   0x00000012   Code   RO         8180    .text               c_w.l(exit.o)
    0x080006a8   0x080006a8   0x0000000c   Code   RO         8285    .text               c_w.l(sys_exit.o)
    0x080006b4   0x080006b4   0x00000002   Code   RO         8287    .text               c_w.l(use_no_semi.o)
    0x080006b6   0x080006b6   0x00000000   Code   RO         8291    .text               c_w.l(indicate_semi.o)
    0x080006b6   0x080006b6   0x00000004   Code   RO          468    i.BusFault_Handler  stm32h7xx_it.o
    0x080006ba   0x080006ba   0x00000002   PAD
    0x080006bc   0x080006bc   0x00000010   Code   RO          469    i.DMA1_Stream1_IRQHandler  stm32h7xx_it.o
    0x080006cc   0x080006cc   0x00000010   Code   RO          470    i.DMA1_Stream2_IRQHandler  stm32h7xx_it.o
    0x080006dc   0x080006dc   0x00000010   Code   RO          471    i.DMA1_Stream3_IRQHandler  stm32h7xx_it.o
    0x080006ec   0x080006ec   0x00000010   Code   RO          472    i.DMA1_Stream4_IRQHandler  stm32h7xx_it.o
    0x080006fc   0x080006fc   0x00000010   Code   RO          473    i.DMA2_Stream0_IRQHandler  stm32h7xx_it.o
    0x0800070c   0x0800070c   0x00000002   Code   RO          474    i.DebugMon_Handler  stm32h7xx_it.o
    0x0800070e   0x0800070e   0x00000024   Code   RO          475    i.EXTI15_10_IRQHandler  stm32h7xx_it.o
    0x08000732   0x08000732   0x00000006   Code   RO           13    i.Error_Handler     main.o
    0x08000738   0x08000738   0x00000010   Code   RO          476    i.FDCAN1_IT0_IRQHandler  stm32h7xx_it.o
    0x08000748   0x08000748   0x00000010   Code   RO          477    i.FDCAN2_IT0_IRQHandler  stm32h7xx_it.o
    0x08000758   0x08000758   0x000004dc   Code   RO         1675    i.HAL_DMA_Abort     stm32h7xx_hal_dma.o
    0x08000c34   0x08000c34   0x00000398   Code   RO         1676    i.HAL_DMA_Abort_IT  stm32h7xx_hal_dma.o
    0x08000fcc   0x08000fcc   0x00000af8   Code   RO         1680    i.HAL_DMA_IRQHandler  stm32h7xx_hal_dma.o
    0x08001ac4   0x08001ac4   0x00000514   Code   RO         1681    i.HAL_DMA_Init      stm32h7xx_hal_dma.o
    0x08001fd8   0x08001fd8   0x000003e0   Code   RO         1685    i.HAL_DMA_Start_IT  stm32h7xx_hal_dma.o
    0x080023b8   0x080023b8   0x000000a8   Code   RO         3569    i.HAL_FDCAN_ActivateNotification  stm32h7xx_hal_fdcan.o
    0x08002460   0x08002460   0x00000090   Code   RO         3571    i.HAL_FDCAN_AddMessageToTxFifoQ  stm32h7xx_hal_fdcan.o
    0x080024f0   0x080024f0   0x00000002   Code   RO         3572    i.HAL_FDCAN_ClockCalibrationCallback  stm32h7xx_hal_fdcan.o
    0x080024f2   0x080024f2   0x000000a8   Code   RO         3576    i.HAL_FDCAN_ConfigFilter  stm32h7xx_hal_fdcan.o
    0x0800259a   0x0800259a   0x00000034   Code   RO         3577    i.HAL_FDCAN_ConfigGlobalFilter  stm32h7xx_hal_fdcan.o
    0x080025ce   0x080025ce   0x00000002   Code   RO         3598    i.HAL_FDCAN_ErrorCallback  stm32h7xx_hal_fdcan.o
    0x080025d0   0x080025d0   0x00000002   Code   RO         3599    i.HAL_FDCAN_ErrorStatusCallback  stm32h7xx_hal_fdcan.o
    0x080025d2   0x080025d2   0x00000002   PAD
    0x080025d4   0x080025d4   0x000001f4   Code   RO         3610    i.HAL_FDCAN_GetRxMessage  stm32h7xx_hal_fdcan.o
    0x080027c8   0x080027c8   0x00000002   Code   RO         3616    i.HAL_FDCAN_HighPriorityMessageCallback  stm32h7xx_hal_fdcan.o
    0x080027ca   0x080027ca   0x00000002   PAD
    0x080027cc   0x080027cc   0x000003d4   Code   RO         3617    i.HAL_FDCAN_IRQHandler  stm32h7xx_hal_fdcan.o
    0x08002ba0   0x08002ba0   0x000002e0   Code   RO         3618    i.HAL_FDCAN_Init    stm32h7xx_hal_fdcan.o
    0x08002e80   0x08002e80   0x000001fc   Code   RO          245    i.HAL_FDCAN_MspInit  fdcan.o
    0x0800307c   0x0800307c   0x00000002   Code   RO         3627    i.HAL_FDCAN_RxBufferNewMessageCallback  stm32h7xx_hal_fdcan.o
    0x0800307e   0x0800307e   0x00000002   PAD
    0x08003080   0x08003080   0x0000009c   Code   RO         6407    i.HAL_FDCAN_RxFifo0Callback  drv_can.o
    0x0800311c   0x0800311c   0x0000009c   Code   RO         6408    i.HAL_FDCAN_RxFifo1Callback  drv_can.o
    0x080031b8   0x080031b8   0x00000034   Code   RO         3630    i.HAL_FDCAN_Start   stm32h7xx_hal_fdcan.o
    0x080031ec   0x080031ec   0x00000002   Code   RO         3652    i.HAL_FDCAN_TT_GlobalTimeCallback  stm32h7xx_hal_fdcan.o
    0x080031ee   0x080031ee   0x00000002   Code   RO         3653    i.HAL_FDCAN_TT_ScheduleSyncCallback  stm32h7xx_hal_fdcan.o
    0x080031f0   0x080031f0   0x00000002   Code   RO         3658    i.HAL_FDCAN_TT_StopWatchCallback  stm32h7xx_hal_fdcan.o
    0x080031f2   0x080031f2   0x00000002   Code   RO         3659    i.HAL_FDCAN_TT_TimeMarkCallback  stm32h7xx_hal_fdcan.o
    0x080031f4   0x080031f4   0x00000002   Code   RO         3660    i.HAL_FDCAN_TimeoutOccurredCallback  stm32h7xx_hal_fdcan.o
    0x080031f6   0x080031f6   0x00000002   Code   RO         3661    i.HAL_FDCAN_TimestampWraparoundCallback  stm32h7xx_hal_fdcan.o
    0x080031f8   0x080031f8   0x00000002   Code   RO         3662    i.HAL_FDCAN_TxBufferAbortCallback  stm32h7xx_hal_fdcan.o
    0x080031fa   0x080031fa   0x00000002   Code   RO         3663    i.HAL_FDCAN_TxBufferCompleteCallback  stm32h7xx_hal_fdcan.o
    0x080031fc   0x080031fc   0x00000002   Code   RO         3664    i.HAL_FDCAN_TxEventFifoCallback  stm32h7xx_hal_fdcan.o
    0x080031fe   0x080031fe   0x00000002   Code   RO         3665    i.HAL_FDCAN_TxFifoEmptyCallback  stm32h7xx_hal_fdcan.o
    0x08003200   0x08003200   0x00000114   Code   RO         6666    i.HAL_GPIO_EXTI_Callback  drv_gpio_exti.o
    0x08003314   0x08003314   0x0000001c   Code   RO         1508    i.HAL_GPIO_EXTI_IRQHandler  stm32h7xx_hal_gpio.o
    0x08003330   0x08003330   0x000001f0   Code   RO         1509    i.HAL_GPIO_Init     stm32h7xx_hal_gpio.o
    0x08003520   0x08003520   0x00000010   Code   RO         1511    i.HAL_GPIO_ReadPin  stm32h7xx_hal_gpio.o
    0x08003530   0x08003530   0x0000000c   Code   RO         1513    i.HAL_GPIO_WritePin  stm32h7xx_hal_gpio.o
    0x0800353c   0x0800353c   0x0000000c   Code   RO         2495    i.HAL_GetTick       stm32h7xx_hal.o
    0x08003548   0x08003548   0x00000018   Code   RO         2501    i.HAL_IncTick       stm32h7xx_hal.o
    0x08003560   0x08003560   0x00000060   Code   RO         2502    i.HAL_Init          stm32h7xx_hal.o
    0x080035c0   0x080035c0   0x00000058   Code   RO         2503    i.HAL_InitTick      stm32h7xx_hal.o
    0x08003618   0x08003618   0x00000024   Code   RO          644    i.HAL_MspInit       stm32h7xx_hal_msp.o
    0x0800363c   0x0800363c   0x00000028   Code   RO          677    i.HAL_NVIC_EnableIRQ  stm32h7xx_hal_cortex.o
    0x08003664   0x08003664   0x0000007a   Code   RO          683    i.HAL_NVIC_SetPriority  stm32h7xx_hal_cortex.o
    0x080036de   0x080036de   0x00000002   PAD
    0x080036e0   0x080036e0   0x00000028   Code   RO          684    i.HAL_NVIC_SetPriorityGrouping  stm32h7xx_hal_cortex.o
    0x08003708   0x08003708   0x00000060   Code   RO         2193    i.HAL_PWREx_ConfigSupply  stm32h7xx_hal_pwr_ex.o
    0x08003768   0x08003768   0x00000024   Code   RO          980    i.HAL_RCCEx_GetD3PCLK1Freq  stm32h7xx_hal_rcc_ex.o
    0x0800378c   0x0800378c   0x00000230   Code   RO          982    i.HAL_RCCEx_GetPLL2ClockFreq  stm32h7xx_hal_rcc_ex.o
    0x080039bc   0x080039bc   0x00000230   Code   RO          983    i.HAL_RCCEx_GetPLL3ClockFreq  stm32h7xx_hal_rcc_ex.o
    0x08003bec   0x08003bec   0x00000cc8   Code   RO          989    i.HAL_RCCEx_PeriphCLKConfig  stm32h7xx_hal_rcc_ex.o
    0x080048b4   0x080048b4   0x00000320   Code   RO          851    i.HAL_RCC_ClockConfig  stm32h7xx_hal_rcc.o
    0x08004bd4   0x08004bd4   0x0000004c   Code   RO          856    i.HAL_RCC_GetHCLKFreq  stm32h7xx_hal_rcc.o
    0x08004c20   0x08004c20   0x00000024   Code   RO          858    i.HAL_RCC_GetPCLK1Freq  stm32h7xx_hal_rcc.o
    0x08004c44   0x08004c44   0x00000024   Code   RO          859    i.HAL_RCC_GetPCLK2Freq  stm32h7xx_hal_rcc.o
    0x08004c68   0x08004c68   0x0000022c   Code   RO          860    i.HAL_RCC_GetSysClockFreq  stm32h7xx_hal_rcc.o
    0x08004e94   0x08004e94   0x0000075c   Code   RO          863    i.HAL_RCC_OscConfig  stm32h7xx_hal_rcc.o
    0x080055f0   0x080055f0   0x00000034   Code   RO          688    i.HAL_SYSTICK_Config  stm32h7xx_hal_cortex.o
    0x08005624   0x08005624   0x00000002   Code   RO         5134    i.HAL_TIMEx_Break2Callback  stm32h7xx_hal_tim_ex.o
    0x08005626   0x08005626   0x00000002   Code   RO         5135    i.HAL_TIMEx_BreakCallback  stm32h7xx_hal_tim_ex.o
    0x08005628   0x08005628   0x00000002   Code   RO         5136    i.HAL_TIMEx_CommutCallback  stm32h7xx_hal_tim_ex.o
    0x0800562a   0x0800562a   0x00000002   PAD
    0x0800562c   0x0800562c   0x000000e4   Code   RO         5157    i.HAL_TIMEx_MasterConfigSynchronization  stm32h7xx_hal_tim_ex.o
    0x08005710   0x08005710   0x0000006e   Code   RO         4288    i.HAL_TIM_Base_Init  stm32h7xx_hal_tim.o
    0x0800577e   0x0800577e   0x00000002   PAD
    0x08005780   0x08005780   0x0000007c   Code   RO          323    i.HAL_TIM_Base_MspInit  tim.o
    0x080057fc   0x080057fc   0x000000cc   Code   RO         4293    i.HAL_TIM_Base_Start_IT  stm32h7xx_hal_tim.o
    0x080058c8   0x080058c8   0x00000134   Code   RO         4297    i.HAL_TIM_ConfigClockSource  stm32h7xx_hal_tim.o
    0x080059fc   0x080059fc   0x00000002   Code   RO         4322    i.HAL_TIM_IC_CaptureCallback  stm32h7xx_hal_tim.o
    0x080059fe   0x080059fe   0x00000198   Code   RO         4336    i.HAL_TIM_IRQHandler  stm32h7xx_hal_tim.o
    0x08005b96   0x08005b96   0x00000002   PAD
    0x08005b98   0x08005b98   0x000000a0   Code   RO          324    i.HAL_TIM_MspPostInit  tim.o
    0x08005c38   0x08005c38   0x00000002   Code   RO         4339    i.HAL_TIM_OC_DelayElapsedCallback  stm32h7xx_hal_tim.o
    0x08005c3a   0x08005c3a   0x00000170   Code   RO         4360    i.HAL_TIM_PWM_ConfigChannel  stm32h7xx_hal_tim.o
    0x08005daa   0x08005daa   0x0000006e   Code   RO         4363    i.HAL_TIM_PWM_Init  stm32h7xx_hal_tim.o
    0x08005e18   0x08005e18   0x00000058   Code   RO          326    i.HAL_TIM_PWM_MspInit  tim.o
    0x08005e70   0x08005e70   0x00000002   Code   RO         4366    i.HAL_TIM_PWM_PulseFinishedCallback  stm32h7xx_hal_tim.o
    0x08005e72   0x08005e72   0x00000002   PAD
    0x08005e74   0x08005e74   0x0000017c   Code   RO         4368    i.HAL_TIM_PWM_Start  stm32h7xx_hal_tim.o
    0x08005ff0   0x08005ff0   0x00000200   Code   RO         6368    i.HAL_TIM_PeriodElapsedCallback  drv_tim.o
    0x080061f0   0x080061f0   0x00000002   Code   RO         4379    i.HAL_TIM_TriggerCallback  stm32h7xx_hal_tim.o
    0x080061f2   0x080061f2   0x0000004e   Code   RO         5980    i.HAL_UARTEx_DisableFifoMode  stm32h7xx_hal_uart_ex.o
    0x08006240   0x08006240   0x00000062   Code   RO         5986    i.HAL_UARTEx_ReceiveToIdle_DMA  stm32h7xx_hal_uart_ex.o
    0x080062a2   0x080062a2   0x00000002   PAD
    0x080062a4   0x080062a4   0x00000238   Code   RO         6704    i.HAL_UARTEx_RxEventCallback  drv_uart.o
    0x080064dc   0x080064dc   0x00000002   Code   RO         5988    i.HAL_UARTEx_RxFifoFullCallback  stm32h7xx_hal_uart_ex.o
    0x080064de   0x080064de   0x0000005e   Code   RO         5989    i.HAL_UARTEx_SetRxFifoThreshold  stm32h7xx_hal_uart_ex.o
    0x0800653c   0x0800653c   0x0000005e   Code   RO         5990    i.HAL_UARTEx_SetTxFifoThreshold  stm32h7xx_hal_uart_ex.o
    0x0800659a   0x0800659a   0x00000002   Code   RO         5992    i.HAL_UARTEx_TxFifoEmptyCallback  stm32h7xx_hal_uart_ex.o
    0x0800659c   0x0800659c   0x00000002   Code   RO         5993    i.HAL_UARTEx_WakeupCallback  stm32h7xx_hal_uart_ex.o
    0x0800659e   0x0800659e   0x00000002   Code   RO         5510    i.HAL_UART_ErrorCallback  stm32h7xx_hal_uart.o
    0x080065a0   0x080065a0   0x00000494   Code   RO         5513    i.HAL_UART_IRQHandler  stm32h7xx_hal_uart.o
    0x08006a34   0x08006a34   0x00000078   Code   RO         5514    i.HAL_UART_Init     stm32h7xx_hal_uart.o
    0x08006aac   0x08006aac   0x00000378   Code   RO          410    i.HAL_UART_MspInit  usart.o
    0x08006e24   0x08006e24   0x00000002   Code   RO         5521    i.HAL_UART_RxCpltCallback  stm32h7xx_hal_uart.o
    0x08006e26   0x08006e26   0x00000002   Code   RO         5522    i.HAL_UART_RxHalfCpltCallback  stm32h7xx_hal_uart.o
    0x08006e28   0x08006e28   0x00000002   Code   RO         5526    i.HAL_UART_TxCpltCallback  stm32h7xx_hal_uart.o
    0x08006e2a   0x08006e2a   0x00000004   Code   RO          478    i.HardFault_Handler  stm32h7xx_it.o
    0x08006e2e   0x08006e2e   0x00000002   PAD
    0x08006e30   0x08006e30   0x00000090   Code   RO          219    i.MX_DMA_Init       dma.o
    0x08006ec0   0x08006ec0   0x0000008c   Code   RO          246    i.MX_FDCAN1_Init    fdcan.o
    0x08006f4c   0x08006f4c   0x0000008c   Code   RO          247    i.MX_FDCAN2_Init    fdcan.o
    0x08006fd8   0x08006fd8   0x0000008c   Code   RO          248    i.MX_FDCAN3_Init    fdcan.o
    0x08007064   0x08007064   0x00000144   Code   RO          194    i.MX_GPIO_Init      gpio.o
    0x080071a8   0x080071a8   0x00000080   Code   RO          327    i.MX_TIM12_Init     tim.o
    0x08007228   0x08007228   0x0000007c   Code   RO          328    i.MX_TIM3_Init      tim.o
    0x080072a4   0x080072a4   0x0000006c   Code   RO          329    i.MX_TIM4_Init      tim.o
    0x08007310   0x08007310   0x00000070   Code   RO          330    i.MX_TIM5_Init      tim.o
    0x08007380   0x08007380   0x00000074   Code   RO          411    i.MX_UART5_Init     usart.o
    0x080073f4   0x080073f4   0x0000006c   Code   RO          412    i.MX_USART10_UART_Init  usart.o
    0x08007460   0x08007460   0x0000006c   Code   RO          413    i.MX_USART1_UART_Init  usart.o
    0x080074cc   0x080074cc   0x00000004   Code   RO          479    i.MemManage_Handler  stm32h7xx_it.o
    0x080074d0   0x080074d0   0x00000004   Code   RO          480    i.NMI_Handler       stm32h7xx_it.o
    0x080074d4   0x080074d4   0x00000002   Code   RO          481    i.PendSV_Handler    stm32h7xx_it.o
    0x080074d6   0x080074d6   0x00000002   Code   RO          482    i.SVC_Handler       stm32h7xx_it.o
    0x080074d8   0x080074d8   0x00000008   Code   RO          483    i.SysTick_Handler   stm32h7xx_it.o
    0x080074e0   0x080074e0   0x000000e0   Code   RO         6122    i.SystemInit        system_stm32h7xx.o
    0x080075c0   0x080075c0   0x00000010   Code   RO          484    i.TIM4_IRQHandler   stm32h7xx_it.o
    0x080075d0   0x080075d0   0x00000010   Code   RO          485    i.TIM5_IRQHandler   stm32h7xx_it.o
    0x080075e0   0x080075e0   0x000000f0   Code   RO         4381    i.TIM_Base_SetConfig  stm32h7xx_hal_tim.o
    0x080076d0   0x080076d0   0x00000022   Code   RO         4382    i.TIM_CCxChannelCmd  stm32h7xx_hal_tim.o
    0x080076f2   0x080076f2   0x00000016   Code   RO         4387    i.TIM_ETR_SetConfig  stm32h7xx_hal_tim.o
    0x08007708   0x08007708   0x000000b4   Code   RO         4388    i.TIM_OC2_SetConfig  stm32h7xx_hal_tim.o
    0x080077bc   0x080077bc   0x000000cc   Code   RO         7534    i.Task_Init         tsk_config_and_callback.o
    0x08007888   0x08007888   0x00000002   Code   RO         7535    i.Task_Loop         tsk_config_and_callback.o
    0x0800788a   0x0800788a   0x00000002   PAD
    0x0800788c   0x0800788c   0x00000010   Code   RO          486    i.UART5_IRQHandler  stm32h7xx_it.o
    0x0800789c   0x0800789c   0x000000f8   Code   RO         5528    i.UART_AdvFeatureConfig  stm32h7xx_hal_uart.o
    0x08007994   0x08007994   0x000000ea   Code   RO         5529    i.UART_CheckIdleState  stm32h7xx_hal_uart.o
    0x08007a7e   0x08007a7e   0x00000002   PAD
    0x08007a80   0x08007a80   0x00000628   Code   RO         5530    i.UART_SetConfig    stm32h7xx_hal_uart.o
    0x080080a8   0x080080a8   0x000000c8   Code   RO         5531    i.UART_Start_Receive_DMA  stm32h7xx_hal_uart.o
    0x08008170   0x08008170   0x000000ac   Code   RO         5533    i.UART_WaitOnFlagUntilTimeout  stm32h7xx_hal_uart.o
    0x0800821c   0x0800821c   0x00000010   Code   RO          487    i.USART10_IRQHandler  stm32h7xx_it.o
    0x0800822c   0x0800822c   0x00000010   Code   RO          488    i.USART1_IRQHandler  stm32h7xx_it.o
    0x0800823c   0x0800823c   0x00000004   Code   RO          489    i.UsageFault_Handler  stm32h7xx_it.o
    0x08008240   0x08008240   0x00000084   Code   RO         7233    i._Z10DWT_Updatev   dvc_dwt.o
    0x080082c4   0x080082c4   0x0000009c   Code   RO         6409    i._Z10FDCAN_InitP19FDCAN_HandleTypeDefPFvP22Struct_FDCAN_Rx_BufferE  drv_can.o
    0x08008360   0x08008360   0x00000018   Code   RO         6575    i._Z11BSP_Set_DC519Enum_BSP_DC5_Status  drv_bsp.o
    0x08008378   0x08008378   0x00000018   Code   RO         6578    i._Z14BSP_Set_DC24_L20Enum_BSP_DC24_Status  drv_bsp.o
    0x08008390   0x08008390   0x00000018   Code   RO         6579    i._Z14BSP_Set_DC24_R20Enum_BSP_DC24_Status  drv_bsp.o
    0x080083a8   0x080083a8   0x00000110   Code   RO         6667    i._Z14GPIO_EXTI_InittPFvvE  drv_gpio_exti.o
    0x080084b8   0x080084b8   0x00000086   Code   RO         6410    i._Z15FDCAN_Send_DataP19FDCAN_HandleTypeDefjPh18Enum_FDCAN_ID_Typeh  drv_can.o
    0x0800853e   0x0800853e   0x00000002   PAD
    0x08008540   0x08008540   0x00000020   Code   RO         6580    i._Z18BSP_Set_PWM_Buzzerf  drv_bsp.o
    0x08008560   0x08008560   0x000000b8   Code   RO           14    i._Z18SystemClock_Configv  main.o
    0x08008618   0x08008618   0x0000001c   Code   RO         7536    i._Z19DR16_UART5_CallbackPht  tsk_config_and_callback.o
    0x08008634   0x08008634   0x00000010   Code   RO         7236    i._Z20DWT_GetCurrentTimeMsv  dvc_dwt.o
    0x08008644   0x08008644   0x00000010   Code   RO         7540    i._Z20GPIO_EXTI10_Callbackv  tsk_config_and_callback.o
    0x08008654   0x08008654   0x00000010   Code   RO         7541    i._Z20GPIO_EXTI11_Callbackv  tsk_config_and_callback.o
    0x08008664   0x08008664   0x00000010   Code   RO         7542    i._Z20GPIO_EXTI12_Callbackv  tsk_config_and_callback.o
    0x08008674   0x08008674   0x00000010   Code   RO         7543    i._Z20GPIO_EXTI14_Callbackv  tsk_config_and_callback.o
    0x08008684   0x08008684   0x00000054   Code   RO         7545    i._Z21Task1ms_TIM5_Callbackv  tsk_config_and_callback.o
    0x080086d8   0x080086d8   0x00000020   Code   RO         6581    i._Z22BSP_Set_PWM_IMU_Heaterf  drv_bsp.o
    0x080086f8   0x080086f8   0x00000060   Code   RO         7546    i._Z22Device_FDCAN1_CallbackP22Struct_FDCAN_Rx_Buffer  tsk_config_and_callback.o
    0x08008758   0x08008758   0x0000007c   Code   RO         7547    i._Z22Device_FDCAN2_CallbackP22Struct_FDCAN_Rx_Buffer  tsk_config_and_callback.o
    0x080087d4   0x080087d4   0x0000006e   Code   RO         7548    i._Z22Device_FDCAN3_CallbackP22Struct_FDCAN_Rx_Buffer  tsk_config_and_callback.o
    0x08008842   0x08008842   0x00000022   Code   RO         6481    i._Z22Math_Endian_Reverse_16PvS_  drv_math.o
    0x08008864   0x08008864   0x00000038   Code   RO         6483    i._Z22Math_Endian_Reverse_32PvS_  drv_math.o
    0x0800889c   0x0800889c   0x00000054   Code   RO         7549    i._Z23Task100us_TIM4_Callbackv  tsk_config_and_callback.o
    0x080088f0   0x080088f0   0x000000a2   Code   RO         6411    i._Z24FDCAN_Filter_Mask_ConfigP19FDCAN_HandleTypeDefhjj  drv_can.o
    0x08008992   0x08008992   0x00000002   PAD
    0x08008994   0x08008994   0x00000058   Code   RO         6582    i._Z8BSP_Initjff    drv_bsp.o
    0x080089ec   0x080089ec   0x00000040   Code   RO         7238    i._Z8DWT_Initv      dvc_dwt.o
    0x08008a2c   0x08008a2c   0x0000017c   Code   RO         6369    i._Z8TIM_InitP17TIM_HandleTypeDefPFvvE  drv_tim.o
    0x08008ba8   0x08008ba8   0x000001c0   Code   RO         6708    i._Z9UART_InitP20__UART_HandleTypeDefPFvPhtEt  drv_uart.o
    0x08008d68   0x08008d68   0x00000006   Code   RO         7421    i._ZN10Class_DR1610Get_Left_XEv  ita_robot.o
    0x08008d6e   0x08008d6e   0x00000006   Code   RO         7427    i._ZN10Class_DR1610Get_Left_YEv  ita_robot.o
    0x08008d74   0x08008d74   0x00000080   Code   RO         7052    i._ZN10Class_DR1612Judge_SwitchEP23Enum_DR16_Switch_Statushh  dvc_dr16.o
    0x08008df4   0x08008df4   0x00000068   Code   RO         7053    i._ZN10Class_DR1612Judge_UpdataE21Struct_DR16_UART_DataS0_  dvc_dr16.o
    0x08008e5c   0x08008e5c   0x00000008   Code   RO         7433    i._ZN10Class_DR1616Get_Right_SwitchEv  ita_robot.o
    0x08008e64   0x08008e64   0x000001f4   Code   RO         7054    i._ZN10Class_DR1617DR16_Data_ProcessEv  dvc_dr16.o
    0x08009058   0x08009058   0x00000024   Code   RO         7056    i._ZN10Class_DR1624DR16_UART_RxCpltCallbackEPh  dvc_dr16.o
    0x0800907c   0x0800907c   0x00000006   Code   RO         7439    i._ZN10Class_DR167Get_YawEv  ita_robot.o
    0x08009082   0x08009082   0x0000003e   Code   RO         7060    i._ZN10Class_DR169Judge_KeyEP20Enum_DR16_Key_Statushh  dvc_dr16.o
    0x080090c0   0x080090c0   0x000001f4   Code   RO         7336    i._ZN13Class_Chariot16_Chassis_ControlEv  ita_robot.o
    0x080092b4   0x080092b4   0x00000012   Code   RO         7337    i._ZN13Class_Chariot20TIM_Control_CallbackEv  ita_robot.o
    0x080092c6   0x080092c6   0x00000022   Code   RO         7338    i._ZN13Class_Chariot23Judge_Active_ControllerEv  ita_robot.o
    0x080092e8   0x080092e8   0x000000c4   Code   RO         7339    i._ZN13Class_Chariot23Judge_DR16_Control_TypeEv  ita_robot.o
    0x080093ac   0x080093ac   0x00000074   Code   RO         7724    i._ZN13Class_Chassis15Steer_Angle_SetEh  crt_chassis.o
    0x08009420   0x08009420   0x0000000a   Code   RO         7415    i._ZN13Class_Chassis16Set_Target_OmegaEf  ita_robot.o
    0x0800942a   0x0800942a   0x0000000a   Code   RO         7403    i._ZN13Class_Chassis21Set_Target_Velocity_XEf  ita_robot.o
    0x08009434   0x08009434   0x0000000a   Code   RO         7409    i._ZN13Class_Chassis21Set_Target_Velocity_YEf  ita_robot.o
    0x0800943e   0x0800943e   0x00000006   Code   RO         7397    i._ZN13Class_Chassis24Set_Chassis_Control_TypeE25Enum_Chassis_Control_Type  ita_robot.o
    0x08009444   0x08009444   0x00000168   Code   RO         7677    i._ZN13Class_ChassisC1Ev  tsk_config_and_callback.o
    0x080095ac   0x080095ac   0x00000056   Code   RO         7734    i._ZN17Class_PMT45_Steer25PMT45_EXTI_Callback_SteerEv  crt_chassis.o
    0x08009602   0x08009602   0x0000001a   Code   RO         7686    i._ZN17Class_PMT45_SteerC1Ev  tsk_config_and_callback.o
    0x0800961c   0x0800961c   0x000000dc   Code   RO         6764    i._ZN18Class_Motor_MKSESC12Data_ProcessEv  dvc_motor_mksesc.o
    0x080096f8   0x080096f8   0x00000014   Code   RO         6765    i._ZN18Class_Motor_MKSESC20FDCAN_RxCpltCallbackEPh  dvc_motor_mksesc.o
    0x0800970c   0x0800970c   0x00000038   Code   RO         7683    i._ZN18Class_Motor_MKSESCC1Ev  tsk_config_and_callback.o
    0x08009744   0x08009744   0x00000068   Code   RO         7300    i._ZN19CAN_PowerController13turn_on_powerEh  dvc_power_dji_a.o
    0x080097ac   0x080097ac   0x00000110   Code   RO         6830    i._ZN20Class_Motor_DJI_C61012Data_ProcessEv  dvc_motor_dji.o
    0x080098bc   0x080098bc   0x00000018   Code   RO         6832    i._ZN20Class_Motor_DJI_C61020FDCAN_RxCpltCallbackEPh  dvc_motor_dji.o
    0x080098d4   0x080098d4   0x0000007c   Code   RO         7680    i._ZN20Class_Motor_DJI_C610C1Ev  tsk_config_and_callback.o
    0x08009950   0x08009950   0x00000274   Code   RO         1687    i._ZN41_INTERNAL_19_stm32h7xx_hal_dma_c_c25f65ec13DMA_SetConfigEP19__DMA_HandleTypeDefjjj  stm32h7xx_hal_dma.o
    0x08009bc4   0x08009bc4   0x000000ae   Code   RO         1688    i._ZN41_INTERNAL_19_stm32h7xx_hal_dma_c_c25f65ec18DMA_CheckFifoParamEP19__DMA_HandleTypeDef  stm32h7xx_hal_dma.o
    0x08009c72   0x08009c72   0x00000002   PAD
    0x08009c74   0x08009c74   0x000000ec   Code   RO         1689    i._ZN41_INTERNAL_19_stm32h7xx_hal_dma_c_c25f65ec23DMA_CalcBaseAndBitshiftEP19__DMA_HandleTypeDef  stm32h7xx_hal_dma.o
    0x08009d60   0x08009d60   0x000000c4   Code   RO         1690    i._ZN41_INTERNAL_19_stm32h7xx_hal_dma_c_c25f65ec32DMA_CalcDMAMUXChannelBaseAndMaskEP19__DMA_HandleTypeDef  stm32h7xx_hal_dma.o
    0x08009e24   0x08009e24   0x00000098   Code   RO         1691    i._ZN41_INTERNAL_19_stm32h7xx_hal_dma_c_c25f65ec35DMA_CalcDMAMUXRequestGenBaseAndMaskEP19__DMA_HandleTypeDef  stm32h7xx_hal_dma.o
    0x08009ebc   0x08009ebc   0x000000ac   Code   RO         4390    i._ZN41_INTERNAL_19_stm32h7xx_hal_tim_c_a9d95b5217TIM_OC1_SetConfigEP11TIM_TypeDefPK18TIM_OC_InitTypeDef  stm32h7xx_hal_tim.o
    0x08009f68   0x08009f68   0x000000b4   Code   RO         4391    i._ZN41_INTERNAL_19_stm32h7xx_hal_tim_c_a9d95b5217TIM_OC3_SetConfigEP11TIM_TypeDefPK18TIM_OC_InitTypeDef  stm32h7xx_hal_tim.o
    0x0800a01c   0x0800a01c   0x00000074   Code   RO         4392    i._ZN41_INTERNAL_19_stm32h7xx_hal_tim_c_a9d95b5217TIM_OC4_SetConfigEP11TIM_TypeDefPK18TIM_OC_InitTypeDef  stm32h7xx_hal_tim.o
    0x0800a090   0x0800a090   0x00000070   Code   RO         4393    i._ZN41_INTERNAL_19_stm32h7xx_hal_tim_c_a9d95b5217TIM_OC5_SetConfigEP11TIM_TypeDefPK18TIM_OC_InitTypeDef  stm32h7xx_hal_tim.o
    0x0800a100   0x0800a100   0x00000070   Code   RO         4394    i._ZN41_INTERNAL_19_stm32h7xx_hal_tim_c_a9d95b5217TIM_OC6_SetConfigEP11TIM_TypeDefPK18TIM_OC_InitTypeDef  stm32h7xx_hal_tim.o
    0x0800a170   0x0800a170   0x00000018   Code   RO         4399    i._ZN41_INTERNAL_19_stm32h7xx_hal_tim_c_a9d95b5218TIM_ITRx_SetConfigEP11TIM_TypeDefj  stm32h7xx_hal_tim.o
    0x0800a188   0x0800a188   0x00000026   Code   RO         4404    i._ZN41_INTERNAL_19_stm32h7xx_hal_tim_c_a9d95b5224TIM_TI1_ConfigInputStageEP11TIM_TypeDefjj  stm32h7xx_hal_tim.o
    0x0800a1ae   0x0800a1ae   0x00000028   Code   RO         4405    i._ZN41_INTERNAL_19_stm32h7xx_hal_tim_c_a9d95b5224TIM_TI2_ConfigInputStageEP11TIM_TypeDefjj  stm32h7xx_hal_tim.o
    0x0800a1d6   0x0800a1d6   0x0000005e   Code   RO         5534    i._ZN42_INTERNAL_20_stm32h7xx_hal_uart_c_574fddf513UART_DMAErrorEP19__DMA_HandleTypeDef  stm32h7xx_hal_uart.o
    0x0800a234   0x0800a234   0x00000026   Code   RO         5539    i._ZN42_INTERNAL_20_stm32h7xx_hal_uart_c_574fddf518UART_DMARxHalfCpltEP19__DMA_HandleTypeDef  stm32h7xx_hal_uart.o
    0x0800a25a   0x0800a25a   0x00000002   PAD
    0x0800a25c   0x0800a25c   0x0000006c   Code   RO         5541    i._ZN42_INTERNAL_20_stm32h7xx_hal_uart_c_574fddf518UART_EndRxTransferEP20__UART_HandleTypeDef  stm32h7xx_hal_uart.o
    0x0800a2c8   0x0800a2c8   0x00000040   Code   RO         5542    i._ZN42_INTERNAL_20_stm32h7xx_hal_uart_c_574fddf518UART_EndTxTransferEP20__UART_HandleTypeDef  stm32h7xx_hal_uart.o
    0x0800a308   0x0800a308   0x000000ae   Code   RO         5543    i._ZN42_INTERNAL_20_stm32h7xx_hal_uart_c_574fddf519UART_DMAReceiveCpltEP19__DMA_HandleTypeDef  stm32h7xx_hal_uart.o
    0x0800a3b6   0x0800a3b6   0x00000030   Code   RO         5544    i._ZN42_INTERNAL_20_stm32h7xx_hal_uart_c_574fddf519UART_EndTransmit_ITEP20__UART_HandleTypeDef  stm32h7xx_hal_uart.o
    0x0800a3e6   0x0800a3e6   0x00000018   Code   RO         5545    i._ZN42_INTERNAL_20_stm32h7xx_hal_uart_c_574fddf520UART_DMAAbortOnErrorEP19__DMA_HandleTypeDef  stm32h7xx_hal_uart.o
    0x0800a3fe   0x0800a3fe   0x00000002   PAD
    0x0800a400   0x0800a400   0x000000d0   Code   RO         3666    i._ZN43_INTERNAL_21_stm32h7xx_hal_fdcan_c_80c832c222FDCAN_CopyMessageToRAMEPK19FDCAN_HandleTypeDefPK21FDCAN_TxHeaderTypeDefPKhj  stm32h7xx_hal_fdcan.o
    0x0800a4d0   0x0800a4d0   0x00000220   Code   RO         3667    i._ZN43_INTERNAL_21_stm32h7xx_hal_fdcan_c_80c832c233FDCAN_CalcultateRamBlockAddressesEP19FDCAN_HandleTypeDef  stm32h7xx_hal_fdcan.o
    0x0800a6f0   0x0800a6f0   0x00000028   Code   RO          690    i._ZN44_INTERNAL_22_stm32h7xx_hal_cortex_c_2992dbc018__NVIC_SetPriorityE9IRQn_Typej  stm32h7xx_hal_cortex.o
    0x0800a718   0x0800a718   0x00000010   Code   RO          691    i._ZN44_INTERNAL_22_stm32h7xx_hal_cortex_c_2992dbc026__NVIC_GetPriorityGroupingEv  stm32h7xx_hal_cortex.o
    0x0800a728   0x0800a728   0x00000164   Code   RO          992    i._ZN44_INTERNAL_22_stm32h7xx_hal_rcc_ex_c_bed13b4417RCCEx_PLL2_ConfigEP19RCC_PLL2InitTypeDefj  stm32h7xx_hal_rcc_ex.o
    0x0800a88c   0x0800a88c   0x00000164   Code   RO          993    i._ZN44_INTERNAL_22_stm32h7xx_hal_rcc_ex_c_bed13b4417RCCEx_PLL3_ConfigEP19RCC_PLL3InitTypeDefj  stm32h7xx_hal_rcc_ex.o
    0x0800a9f0   0x0800a9f0   0x00000058   Code   RO         5994    i._ZN45_INTERNAL_23_stm32h7xx_hal_uart_ex_c_83a37df425UARTEx_SetNbDataToProcessEP20__UART_HandleTypeDef  stm32h7xx_hal_uart_ex.o
    0x0800aa48   0x0800aa48   0x00000090   Code   RO         7674    i._ZN9Class_PIDC1Ev  tsk_config_and_callback.o
    0x0800aad8   0x0800aad8   0x00000018   Code   RO         7445    i._ZSt4sqrtf        ita_robot.o
    0x0800aaf0   0x0800aaf0   0x00000024   Code   RO         8029    i.__aeabi_vec_ctor_nocookie_nodtor  cpprt_w.l(aeabi_vec_ctor_nocookie_nodtor.o)
    0x0800ab14   0x0800ab14   0x0000003a   Code   RO         8058    i.__hardfp_sqrtf    m_wv.l(sqrtf.o)
    0x0800ab4e   0x0800ab4e   0x00000002   PAD
    0x0800ab50   0x0800ab50   0x00000060   Code   RO         7551    i.__sti___27_tsk_config_and_callback_cpp_chariot  tsk_config_and_callback.o
    0x0800abb0   0x0800abb0   0x00000044   Code   RO           15    i.main              main.o
    0x0800abf4   0x0800abf4   0x00000018   Code   RO         6268    t._Z8Math_AbsIfET_S0_  alg_pid.o
    0x0800ac0c   0x0800ac0c   0x00000060   Code   RO         8032    x$fpl$ffltll        fz_wv.l(ffltll_clz.o)
    0x0800ac6c   0x0800ac6c   0x0000000a   Code   RO         8173    x$fpl$fpinit        fz_wv.l(fpinit.o)
    0x0800ac76   0x0800ac76   0x00000000   Code   RO         8127    x$fpl$usenofp       fz_wv.l(usenofp.o)
    0x0800ac76   0x0800ac76   0x00000008   Data   RO         1709    .constdata          stm32h7xx_hal_dma.o
    0x0800ac7e   0x0800ac7e   0x00000002   PAD
    0x0800ac80   0x0800ac80   0x0000005c   Data   RO         3768    .constdata          stm32h7xx_hal_fdcan.o
    0x0800acdc   0x0800acdc   0x00000018   Data   RO         5625    .constdata          stm32h7xx_hal_uart.o
    0x0800acf4   0x0800acf4   0x00000010   Data   RO         6014    .constdata          stm32h7xx_hal_uart_ex.o
    0x0800ad04   0x0800ad04   0x00000010   Data   RO         6125    .constdata          system_stm32h7xx.o
    0x0800ad14   0x0800ad14   0x00000064   Data   RO         7571    .constdata          tsk_config_and_callback.o
    0x0800ad78   0x0800ad78   0x00000020   Data   RO         8390    Region$$Table       anon$$obj.o
    0x0800ad98   0x0800ad98   0x00000004   Data   RO         7573    .init_array         tsk_config_and_callback.o
    0x0800ad9c   0x0800ad98   0x00000000   Data   RO         8024    .init_array         c_w.l(init_aeabi.o)


    Execution Region RW_IRAM1 (Exec base: 0x20000000, Load base: 0x0800ad9c, Size: 0x00000000, Max: 0x00020000, ABSOLUTE)

    **** No section assigned to this execution region ****


    Execution Region RW_IRAM2 (Exec base: 0x24000000, Load base: 0x0800ad9c, Size: 0x00002c70, Max: 0x00060000, ABSOLUTE, COMPRESSED[0x00000010])

    Exec Addr    Load Addr    Size         Type   Attr      Idx    E Section Name        Object

    0x24000000   COMPRESSED   0x00000004   Data   RW          255    .data               fdcan.o
    0x24000004   COMPRESSED   0x00000009   Data   RW         2580    .data               stm32h7xx_hal.o
    0x2400000d   COMPRESSED   0x00000003   PAD
    0x24000010   COMPRESSED   0x00000008   Data   RW         6126    .data               system_stm32h7xx.o
    0x24000018   COMPRESSED   0x00000080   Data   RW         6372    .data               drv_tim.o
    0x24000098   COMPRESSED   0x00000080   Data   RW         6670    .data               drv_gpio_exti.o
    0x24000118   COMPRESSED   0x0000000c   Data   RW         7246    .data               dvc_dwt.o
    0x24000124   COMPRESSED   0x00000002   Data   RW         7304    .data               dvc_power_dji_a.o
    0x24000126   COMPRESSED   0x00000002   PAD
    0x24000128   COMPRESSED   0x00000008   Data   RW         7352    .data               ita_robot.o
    0x24000130   COMPRESSED   0x00000013   Data   RW         7572    .data               tsk_config_and_callback.o
    0x24000143   COMPRESSED   0x00000001   PAD
    0x24000144        -       0x000001e0   Zero   RW          254    .bss                fdcan.o
    0x24000324        -       0x00000130   Zero   RW          340    .bss                tim.o
    0x24000454        -       0x00000414   Zero   RW          419    .bss                usart.o
    0x24000868        -       0x000000a8   Zero   RW         6419    .bss                drv_can.o
    0x24000910        -       0x00001478   Zero   RW         6714    .bss                drv_uart.o
    0x24001d88        -       0x0000000c   Zero   RW         7245    .bss                dvc_dwt.o
    0x24001d94        -       0x0000087c   Zero   RW         7570    .bss                tsk_config_and_callback.o
    0x24002610        -       0x00000060   Zero   RW         8176    .bss                c_w.l(libspace.o)
    0x24002670        -       0x00000200   Zero   RW            2    HEAP                startup_stm32h723xx.o
    0x24002870        -       0x00000400   Zero   RW            1    STACK               startup_stm32h723xx.o


==============================================================================

Image component sizes


      Code (inc. data)   RO Data    RW Data    ZI Data      Debug   Object Name

        24          0          0          0          0     127476   alg_pid.o
       202          0          0          0          0      19396   crt_chassis.o
       144          6          0          0          0        974   dma.o
       224         44          0          0          0       4104   drv_bsp.o
       764         82          0          0        168       6477   drv_can.o
       548        130          0        128          0       3282   drv_gpio_exti.o
        90          0          0          0          0       1918   drv_math.o
       892        252          0        128          0       3602   drv_tim.o
      1016        162          0          0       5240       3645   drv_uart.o
       830          4          0          0          0     938903   dvc_dr16.o
       212         42          0         12         12       2336   dvc_dwt.o
       296         12          0          0          0      11536   dvc_motor_dji.o
       240         18          0          0          0       8969   dvc_motor_mksesc.o
       104         14          0          2          0       1714   dvc_power_dji_a.o
       928         60          0          4        480       3541   fdcan.o
       324         14          0          0          0       1239   gpio.o
       834         14          0          8          0      39693   ita_robot.o
       258          6          0          0          0    1214688   main.o
        64         26        716          0       1536        832   startup_stm32h723xx.o
       220         44          0          9          0      23001   stm32h7xx_hal.o
       310         22          0          0          0      39991   stm32h7xx_hal_cortex.o
      8650        164          8          0          0      13374   stm32h7xx_hal_dma.o
      3582         54         92          0          0      22508   stm32h7xx_hal_fdcan.o
       552         54          0          0          0       3534   stm32h7xx_hal_gpio.o
        36          4          0          0          0        962   stm32h7xx_hal_msp.o
        96          6          0          0          0        765   stm32h7xx_hal_pwr_ex.o
      3388        110          0          0          0       6904   stm32h7xx_hal_rcc.o
      5140        112          0          0          0       7317   stm32h7xx_hal_rcc_ex.o
      3166        302          0          0          0      17642   stm32h7xx_hal_tim.o
       234         38          0          0          0       3300   stm32h7xx_hal_tim_ex.o
      4280        168         24          0          0      34848   stm32h7xx_hal_uart.o
       458         10         16          0          0       6449   stm32h7xx_hal_uart_ex.o
       262         72          0          0          0      10527   stm32h7xx_it.o
       224         32         16          8          0       1414   system_stm32h7xx.o
       844         76          0          0        304       5139   tim.o
      1602        258        104         19       2172      20294   tsk_config_and_callback.o
      1220         96          0          0       1044       3884   usart.o

    ----------------------------------------------------------------------
     42294       2508       1010        324      10956    2616178   Object Totals
         0          0         32          0          0          0   (incl. Generated)
        36          0          2          6          0          0   (incl. Padding)

    ----------------------------------------------------------------------

      Code (inc. data)   RO Data    RW Data    ZI Data      Debug   Library Member Name

        58          0          0          0          0          0   __dczerorl.o
         8          0          0          0          0         68   __main.o
         0          0          0          0          0          0   __rtentry.o
        12          0          0          0          0          0   __rtentry2.o
         6          0          0          0          0          0   __rtentry4.o
        52          8          0          0          0          0   __scatter.o
        28          0          0          0          0          0   __scatter_zi.o
        22          0          0          0          0        100   _rserrno.o
        18          0          0          0          0         80   exit.o
         6          0          0          0          0        152   heapauxi.o
         0          0          0          0          0          0   indicate_semi.o
        36         10          0          0          0         80   init_aeabi.o
         2          0          0          0          0          0   libinit.o
        10          0          0          0          0          0   libinit2.o
         2          0          0          0          0          0   libshutdown.o
         2          0          0          0          0          0   libshutdown2.o
         8          4          0          0         96         68   libspace.o
       238          0          0          0          0        100   lludivv7m.o
         8          4          0          0          0         68   rt_errno_addr_intlibspace.o
        78          0          0          0          0         80   rt_memclr_w.o
       138          0          0          0          0         68   rt_memcpy_v6.o
       100          0          0          0          0         80   rt_memcpy_w.o
         2          0          0          0          0          0   rtexit.o
        10          0          0          0          0          0   rtexit2.o
        12          4          0          0          0         68   sys_exit.o
        74          0          0          0          0         80   sys_stackheap_outer.o
         2          0          0          0          0         68   use_no_semi.o
        36          0          0          0          0         84   aeabi_vec_ctor_nocookie_nodtor.o
        96          0          0          0          0        132   ffltll_clz.o
        10          0          0          0          0        116   fpinit.o
         0          0          0          0          0          0   usenofp.o
        58          0          0          0          0        136   sqrtf.o

    ----------------------------------------------------------------------
      1140         30          0          0         96       1628   Library Totals
         8          0          0          0          0          0   (incl. Padding)

    ----------------------------------------------------------------------

      Code (inc. data)   RO Data    RW Data    ZI Data      Debug   Library Name

       932         30          0          0         96       1160   c_w.l
        36          0          0          0          0         84   cpprt_w.l
       106          0          0          0          0        248   fz_wv.l
        58          0          0          0          0        136   m_wv.l

    ----------------------------------------------------------------------
      1140         30          0          0         96       1628   Library Totals

    ----------------------------------------------------------------------

==============================================================================


      Code (inc. data)   RO Data    RW Data    ZI Data      Debug   

     43434       2538       1010        324      11052    2595434   Grand Totals
     43434       2538       1010         16      11052    2595434   ELF Image Totals (compressed)
     43434       2538       1010         16          0          0   ROM Totals

==============================================================================

    Total RO  Size (Code + RO Data)                44444 (  43.40kB)
    Total RW  Size (RW Data + ZI Data)             11376 (  11.11kB)
    Total ROM Size (Code + RO Data + RW Data)      44460 (  43.42kB)

==============================================================================

